2026-08-17 21:54:36,364 INFO o.a.j.u.JMeterUtils: Setting Locale to en_EN
2026-08-17 21:54:36,397 INFO o.a.j.JMeter: Loading user properties from: C:\Users\HP\scoop\apps\jmeter\current\bin\user.properties
2026-08-17 21:54:36,399 INFO o.a.j.JMeter: Loading system properties from: C:\Users\HP\scoop\apps\jmeter\current\bin\system.properties
2026-08-17 21:54:36,400 INFO o.a.j.JMeter: Setting JMeter property: data.dir=D:/Sem_9_25_26/Kiem_Thu_Phan_Mem/homework/software__testing/HW05/data
2026-08-17 21:54:36,410 INFO o.a.j.JMeter: Copyright (c) 1998-2024 The Apache Software Foundation
2026-08-17 21:54:36,410 INFO o.a.j.JMeter: Version 5.6.3
2026-08-17 21:54:36,410 INFO o.a.j.JMeter: java.version=21.0.12
2026-08-17 21:54:36,411 INFO o.a.j.JMeter: java.vm.name=OpenJDK 64-Bit Server VM
2026-08-17 21:54:36,411 INFO o.a.j.JMeter: os.name=Windows 11
2026-08-17 21:54:36,411 INFO o.a.j.JMeter: os.arch=amd64
2026-08-17 21:54:36,411 INFO o.a.j.JMeter: os.version=10.0
2026-08-17 21:54:36,411 INFO o.a.j.JMeter: file.encoding=UTF-8
2026-08-17 21:54:36,411 INFO o.a.j.JMeter: java.awt.headless=true
2026-08-17 21:54:36,411 INFO o.a.j.JMeter: Max memory     =1073741824
2026-08-17 21:54:36,411 INFO o.a.j.JMeter: Available Processors =8
2026-08-17 21:54:36,426 INFO o.a.j.JMeter: Default Locale=English (EN)
2026-08-17 21:54:36,427 INFO o.a.j.JMeter: JMeter  Locale=English (EN)
2026-08-17 21:54:36,427 INFO o.a.j.JMeter: JMeterHome=C:\Users\HP\scoop\apps\jmeter\current
2026-08-17 21:54:36,427 INFO o.a.j.JMeter: user.dir  =D:\Sem_9_25_26\Kiem_Thu_Phan_Mem\homework\software__testing\HW05
2026-08-17 21:54:36,427 INFO o.a.j.JMeter: PWD       =D:\Sem_9_25_26\Kiem_Thu_Phan_Mem\homework\software__testing\HW05
2026-08-17 21:54:36,433 INFO o.a.j.JMeter: IP: 192.168.100.82 Name: KieuDuyen FullName: KieuDuyen.lan
2026-08-17 21:54:36,454 INFO o.a.j.JMeter: Setting property 'jmeter.reportgenerator.outputdir' to:'D:\Sem_9_25_26\Kiem_Thu_Phan_Mem\homework\software__testing\HW05\evidence\pilot-runs\23127184_Load_20260817PILOT_20260817-215433\report'
2026-08-17 21:54:36,461 INFO o.a.j.s.FileServer: Default base='D:\Sem_9_25_26\Kiem_Thu_Phan_Mem\homework\software__testing\HW05'
2026-08-17 21:54:36,463 INFO o.a.j.s.FileServer: Set new base='D:\Sem_9_25_26\Kiem_Thu_Phan_Mem\homework\software__testing\HW05\evidence\pilot'
2026-08-17 21:54:36,755 INFO o.a.j.s.SaveService: Testplan (JMX) version: 2.2. Testlog (JTL) version: 2.2
2026-08-17 21:54:36,825 INFO o.a.j.s.SaveService: Using SaveService properties version 5.0
2026-08-17 21:54:36,834 INFO o.a.j.s.SaveService: Using SaveService properties file encoding UTF-8
2026-08-17 21:54:36,841 INFO o.a.j.s.SaveService: Loading file: evidence\pilot\23127184_Load_20260817PILOT.jmx
2026-08-17 21:54:36,972 INFO o.a.j.p.h.s.HTTPSamplerBase: Parser for text/html is org.apache.jmeter.protocol.http.parser.LagartoBasedHtmlParser
2026-08-17 21:54:36,972 INFO o.a.j.p.h.s.HTTPSamplerBase: Parser for application/xhtml+xml is org.apache.jmeter.protocol.http.parser.LagartoBasedHtmlParser
2026-08-17 21:54:36,974 INFO o.a.j.p.h.s.HTTPSamplerBase: Parser for application/xml is org.apache.jmeter.protocol.http.parser.LagartoBasedHtmlParser
2026-08-17 21:54:36,974 INFO o.a.j.p.h.s.HTTPSamplerBase: Parser for text/xml is org.apache.jmeter.protocol.http.parser.LagartoBasedHtmlParser
2026-08-17 21:54:36,974 INFO o.a.j.p.h.s.HTTPSamplerBase: Parser for text/vnd.wap.wml is org.apache.jmeter.protocol.http.parser.RegexpHTMLParser
2026-08-17 21:54:36,974 INFO o.a.j.p.h.s.HTTPSamplerBase: Parser for text/css is org.apache.jmeter.protocol.http.parser.CssParser
2026-08-17 21:54:37,016 INFO o.a.j.JMeter: Creating summariser <summary>
2026-08-17 21:54:37,026 INFO o.a.j.r.d.ReportGenerator: ReportGenerator will use for Parsing the separator: ','
2026-08-17 21:54:37,026 INFO o.a.j.r.d.ReportGenerator: Will generate report at end of test from  results file: evidence\pilot-runs\23127184_Load_20260817PILOT_20260817-215433\result.jtl
2026-08-17 21:54:37,026 INFO o.a.j.r.d.ReportGenerator: Reading report generator properties from: C:\Users\HP\scoop\apps\jmeter\current\bin\reportgenerator.properties
2026-08-17 21:54:37,042 INFO o.a.j.r.d.ReportGenerator: Merging with JMeter properties
2026-08-17 21:54:37,047 INFO o.a.j.r.c.ReportGeneratorConfiguration: Property 'jmeter.reportgenerator.temp_dir' not found, using default value 'temp' instead.
2026-08-17 21:54:37,049 INFO o.a.j.r.c.ReportGeneratorConfiguration: Property 'jmeter.reportgenerator.apdex_per_transaction' not found, using default value 'null' instead.
2026-08-17 21:54:37,050 INFO o.a.j.r.c.ReportGeneratorConfiguration: apdex_per_transaction is empty, not APDEX per transaction customization
2026-08-17 21:54:37,050 INFO o.a.j.r.c.ReportGeneratorConfiguration: Property 'jmeter.reportgenerator.sample_filter' not found, using default value 'null' instead.
2026-08-17 21:54:37,050 INFO o.a.j.r.c.ReportGeneratorConfiguration: Property 'jmeter.reportgenerator.report_title' not found, using default value 'null' instead.
2026-08-17 21:54:37,050 INFO o.a.j.r.c.ReportGeneratorConfiguration: Property 'jmeter.reportgenerator.start_date' not found, using default value 'null' instead.
2026-08-17 21:54:37,050 INFO o.a.j.r.c.ReportGeneratorConfiguration: Property 'jmeter.reportgenerator.end_date' not found, using default value 'null' instead.
2026-08-17 21:54:37,050 INFO o.a.j.r.c.ReportGeneratorConfiguration: Property 'jmeter.reportgenerator.date_format' not found, using default value 'null' instead.
2026-08-17 21:54:37,050 INFO o.a.j.r.c.ReportGeneratorConfiguration: Will use date range start date: null, end date: null
2026-08-17 21:54:37,055 INFO o.a.j.r.c.ReportGeneratorConfiguration: Property 'jmeter.reportgenerator.graph.totalTPS.exclude_controllers' not found, using default value 'false' instead.
2026-08-17 21:54:37,055 INFO o.a.j.r.c.ReportGeneratorConfiguration: Property 'jmeter.reportgenerator.graph.activeThreadsOverTime.exclude_controllers' not found, using default value 'false' instead.
2026-08-17 21:54:37,055 INFO o.a.j.r.c.ReportGeneratorConfiguration: Property 'jmeter.reportgenerator.graph.timeVsThreads.exclude_controllers' not found, using default value 'false' instead.
2026-08-17 21:54:37,056 INFO o.a.j.r.c.ReportGeneratorConfiguration: Property 'jmeter.reportgenerator.graph.responseTimeDistribution.exclude_controllers' not found, using default value 'false' instead.
2026-08-17 21:54:37,056 INFO o.a.j.r.c.ReportGeneratorConfiguration: Property 'jmeter.reportgenerator.graph.transactionsPerSecond.exclude_controllers' not found, using default value 'false' instead.
2026-08-17 21:54:37,056 INFO o.a.j.r.c.ReportGeneratorConfiguration: Property 'jmeter.reportgenerator.graph.responseTimePercentiles.exclude_controllers' not found, using default value 'false' instead.
2026-08-17 21:54:37,057 INFO o.a.j.r.c.ReportGeneratorConfiguration: Property 'jmeter.reportgenerator.graph.responseTimePercentilesOverTime.exclude_controllers' not found, using default value 'false' instead.
2026-08-17 21:54:37,057 INFO o.a.j.r.c.ReportGeneratorConfiguration: Property 'jmeter.reportgenerator.graph.responseTimesOverTime.exclude_controllers' not found, using default value 'false' instead.
2026-08-17 21:54:37,057 INFO o.a.j.r.c.ReportGeneratorConfiguration: Property 'jmeter.reportgenerator.graph.connectTimeOverTime.exclude_controllers' not found, using default value 'false' instead.
2026-08-17 21:54:37,057 INFO o.a.j.r.c.ReportGeneratorConfiguration: Property 'jmeter.reportgenerator.graph.latenciesOverTime.exclude_controllers' not found, using default value 'false' instead.
2026-08-17 21:54:37,059 INFO o.a.j.r.c.ReportGeneratorConfiguration: Property 'jmeter.reportgenerator.exporter.json.filters_only_sample_series' not found, using default value 'true' instead.
2026-08-17 21:54:37,061 INFO o.a.j.r.c.ReportGeneratorConfiguration: Property 'jmeter.reportgenerator.exporter.json.series_filter' not found, using default value '' instead.
2026-08-17 21:54:37,061 INFO o.a.j.r.c.ReportGeneratorConfiguration: Property 'jmeter.reportgenerator.exporter.json.show_controllers_only' not found, using default value 'false' instead.
2026-08-17 21:54:37,061 INFO o.a.j.r.c.ReportGeneratorConfiguration: Property 'jmeter.reportgenerator.exporter.html.filters_only_sample_series' not found, using default value 'true' instead.
2026-08-17 21:54:37,061 INFO o.a.j.r.c.ReportGeneratorConfiguration: Property 'jmeter.reportgenerator.exporter.html.series_filter' not found, using default value '' instead.
2026-08-17 21:54:37,061 INFO o.a.j.r.c.ReportGeneratorConfiguration: Property 'jmeter.reportgenerator.exporter.html.show_controllers_only' not found, using default value 'false' instead.
2026-08-17 21:54:37,079 INFO o.a.j.e.StandardJMeterEngine: Running the test!
2026-08-17 21:54:37,079 INFO o.a.j.s.SampleEvent: List of sample_variables: []
2026-08-17 21:54:37,080 INFO o.a.j.s.SampleEvent: List of sample_variables: []
2026-08-17 21:54:37,087 INFO o.a.j.e.u.CompoundVariable: Note: Function class names must contain the string: '.functions.'
2026-08-17 21:54:37,087 INFO o.a.j.e.u.CompoundVariable: Note: Function class names must not contain the string: '.gui.'
2026-08-17 21:54:37,271 INFO o.a.j.r.ClassFinder: Will scan jar C:\Users\HP\scoop\apps\jmeter\current\lib\ext\jmeter-plugins-manager-1.12.jar with filter ExtendsClassFilter [parents=[interface org.apache.jmeter.functions.Function], inner=false, contains=null, notContains=null]. Consider exposing JMeter plugins via META-INF/services, and add JMeter-Skip-Class-Scanning=true manifest attribute so JMeter can skip classfile scanning
2026-08-17 21:54:37,516 INFO o.a.j.JMeter: Running test (1786978477516)
2026-08-17 21:54:37,541 INFO o.a.j.e.StandardJMeterEngine: Starting ThreadGroup: 1 : TG Load (2 VU)
2026-08-17 21:54:37,542 INFO o.a.j.e.StandardJMeterEngine: Starting 2 threads for group TG Load (2 VU).
2026-08-17 21:54:37,542 INFO o.a.j.e.StandardJMeterEngine: Thread will continue on error
2026-08-17 21:54:37,542 INFO o.a.j.t.ThreadGroup: Starting thread group... number=1 threads=2 ramp-up=2 delayedStart=false
2026-08-17 21:54:37,557 INFO o.a.j.t.ThreadGroup: Started thread group number 1
2026-08-17 21:54:37,557 INFO o.a.j.e.StandardJMeterEngine: All thread groups have been started
2026-08-17 21:54:37,561 INFO o.a.j.s.SampleResult: Note: Sample TimeStamps are START times
2026-08-17 21:54:37,561 INFO o.a.j.s.SampleResult: sampleresult.default.encoding is set to UTF-8
2026-08-17 21:54:37,561 INFO o.a.j.s.SampleResult: sampleresult.useNanoTime=true
2026-08-17 21:54:37,561 INFO o.a.j.s.SampleResult: sampleresult.nanoThreadSleep=5000
2026-08-17 21:54:37,765 INFO o.a.j.t.JMeterThread: Thread started: TG Load (2 VU) 1-1
2026-08-17 21:54:37,766 INFO o.a.j.s.FileServer: Stored: D:/Sem_9_25_26/Kiem_Thu_Phan_Mem/homework/software__testing/HW05/data/order_payloads.csv
2026-08-17 21:54:37,796 INFO o.a.j.s.FileServer: Stored: D:/Sem_9_25_26/Kiem_Thu_Phan_Mem/homework/software__testing/HW05/data/search_keywords.csv
2026-08-17 21:54:37,798 INFO o.a.j.s.FileServer: Stored: D:/Sem_9_25_26/Kiem_Thu_Phan_Mem/homework/software__testing/HW05/data/credentials.csv
2026-08-17 21:54:38,453 INFO o.a.j.p.h.s.HTTPHCAbstractImpl: Local host = KieuDuyen
2026-08-17 21:54:38,467 INFO o.a.j.p.h.s.HTTPHC4Impl: HTTP request retry count = 0
2026-08-17 21:54:38,768 INFO o.a.j.t.JMeterThread: Thread started: TG Load (2 VU) 1-2
2026-08-17 21:54:41,183 INFO o.a.j.u.JsseSSLManager: Using default SSL protocol: TLS
2026-08-17 21:54:41,184 INFO o.a.j.u.JsseSSLManager: SSL session context: per-thread
2026-08-17 21:55:00,351 INFO o.a.j.r.Summariser: summary +     87 in 00:00:23 =    3.8/s Avg:     5 Min:     1 Max:    74 Err:     0 (0.00%) Active: 2 Started: 2 Finished: 0
2026-08-17 21:55:07,160 INFO o.a.j.t.JMeterThread: Thread finished: TG Load (2 VU) 1-1
2026-08-17 21:55:07,504 INFO o.a.j.t.JMeterThread: Thread finished: TG Load (2 VU) 1-2
2026-08-17 21:55:07,505 INFO o.a.j.e.StandardJMeterEngine: Notifying test listeners of end of test
2026-08-17 21:55:07,505 INFO o.a.j.s.FileServer: Close: D:/Sem_9_25_26/Kiem_Thu_Phan_Mem/homework/software__testing/HW05/data/search_keywords.csv
2026-08-17 21:55:07,508 INFO o.a.j.s.FileServer: Close: D:/Sem_9_25_26/Kiem_Thu_Phan_Mem/homework/software__testing/HW05/data/order_payloads.csv
2026-08-17 21:55:07,508 INFO o.a.j.s.FileServer: Close: D:/Sem_9_25_26/Kiem_Thu_Phan_Mem/homework/software__testing/HW05/data/credentials.csv
2026-08-17 21:55:07,510 INFO o.a.j.r.Summariser: summary +     30 in 00:00:07 =    4.2/s Avg:     6 Min:     1 Max:    24 Err:     0 (0.00%) Active: 0 Started: 2 Finished: 2
2026-08-17 21:55:07,511 INFO o.a.j.r.Summariser: summary =    117 in 00:00:30 =    3.9/s Avg:     5 Min:     1 Max:    74 Err:     0 (0.00%)
2026-08-17 21:55:07,513 INFO o.a.j.JMeter: Generating Dashboard
2026-08-17 21:55:07,513 INFO o.a.j.r.d.ReportGenerator: Flushing result collector before report Generation
2026-08-17 21:55:07,554 INFO o.a.j.r.p.NormalizerSampleConsumer: Using format, 'ms', to parse timeStamp field
2026-08-17 21:55:07,793 INFO o.a.j.r.p.AbstractSampleConsumer: class org.apache.jmeter.report.processor.AggregateConsumer#stopProducing(): beginDate produced 0 samples
2026-08-17 21:55:07,793 INFO o.a.j.r.p.AbstractSampleConsumer: class org.apache.jmeter.report.processor.AggregateConsumer#stopProducing(): endDate produced 0 samples
2026-08-17 21:55:07,796 INFO o.a.j.r.p.AbstractSampleConsumer: class org.apache.jmeter.report.processor.ApdexSummaryConsumer#stopProducing(): apdexSummary produced 0 samples
2026-08-17 21:55:07,796 INFO o.a.j.r.p.AbstractSampleConsumer: class org.apache.jmeter.report.processor.RequestsSummaryConsumer#stopProducing(): requestsSummary produced 0 samples
2026-08-17 21:55:07,800 INFO o.a.j.r.p.AbstractSampleConsumer: class org.apache.jmeter.report.processor.StatisticsSummaryConsumer#stopProducing(): statisticsSummary produced 0 samples
2026-08-17 21:55:07,802 INFO o.a.j.r.p.AbstractSampleConsumer: class org.apache.jmeter.report.processor.Top5ErrorsBySamplerConsumer#stopProducing(): top5ErrorsBySampler produced 0 samples
2026-08-17 21:55:07,803 INFO o.a.j.r.p.AbstractSampleConsumer: class org.apache.jmeter.report.processor.ErrorsSummaryConsumer#stopProducing(): errorsSummary produced 0 samples
2026-08-17 21:55:07,803 INFO o.a.j.r.p.AbstractSampleConsumer: class org.apache.jmeter.report.processor.graph.impl.HitsPerSecondGraphConsumer#stopProducing(): hitsPerSecond produced 0 samples
2026-08-17 21:55:07,853 INFO o.a.j.r.p.AbstractSampleConsumer: class org.apache.jmeter.report.processor.graph.impl.LatencyVSRequestGraphConsumer#stopProducing(): latencyVsRequest produced 0 samples
2026-08-17 21:55:07,855 INFO o.a.j.r.p.AbstractSampleConsumer: class org.apache.jmeter.report.processor.graph.impl.SyntheticResponseTimeDistributionGraphConsumer#stopProducing(): syntheticResponseTimeDistribution produced 0 samples
2026-08-17 21:55:07,855 INFO o.a.j.r.p.AbstractSampleConsumer: class org.apache.jmeter.report.processor.graph.impl.BytesThroughputGraphConsumer#stopProducing(): bytesThroughputOverTime produced 0 samples
2026-08-17 21:55:07,855 INFO o.a.j.r.p.AbstractSampleConsumer: class org.apache.jmeter.report.processor.graph.impl.CodesPerSecondGraphConsumer#stopProducing(): codesPerSecond produced 0 samples
2026-08-17 21:55:07,895 INFO o.a.j.r.p.AbstractSampleConsumer: class org.apache.jmeter.report.processor.graph.impl.ResponseTimeVSRequestGraphConsumer#stopProducing(): responseTimeVsRequest produced 0 samples
2026-08-17 21:55:07,896 INFO o.a.j.r.p.AbstractSampleConsumer: class org.apache.jmeter.report.processor.FilterConsumer#stopProducing(): startIntervalControlerFilter produced 819 samples
2026-08-17 21:55:07,896 INFO o.a.j.r.p.AbstractSampleConsumer: class org.apache.jmeter.report.processor.graph.impl.TotalTPSGraphConsumer#stopProducing(): totalTPS produced 0 samples
2026-08-17 21:55:07,896 INFO o.a.j.r.p.AbstractSampleConsumer: class org.apache.jmeter.report.processor.graph.impl.ActiveThreadsGraphConsumer#stopProducing(): activeThreadsOverTime produced 0 samples
2026-08-17 21:55:07,897 INFO o.a.j.r.p.AbstractSampleConsumer: class org.apache.jmeter.report.processor.graph.impl.TimeVSThreadGraphConsumer#stopProducing(): timeVsThreads produced 0 samples
2026-08-17 21:55:07,897 INFO o.a.j.r.p.AbstractSampleConsumer: class org.apache.jmeter.report.processor.graph.impl.ResponseTimeDistributionGraphConsumer#stopProducing(): responseTimeDistribution produced 0 samples
2026-08-17 21:55:07,897 INFO o.a.j.r.p.AbstractSampleConsumer: class org.apache.jmeter.report.processor.graph.impl.TransactionsPerSecondGraphConsumer#stopProducing(): transactionsPerSecond produced 0 samples
2026-08-17 21:55:07,897 INFO o.a.j.r.p.AbstractSampleConsumer: class org.apache.jmeter.report.processor.graph.impl.ResponseTimePercentilesGraphConsumer#stopProducing(): responseTimePercentiles produced 0 samples
2026-08-17 21:55:07,901 INFO o.a.j.r.p.AbstractSampleConsumer: class org.apache.jmeter.report.processor.graph.impl.ResponseTimePercentilesOverTimeGraphConsumer#stopProducing(): responseTimePercentilesOverTime produced 0 samples
2026-08-17 21:55:07,902 INFO o.a.j.r.p.AbstractSampleConsumer: class org.apache.jmeter.report.processor.graph.impl.ResponseTimeOverTimeGraphConsumer#stopProducing(): responseTimesOverTime produced 0 samples
2026-08-17 21:55:07,902 INFO o.a.j.r.p.AbstractSampleConsumer: class org.apache.jmeter.report.processor.graph.impl.ConnectTimeOverTimeGraphConsumer#stopProducing(): connectTimeOverTime produced 0 samples
2026-08-17 21:55:07,902 INFO o.a.j.r.p.AbstractSampleConsumer: class org.apache.jmeter.report.processor.graph.impl.LatencyOverTimeGraphConsumer#stopProducing(): latenciesOverTime produced 0 samples
2026-08-17 21:55:07,902 INFO o.a.j.r.p.AbstractSampleConsumer: class org.apache.jmeter.report.processor.FilterConsumer#stopProducing(): nameFilter produced 2100 samples
2026-08-17 21:55:07,902 INFO o.a.j.r.p.AbstractSampleConsumer: class org.apache.jmeter.report.processor.FilterConsumer#stopProducing(): dateRangeFilter produced 420 samples
2026-08-17 21:55:07,903 INFO o.a.j.r.p.AbstractSampleConsumer: class org.apache.jmeter.report.processor.NormalizerSampleConsumer#stopProducing(): normalizer produced 140 samples
2026-08-17 21:55:07,903 INFO o.a.j.r.p.CsvFileSampleSource: produce(): 140 samples produced in 303ms on channel 0
2026-08-17 21:55:07,903 INFO o.a.j.r.d.ReportGenerator: Exporting data using exporter:'json' of className:'org.apache.jmeter.report.dashboard.JsonExporter'
2026-08-17 21:55:08,127 INFO o.a.j.r.d.JsonExporter: Found data for consumer statisticsSummary in context
2026-08-17 21:55:08,127 INFO o.a.j.r.d.JsonExporter: Creating statistics for overall
2026-08-17 21:55:08,128 INFO o.a.j.r.d.JsonExporter: Creating statistics for other transactions
2026-08-17 21:55:08,128 INFO o.a.j.r.d.JsonExporter: Checking output folder
2026-08-17 21:55:08,129 INFO o.a.j.r.d.JsonExporter: Writing statistics JSON to D:\Sem_9_25_26\Kiem_Thu_Phan_Mem\homework\software__testing\HW05\evidence\pilot-runs\23127184_Load_20260817PILOT_20260817-215433\report\statistics.json
2026-08-17 21:55:08,228 INFO o.a.j.r.d.ReportGenerator: Exporting data using exporter:'html' of className:'org.apache.jmeter.report.dashboard.HtmlTemplateExporter'
2026-08-17 21:55:08,231 INFO o.a.j.r.d.HtmlTemplateExporter: Will generate dashboard in folder: D:\Sem_9_25_26\Kiem_Thu_Phan_Mem\homework\software__testing\HW05\evidence\pilot-runs\23127184_Load_20260817PILOT_20260817-215433\report
2026-08-17 21:55:08,419 INFO o.a.j.r.d.HtmlTemplateExporter: Report will be generated in: D:\Sem_9_25_26\Kiem_Thu_Phan_Mem\homework\software__testing\HW05\evidence\pilot-runs\23127184_Load_20260817PILOT_20260817-215433\report, creating folder structure
2026-08-17 21:55:08,422 INFO o.a.j.r.d.TemplateVisitor: Copying folder from 'C:\Users\HP\scoop\apps\jmeter\current\bin\report-template' to 'D:\Sem_9_25_26\Kiem_Thu_Phan_Mem\homework\software__testing\HW05\evidence\pilot-runs\23127184_Load_20260817PILOT_20260817-215433\report', got message: D:\Sem_9_25_26\Kiem_Thu_Phan_Mem\homework\software__testing\HW05\evidence\pilot-runs\23127184_Load_20260817PILOT_20260817-215433\report, found non empty folder with following content [D:\Sem_9_25_26\Kiem_Thu_Phan_Mem\homework\software__testing\HW05\evidence\pilot-runs\23127184_Load_20260817PILOT_20260817-215433\report\statistics.json], will be ignored
2026-08-17 21:55:09,364 INFO o.a.j.JMeter: Dashboard generated
