
=== API1_FR01_Register (full) ===
newman

API1 - FR-01 Account Registration (POST /api/register)

□ 01 - Domain partitions
└ DP-001 | Valid registration (all fields in-partition)
  ┌
  │ '[HW06] X-Student-Id=23127184 | POST {{base_url}}/api/
  │ register | run_tag=run-1787495950786'
  └
  POST http://localhost:3000/api/register [200 OK, 316B, 83ms]
  √  Request carried the X-Student-Id header
  √  Response is not rate-limited (HTTP 429)
  √  Response arrived under 2000 ms
  √  Status is 200
  √  Body matches the spec's success shape

└ DP-002 | Invalid email format is rejected
  ┌
  │ '[HW06] X-Student-Id=23127184 | POST {{base_url}}/api/
  │ register | run_tag=run-1787495950786'
  └
  POST http://localhost:3000/api/register [200 OK, 316B, 10ms]
  √  Request carried the X-Student-Id header
  √  Response is not rate-limited (HTTP 429)
  √  Response arrived under 2000 ms
  1. Malformed email is rejected with 4xx

□ 02 - State transitions
└ ST-001 | Registered account can immediately log in
  ┌
  │ '[HW06] X-Student-Id=23127184 | POST {{base_url}}/api/
  │ login | run_tag=run-1787495950786'
  └
  POST http://localhost:3000/api/register [200 OK, 316B, 9ms]
  ┌
  │ '[HW06] ST-001 fixture registered b1b9c684-e47f-49a5-8
  │ eb9-1699c78d6192@domain.com -> 200'
  └
  POST http://localhost:3000/api/login [200 OK, 672B, 15ms]
  √  Request carried the X-Student-Id header
  √  Response is not rate-limited (HTTP 429)
  √  Response arrived under 2000 ms
  √  Newly registered account transitions to a usable login state

□ 03 - Security (SEC-01..SEC-07)
└ SEC-01 | Password must not be retrievable in plaintext
  ┌
  │ '[HW06] X-Student-Id=23127184 | POST {{base_url}}/api/
  │ login | run_tag=run-1787495950786'
  └
  POST http://localhost:3000/api/login [200 OK, 672B, 5ms]
  √  Request carried the X-Student-Id header
  √  Response is not rate-limited (HTTP 429)
  √  Response arrived under 2000 ms
  2. Login response does not expose the plaintext password

└ SEC-05 | SQL injection in the email field is neutralised
  ┌
  │ '[HW06] X-Student-Id=23127184 | POST {{base_url}}/api/
  │ register | run_tag=run-1787495950786'
  └
  POST http://localhost:3000/api/register [200 OK, 316B, 8ms]
  √  Request carried the X-Student-Id header
  √  Response is not rate-limited (HTTP 429)
  √  Response arrived under 2000 ms
  √  Server does not return a 500 / SQL error
  √  No SQL error text leaks to the client

└ SEC-06 | Client cannot self-assign the admin role at registration
  ┌
  │ '[HW06] X-Student-Id=23127184 | POST {{base_url}}/api/
  │ register | run_tag=run-1787495950786'
  └
  POST http://localhost:3000/api/register [200 OK, 316B, 8ms]
  √  Request carried the X-Student-Id header
  √  Response is not rate-limited (HTTP 429)
  √  Response arrived under 2000 ms
  √  Injected role is ignored

□ 04 - Schema validation
└ SCH-001 | Success response matches the specified schema exactly
  ┌
  │ '[HW06] X-Student-Id=23127184 | POST {{base_url}}/api/
  │ register | run_tag=run-1787495950786'
  └
  POST http://localhost:3000/api/register [200 OK, 316B, 9ms]
  √  Request carried the X-Student-Id header
  √  Response is not rate-limited (HTTP 429)
  √  Response arrived under 2000 ms
  √  Response body conforms to the spec schema

┌─────────────────────────┬──────────────────┬──────────────────┐
│                         │         executed │           failed │
├─────────────────────────┼──────────────────┼──────────────────┤
│              iterations │                1 │                0 │
├─────────────────────────┼──────────────────┼──────────────────┤
│                requests │                8 │                0 │
├─────────────────────────┼──────────────────┼──────────────────┤
│            test-scripts │               14 │                0 │
├─────────────────────────┼──────────────────┼──────────────────┤
│      prerequest-scripts │                8 │                0 │
├─────────────────────────┼──────────────────┼──────────────────┤
│              assertions │               30 │                2 │
├─────────────────────────┴──────────────────┴──────────────────┤
│ total run duration: 915ms                                     │
├───────────────────────────────────────────────────────────────┤
│ total data received: 1.1kB (approx)                           │
├───────────────────────────────────────────────────────────────┤
│ average response time: 18ms [min: 5ms, max: 83ms, s.d.: 24ms] │
└───────────────────────────────────────────────────────────────┘

[31m  # [39m[31m failure        [39m[31m detail                                                                                           [39m
[90m    [39m[90m                [39m[90m                                                                                                  [39m
 1.  AssertionError  Malformed email is rejected with 4xx                                                             
                     expected 200 to be within 400..499                                                               
                     at assertion:0 in test-script                                                                    
                     inside "01 - Domain partitions / DP-002 | Invalid email format is rejected"                      
[90m    [39m[90m                [39m[90m                                                                                                  [39m
 2.  AssertionError  Login response does not expose the plaintext password                                            
                     password field in response: expected 'Password123!' to not deeply equal 'Password123!'           
                     at assertion:0 in test-script                                                                    
                     inside "03 - Security (SEC-01..SEC-07) / SEC-01 | Password must not be retrievable in plaintext" 

=== API2_FR06_ProductDetail (full) ===
newman

API2 - FR-06 Product Detail (GET /api/products/:id)

□ 00 - Setup
└ SETUP-001 | Capture a known-good product id
  ┌
  │ '[HW06] X-Student-Id=23127184 | GET {{base_url}}/api/p
  │ roducts | run_tag=run-1787495952099'
  └
  GET http://localhost:3000/api/products [200 OK, 1.24kB, 9ms]
  √  Request carried the X-Student-Id header
  √  Response is not rate-limited (HTTP 429)
  √  Response arrived under 2000 ms
  √  Product list is available

□ 01 - Domain partitions
└ DP-001 | Existing id returns that product
  ┌
  │ '[HW06] X-Student-Id=23127184 | GET {{base_url}}/api/p
  │ roducts/{{existing_product_id}} | run_tag=run-17874959
  │ 52099'
  └
  GET http://localhost:3000/api/products/1 [200 OK, 451B, 5ms]
  √  Request carried the X-Student-Id header
  √  Response is not rate-limited (HTTP 429)
  √  Response arrived under 2000 ms
  √  Status is 200
  √  Returned product is the one requested

└ DP-002 | Non-existent id returns 404
  ┌
  │ '[HW06] X-Student-Id=23127184 | GET {{base_url}}/api/p
  │ roducts/999999 | run_tag=run-1787495952099'
  └
  GET http://localhost:3000/api/products/999999 [200 OK, 267B, 5ms]
  √  Request carried the X-Student-Id header
  √  Response is not rate-limited (HTTP 429)
  √  Response arrived under 2000 ms
  1. Unknown product id returns 404

└ DP-003 | Non-numeric id is rejected
  ┌
  │ '[HW06] X-Student-Id=23127184 | GET {{base_url}}/api/p
  │ roducts/abc | run_tag=run-1787495952099'
  └
  GET http://localhost:3000/api/products/abc [200 OK, 267B, 3ms]
  √  Request carried the X-Student-Id header
  √  Response is not rate-limited (HTTP 429)
  √  Response arrived under 2000 ms
  2. Non-numeric id yields a 4xx, never a 500

□ 02 - State transitions
└ ST-001 | Deleted product is no longer retrievable
  ┌
  │ '[HW06] X-Student-Id=23127184 | GET {{base_url}}/api/p
  │ roducts/{{transient_product_id}} | run_tag=run-1787495
  │ 952099'
  └
  POST http://localhost:3000/api/products [200 OK, 303B, 9ms]
  DELETE http://localhost:3000/api/products/6 [200 OK, 296B, 8ms]
  ┌
  │ '[HW06] ST-001 fixture created+deleted product 6'
  └
  GET http://localhost:3000/api/products/6 [200 OK, 267B, 6ms]
  √  Request carried the X-Student-Id header
  √  Response is not rate-limited (HTTP 429)
  √  Response arrived under 2000 ms
  3. A deleted product returns 404

□ 03 - Security (SEC-01..SEC-07)
└ SEC-05 | SQL injection through the :id path parameter
  ┌
  │ '[HW06] X-Student-Id=23127184 | GET {{base_url}}/api/p
  │ roducts/1 OR 1=1 | run_tag=run-1787495952099'
  └
  GET http://localhost:3000/api/products/1 OR 1=1 [200 OK, 267B, 5ms]
  √  Request carried the X-Student-Id header
  √  Response is not rate-limited (HTTP 429)
  √  Response arrived under 2000 ms
  √  Injection does not return the whole table
  √  No 500 / SQL error leak

□ 04 - Schema validation
└ SCH-001 | Product schema holds for an odd id
  ┌
  │ '[HW06] X-Student-Id=23127184 | GET {{base_url}}/api/p
  │ roducts/1 | run_tag=run-1787495952099'
  └
  GET http://localhost:3000/api/products/1 [200 OK, 451B, 14ms]
  √  Request carried the X-Student-Id header
  √  Response is not rate-limited (HTTP 429)
  √  Response arrived under 2000 ms
  √  Response conforms to the product schema
  √  price is a JSON number, not a string

└ SCH-002 | Product schema holds for an even id
  ┌
  │ '[HW06] X-Student-Id=23127184 | GET {{base_url}}/api/p
  │ roducts/2 | run_tag=run-1787495952099'
  └
  GET http://localhost:3000/api/products/2 [200 OK, 480B, 6ms]
  √  Request carried the X-Student-Id header
  √  Response is not rate-limited (HTTP 429)
  √  Response arrived under 2000 ms
  4. Response conforms to the product schema
  5. price is a JSON number, not a string

┌─────────────────────────┬─────────────────┬─────────────────┐
│                         │        executed │          failed │
├─────────────────────────┼─────────────────┼─────────────────┤
│              iterations │               1 │               0 │
├─────────────────────────┼─────────────────┼─────────────────┤
│                requests │              10 │               0 │
├─────────────────────────┼─────────────────┼─────────────────┤
│            test-scripts │              16 │               0 │
├─────────────────────────┼─────────────────┼─────────────────┤
│      prerequest-scripts │               9 │               0 │
├─────────────────────────┼─────────────────┼─────────────────┤
│              assertions │              36 │               5 │
├─────────────────────────┴─────────────────┴─────────────────┤
│ total run duration: 851ms                                   │
├─────────────────────────────────────────────────────────────┤
│ total data received: 1.62kB (approx)                        │
├─────────────────────────────────────────────────────────────┤
│ average response time: 7ms [min: 3ms, max: 14ms, s.d.: 2ms] │
└─────────────────────────────────────────────────────────────┘

[31m  # [39m[31m failure        [39m[31m detail                                                                              [39m
[90m    [39m[90m                [39m[90m                                                                                     [39m
 1.  AssertionError  Unknown product id returns 404                                                      
                     expected response to have status code 404 but got 200                               
                     at assertion:0 in test-script                                                       
                     inside "01 - Domain partitions / DP-002 | Non-existent id returns 404"              
[90m    [39m[90m                [39m[90m                                                                                     [39m
 2.  AssertionError  Non-numeric id yields a 4xx, never a 500                                            
                     expected 200 to be within 400..499                                                  
                     at assertion:0 in test-script                                                       
                     inside "01 - Domain partitions / DP-003 | Non-numeric id is rejected"               
[90m    [39m[90m                [39m[90m                                                                                     [39m
 3.  AssertionError  A deleted product returns 404                                                       
                     expected response to have status code 404 but got 200                               
                     at assertion:0 in test-script                                                       
                     inside "02 - State transitions / ST-001 | Deleted product is no longer retrievable" 
[90m    [39m[90m                [39m[90m                                                                                     [39m
 4.  AssertionError  Response conforms to the product schema                                             
                     expected data to satisfy schema but found following errors:                         
                     data.price should be number                                                         
                     at assertion:0 in test-script                                                       
                     inside "04 - Schema validation / SCH-002 | Product schema holds for an even id"     
[90m    [39m[90m                [39m[90m                                                                                     [39m
 5.  AssertionError  price is a JSON number, not a string                                                
                     expected '28000000' to be a number                                                  
                     at assertion:1 in test-script                                                       
                     inside "04 - Schema validation / SCH-002 | Product schema holds for an even id"     

=== API3_FR11_OrderHistory (full) ===
newman

API3 - FR-11 Order History (GET /api/orders/my-orders)

□ 00 - Setup
└ SETUP-001 | Log in as the primary user
  ┌
  │ '[HW06] X-Student-Id=23127184 | POST {{base_url}}/api/
  │ login | run_tag=run-1787495953226'
  └
  POST http://localhost:3000/api/login [200 OK, 635B, 8ms]
  √  Request carried the X-Student-Id header
  √  Response is not rate-limited (HTTP 429)
  √  Response arrived under 2000 ms
  √  Login succeeded

└ SETUP-002 | Create an order owned by the primary user
  ┌
  │ '[HW06] X-Student-Id=23127184 | POST {{base_url}}/api/
  │ checkout | run_tag=run-1787495953226'
  └
  POST http://localhost:3000/api/checkout [200 OK, 312B, 9ms]
  √  Request carried the X-Student-Id header
  √  Response is not rate-limited (HTTP 429)
  √  Response arrived under 2000 ms
  √  Checkout created an order

└ SETUP-003 | Register + log in a second user (the victim)
  ┌
  │ '[HW06] X-Student-Id=23127184 | POST {{base_url}}/api/
  │ login | run_tag=run-1787495953226'
  └
  POST http://localhost:3000/api/register [200 OK, 316B, 8ms]
  ┌
  │ '[HW06] victim account created: 3a13308b-e9f4-4cad-9f0
  │ c-dbbca7c9a5ba@victim.com'
  └
  POST http://localhost:3000/api/login [200 OK, 666B, 5ms]
  √  Request carried the X-Student-Id header
  √  Response is not rate-limited (HTTP 429)
  √  Response arrived under 2000 ms
  √  Victim account is usable

└ SETUP-004 | Create an order owned by the victim
  ┌
  │ '[HW06] X-Student-Id=23127184 | POST {{base_url}}/api/
  │ checkout | run_tag=run-1787495953226'
  └
  POST http://localhost:3000/api/checkout [200 OK, 312B, 12ms]
  √  Request carried the X-Student-Id header
  √  Response is not rate-limited (HTTP 429)
  √  Response arrived under 2000 ms
  √  Victim order created

□ 01 - Domain partitions
└ DP-001 | Authenticated user receives their own order list
  ┌
  │ '[HW06] X-Student-Id=23127184 | GET {{base_url}}/api/o
  │ rders/my-orders | run_tag=run-1787495953226'
  └
  GET http://localhost:3000/api/orders/my-orders [200 OK, 410B, 4ms]
  √  Request carried the X-Student-Id header
  √  Response is not rate-limited (HTTP 429)
  √  Response arrived under 2000 ms
  √  Status is 200
  √  Response is an array
  √  Every returned order belongs to the caller

└ DP-002 | Missing token is rejected
  ┌
  │ '[HW06] X-Student-Id=23127184 | GET {{base_url}}/api/o
  │ rders/my-orders | run_tag=run-1787495953226'
  └
  GET http://localhost:3000/api/orders/my-orders [401 Unauthorized, 301B, 3ms]
  √  Request carried the X-Student-Id header
  √  Response is not rate-limited (HTTP 429)
  √  Response arrived under 2000 ms
  √  Unauthenticated request returns 401

□ 02 - State transitions (FR-10)
└ ST-001 | A new order appears in history as 'pending'
  ┌
  │ '[HW06] X-Student-Id=23127184 | GET {{base_url}}/api/o
  │ rders/my-orders | run_tag=run-1787495953226'
  └
  GET http://localhost:3000/api/orders/my-orders [200 OK, 410B, 5ms]
  √  Request carried the X-Student-Id header
  √  Response is not rate-limited (HTTP 429)
  √  Response arrived under 2000 ms
  √  The order created in setup is listed as pending

└ ST-002 | Cancelling a pending order is reflected in history
  ┌
  │ '[HW06] X-Student-Id=23127184 | PUT {{base_url}}/api/o
  │ rders/{{own_order_id}}/cancel | run_tag=run-1787495953
  │ 226'
  └
  PUT http://localhost:3000/api/orders/1/cancel [200 OK, 308B, 13ms]
  √  Request carried the X-Student-Id header
  √  Response is not rate-limited (HTTP 429)
  √  Response arrived under 2000 ms
  √  Cancel from 'pending' is allowed

□ 03 - Security (SEC-01..SEC-07)
└ SEC-02 | Reading another user's order requires authentication (IDOR)
  ┌
  │ '[HW06] X-Student-Id=23127184 | GET {{base_url}}/api/o
  │ rders/{{victim_order_id}} | run_tag=run-1787495953226'
  └
  GET http://localhost:3000/api/orders/2 [200 OK, 402B, 4ms]
  √  Request carried the X-Student-Id header
  √  Response is not rate-limited (HTTP 429)
  √  Response arrived under 2000 ms
  1. Unauthenticated read of an arbitrary order is refused

└ SEC-02b | User A cannot read user B's order with their own token
  ┌
  │ '[HW06] X-Student-Id=23127184 | GET {{base_url}}/api/o
  │ rders/{{victim_order_id}} | run_tag=run-1787495953226'
  └
  GET http://localhost:3000/api/orders/2 [200 OK, 402B, 5ms]
  √  Request carried the X-Student-Id header
  √  Response is not rate-limited (HTTP 429)
  √  Response arrived under 2000 ms
  2. Cross-user order read is refused

□ 04 - Schema validation
└ SCH-001 | Order-history entries match the orders schema
  ┌
  │ '[HW06] X-Student-Id=23127184 | GET {{base_url}}/api/o
  │ rders/my-orders | run_tag=run-1787495953226'
  └
  GET http://localhost:3000/api/orders/my-orders [200 OK, 411B, 4ms]
  √  Request carried the X-Student-Id header
  √  Response is not rate-limited (HTTP 429)
  √  Response arrived under 2000 ms
  √  Order history conforms to the schema

┌─────────────────────────┬─────────────────┬─────────────────┐
│                         │        executed │          failed │
├─────────────────────────┼─────────────────┼─────────────────┤
│              iterations │               1 │               0 │
├─────────────────────────┼─────────────────┼─────────────────┤
│                requests │              12 │               0 │
├─────────────────────────┼─────────────────┼─────────────────┤
│            test-scripts │              22 │               0 │
├─────────────────────────┼─────────────────┼─────────────────┤
│      prerequest-scripts │              12 │               0 │
├─────────────────────────┼─────────────────┼─────────────────┤
│              assertions │              46 │               2 │
├─────────────────────────┴─────────────────┴─────────────────┤
│ total run duration: 1196ms                                  │
├─────────────────────────────────────────────────────────────┤
│ total data received: 1.66kB (approx)                        │
├─────────────────────────────────────────────────────────────┤
│ average response time: 6ms [min: 3ms, max: 13ms, s.d.: 3ms] │
└─────────────────────────────────────────────────────────────┘

[31m  # [39m[31m failure        [39m[31m detail                                                                                                         [39m
[90m    [39m[90m                [39m[90m                                                                                                                [39m
 1.  AssertionError  Unauthenticated read of an arbitrary order is refused                                                          
                     expected 200 to be one of [ 401, 403, 404 ]                                                                    
                     at assertion:0 in test-script                                                                                  
                     inside "03 - Security (SEC-01..SEC-07) / SEC-02 | Reading another user's order requires authentication (IDOR)" 
[90m    [39m[90m                [39m[90m                                                                                                                [39m
 2.  AssertionError  Cross-user order read is refused                                                                               
                     expected 200 to be one of [ 403, 404 ]                                                                         
                     at assertion:0 in test-script                                                                                  
                     inside "03 - Security (SEC-01..SEC-07) / SEC-02b | User A cannot read user B's order with their own token"     

=== API4_FR13_AdminOrders (full) ===
newman

API4 - FR-13 Admin Dashboard (GET /api/admin/orders)

□ 00 - Setup
└ SETUP-001 | Log in as admin
  ┌
  │ '[HW06] X-Student-Id=23127184 | POST {{base_url}}/api/
  │ login | run_tag=run-1787495954612'
  └
  POST http://localhost:3000/api/login [200 OK, 640B, 5ms]
  √  Request carried the X-Student-Id header
  √  Response is not rate-limited (HTTP 429)
  √  Response arrived under 2000 ms
  √  Login succeeded

└ SETUP-002 | Log in as a non-admin user
  ┌
  │ '[HW06] X-Student-Id=23127184 | POST {{base_url}}/api/
  │ login | run_tag=run-1787495954612'
  └
  POST http://localhost:3000/api/login [200 OK, 635B, 5ms]
  √  Request carried the X-Student-Id header
  √  Response is not rate-limited (HTTP 429)
  √  Response arrived under 2000 ms
  √  Login succeeded

□ 01 - Domain partitions
└ DP-001 | Admin receives the full order list
  ┌
  │ '[HW06] X-Student-Id=23127184 | GET {{base_url}}/api/a
  │ dmin/orders | run_tag=run-1787495954612'
  └
  GET http://localhost:3000/api/admin/orders [200 OK, 592B, 4ms]
  √  Request carried the X-Student-Id header
  √  Response is not rate-limited (HTTP 429)
  √  Response arrived under 2000 ms
  √  Status is 200
  √  Response is an array
  √  Rows are joined with the ordering user's name

└ DP-002 | Missing token is rejected
  ┌
  │ '[HW06] X-Student-Id=23127184 | GET {{base_url}}/api/a
  │ dmin/orders | run_tag=run-1787495954612'
  └
  GET http://localhost:3000/api/admin/orders [401 Unauthorized, 301B, 2ms]
  √  Request carried the X-Student-Id header
  √  Response is not rate-limited (HTTP 429)
  √  Response arrived under 2000 ms
  √  Unauthenticated request returns 401

└ DP-003 | Malformed token is rejected
  ┌
  │ '[HW06] X-Student-Id=23127184 | GET {{base_url}}/api/a
  │ dmin/orders | run_tag=run-1787495954612'
  └
  GET http://localhost:3000/api/admin/orders [403 Forbidden, 295B, 4ms]
  √  Request carried the X-Student-Id header
  √  Response is not rate-limited (HTTP 429)
  √  Response arrived under 2000 ms
  √  Invalid token returns 403

□ 02 - State transitions (FR-10)
└ ST-001 | Revenue counts only 'delivered' orders
  ┌
  │ '[HW06] X-Student-Id=23127184 | GET {{base_url}}/api/a
  │ dmin/orders | run_tag=run-1787495954612'
  └
  GET http://localhost:3000/api/admin/orders [200 OK, 592B, 9ms]
  √  Request carried the X-Student-Id header
  √  Response is not rate-limited (HTTP 429)
  √  Response arrived under 2000 ms
  ┌
  │ '[HW06] delivered orders=0 revenue=0'
  └
  √  Every order carries a status from the FR-10 state set

□ 03 - Security (SEC-01..SEC-07)
└ SEC-03 | A non-admin token must not reach an /api/admin endpoint
  ┌
  │ '[HW06] X-Student-Id=23127184 | GET {{base_url}}/api/a
  │ dmin/orders | run_tag=run-1787495954612'
  └
  GET http://localhost:3000/api/admin/orders [200 OK, 592B, 4ms]
  √  Request carried the X-Student-Id header
  √  Response is not rate-limited (HTTP 429)
  √  Response arrived under 2000 ms
  1. Non-admin caller is refused

└ SEC-01 | Admin order data must not leak user credentials
  ┌
  │ '[HW06] X-Student-Id=23127184 | GET {{base_url}}/api/a
  │ dmin/orders | run_tag=run-1787495954612'
  └
  GET http://localhost:3000/api/admin/orders [200 OK, 592B, 4ms]
  √  Request carried the X-Student-Id header
  √  Response is not rate-limited (HTTP 429)
  √  Response arrived under 2000 ms
  √  No password field is present in any row

□ 04 - Schema validation
└ SCH-001 | Admin order rows match the joined schema
  ┌
  │ '[HW06] X-Student-Id=23127184 | GET {{base_url}}/api/a
  │ dmin/orders | run_tag=run-1787495954612'
  └
  GET http://localhost:3000/api/admin/orders [200 OK, 592B, 6ms]
  √  Request carried the X-Student-Id header
  √  Response is not rate-limited (HTTP 429)
  √  Response arrived under 2000 ms
  √  Admin order list conforms to the schema

┌─────────────────────────┬─────────────────┬────────────────┐
│                         │        executed │         failed │
├─────────────────────────┼─────────────────┼────────────────┤
│              iterations │               1 │              0 │
├─────────────────────────┼─────────────────┼────────────────┤
│                requests │               9 │              0 │
├─────────────────────────┼─────────────────┼────────────────┤
│            test-scripts │              18 │              0 │
├─────────────────────────┼─────────────────┼────────────────┤
│      prerequest-scripts │               9 │              0 │
├─────────────────────────┼─────────────────┼────────────────┤
│              assertions │              38 │              1 │
├─────────────────────────┴─────────────────┴────────────────┤
│ total run duration: 882ms                                  │
├────────────────────────────────────────────────────────────┤
│ total data received: 2.4kB (approx)                        │
├────────────────────────────────────────────────────────────┤
│ average response time: 4ms [min: 2ms, max: 9ms, s.d.: 1ms] │
└────────────────────────────────────────────────────────────┘

[31m  # [39m[31m failure        [39m[31m detail                                                                                                     [39m
[90m    [39m[90m                [39m[90m                                                                                                            [39m
 1.  AssertionError  Non-admin caller is refused                                                                                
                     expected 200 to be one of [ 401, 403 ]                                                                     
                     at assertion:0 in test-script                                                                              
                     inside "03 - Security (SEC-01..SEC-07) / SEC-03 | A non-admin token must not reach an /api/admin endpoint" 

===== HW06 suite summary (mode=full, env=local) =====
  API1_FR01_Register             28/30   passed  2 FAILED
  API2_FR06_ProductDetail        31/36   passed  5 FAILED
  API3_FR11_OrderHistory         44/46   passed  2 FAILED
  API4_FR13_AdminOrders          37/38   passed  1 FAILED
  TOTAL                        140/150 assertions passed

10 assertion(s) failed. In full mode these are the SUT's defects - triage them in docs/bugs/BUG_REPORT.md. Process exits 0 by design.
