2026-08-17 22:24:18,386 INFO o.a.j.u.JMeterUtils: Setting Locale to en_EN
2026-08-17 22:24:18,423 INFO o.a.j.JMeter: Loading user properties from: C:\Users\HP\scoop\apps\jmeter\current\bin\user.properties
2026-08-17 22:24:18,425 INFO o.a.j.JMeter: Loading system properties from: C:\Users\HP\scoop\apps\jmeter\current\bin\system.properties
2026-08-17 22:24:18,427 INFO o.a.j.JMeter: Setting JMeter property: data.dir=D:/Sem_9_25_26/Kiem_Thu_Phan_Mem/homework/software__testing/HW05/data
2026-08-17 22:24:18,435 INFO o.a.j.JMeter: Copyright (c) 1998-2024 The Apache Software Foundation
2026-08-17 22:24:18,435 INFO o.a.j.JMeter: Version 5.6.3
2026-08-17 22:24:18,435 INFO o.a.j.JMeter: java.version=21.0.12
2026-08-17 22:24:18,435 INFO o.a.j.JMeter: java.vm.name=OpenJDK 64-Bit Server VM
2026-08-17 22:24:18,435 INFO o.a.j.JMeter: os.name=Windows 11
2026-08-17 22:24:18,435 INFO o.a.j.JMeter: os.arch=amd64
2026-08-17 22:24:18,435 INFO o.a.j.JMeter: os.version=10.0
2026-08-17 22:24:18,435 INFO o.a.j.JMeter: file.encoding=UTF-8
2026-08-17 22:24:18,435 INFO o.a.j.JMeter: java.awt.headless=true
2026-08-17 22:24:18,435 INFO o.a.j.JMeter: Max memory     =1073741824
2026-08-17 22:24:18,437 INFO o.a.j.JMeter: Available Processors =8
2026-08-17 22:24:18,451 INFO o.a.j.JMeter: Default Locale=English (EN)
2026-08-17 22:24:18,453 INFO o.a.j.JMeter: JMeter  Locale=English (EN)
2026-08-17 22:24:18,453 INFO o.a.j.JMeter: JMeterHome=C:\Users\HP\scoop\apps\jmeter\current
2026-08-17 22:24:18,453 INFO o.a.j.JMeter: user.dir  =D:\Sem_9_25_26\Kiem_Thu_Phan_Mem\homework\software__testing\HW05
2026-08-17 22:24:18,453 INFO o.a.j.JMeter: PWD       =D:\Sem_9_25_26\Kiem_Thu_Phan_Mem\homework\software__testing\HW05
2026-08-17 22:24:18,461 INFO o.a.j.JMeter: IP: 192.168.100.82 Name: KieuDuyen FullName: KieuDuyen.lan
2026-08-17 22:24:18,477 INFO o.a.j.JMeter: Setting property 'jmeter.reportgenerator.outputdir' to:'D:\Sem_9_25_26\Kiem_Thu_Phan_Mem\homework\software__testing\HW05\results\23127184_Load_20260817_20260817-222415\report'
2026-08-17 22:24:18,477 INFO o.a.j.s.FileServer: Default base='D:\Sem_9_25_26\Kiem_Thu_Phan_Mem\homework\software__testing\HW05'
2026-08-17 22:24:18,489 INFO o.a.j.s.FileServer: Set new base='D:\Sem_9_25_26\Kiem_Thu_Phan_Mem\homework\software__testing\HW05\test-plans'
2026-08-17 22:24:18,757 INFO o.a.j.s.SaveService: Testplan (JMX) version: 2.2. Testlog (JTL) version: 2.2
2026-08-17 22:24:18,808 INFO o.a.j.s.SaveService: Using SaveService properties version 5.0
2026-08-17 22:24:18,813 INFO o.a.j.s.SaveService: Using SaveService properties file encoding UTF-8
2026-08-17 22:24:18,817 INFO o.a.j.s.SaveService: Loading file: D:\Sem_9_25_26\Kiem_Thu_Phan_Mem\homework\software__testing\HW05\test-plans\23127184_Load_20260817.jmx
2026-08-17 22:24:18,905 INFO o.a.j.p.h.s.HTTPSamplerBase: Parser for text/html is org.apache.jmeter.protocol.http.parser.LagartoBasedHtmlParser
2026-08-17 22:24:18,905 INFO o.a.j.p.h.s.HTTPSamplerBase: Parser for application/xhtml+xml is org.apache.jmeter.protocol.http.parser.LagartoBasedHtmlParser
2026-08-17 22:24:18,905 INFO o.a.j.p.h.s.HTTPSamplerBase: Parser for application/xml is org.apache.jmeter.protocol.http.parser.LagartoBasedHtmlParser
2026-08-17 22:24:18,905 INFO o.a.j.p.h.s.HTTPSamplerBase: Parser for text/xml is org.apache.jmeter.protocol.http.parser.LagartoBasedHtmlParser
2026-08-17 22:24:18,905 INFO o.a.j.p.h.s.HTTPSamplerBase: Parser for text/vnd.wap.wml is org.apache.jmeter.protocol.http.parser.RegexpHTMLParser
2026-08-17 22:24:18,905 INFO o.a.j.p.h.s.HTTPSamplerBase: Parser for text/css is org.apache.jmeter.protocol.http.parser.CssParser
2026-08-17 22:24:18,942 INFO o.a.j.JMeter: Creating summariser <summary>
2026-08-17 22:24:18,942 INFO o.a.j.r.d.ReportGenerator: ReportGenerator will use for Parsing the separator: ','
2026-08-17 22:24:18,942 INFO o.a.j.r.d.ReportGenerator: Will generate report at end of test from  results file: results\23127184_Load_20260817_20260817-222415\result.jtl
2026-08-17 22:24:18,942 INFO o.a.j.r.d.ReportGenerator: Reading report generator properties from: C:\Users\HP\scoop\apps\jmeter\current\bin\reportgenerator.properties
2026-08-17 22:24:18,942 INFO o.a.j.r.d.ReportGenerator: Merging with JMeter properties
2026-08-17 22:24:18,942 INFO o.a.j.r.c.ReportGeneratorConfiguration: Property 'jmeter.reportgenerator.temp_dir' not found, using default value 'temp' instead.
2026-08-17 22:24:18,942 INFO o.a.j.r.c.ReportGeneratorConfiguration: Property 'jmeter.reportgenerator.apdex_per_transaction' not found, using default value 'null' instead.
2026-08-17 22:24:18,942 INFO o.a.j.r.c.ReportGeneratorConfiguration: apdex_per_transaction is empty, not APDEX per transaction customization
2026-08-17 22:24:18,942 INFO o.a.j.r.c.ReportGeneratorConfiguration: Property 'jmeter.reportgenerator.sample_filter' not found, using default value 'null' instead.
2026-08-17 22:24:18,942 INFO o.a.j.r.c.ReportGeneratorConfiguration: Property 'jmeter.reportgenerator.report_title' not found, using default value 'null' instead.
2026-08-17 22:24:18,954 INFO o.a.j.r.c.ReportGeneratorConfiguration: Property 'jmeter.reportgenerator.start_date' not found, using default value 'null' instead.
2026-08-17 22:24:18,954 INFO o.a.j.r.c.ReportGeneratorConfiguration: Property 'jmeter.reportgenerator.end_date' not found, using default value 'null' instead.
2026-08-17 22:24:18,954 INFO o.a.j.r.c.ReportGeneratorConfiguration: Property 'jmeter.reportgenerator.date_format' not found, using default value 'null' instead.
2026-08-17 22:24:18,955 INFO o.a.j.r.c.ReportGeneratorConfiguration: Will use date range start date: null, end date: null
2026-08-17 22:24:18,958 INFO o.a.j.r.c.ReportGeneratorConfiguration: Property 'jmeter.reportgenerator.graph.totalTPS.exclude_controllers' not found, using default value 'false' instead.
2026-08-17 22:24:18,958 INFO o.a.j.r.c.ReportGeneratorConfiguration: Property 'jmeter.reportgenerator.graph.activeThreadsOverTime.exclude_controllers' not found, using default value 'false' instead.
2026-08-17 22:24:18,958 INFO o.a.j.r.c.ReportGeneratorConfiguration: Property 'jmeter.reportgenerator.graph.timeVsThreads.exclude_controllers' not found, using default value 'false' instead.
2026-08-17 22:24:18,958 INFO o.a.j.r.c.ReportGeneratorConfiguration: Property 'jmeter.reportgenerator.graph.responseTimeDistribution.exclude_controllers' not found, using default value 'false' instead.
2026-08-17 22:24:18,958 INFO o.a.j.r.c.ReportGeneratorConfiguration: Property 'jmeter.reportgenerator.graph.transactionsPerSecond.exclude_controllers' not found, using default value 'false' instead.
2026-08-17 22:24:18,958 INFO o.a.j.r.c.ReportGeneratorConfiguration: Property 'jmeter.reportgenerator.graph.responseTimePercentiles.exclude_controllers' not found, using default value 'false' instead.
2026-08-17 22:24:18,958 INFO o.a.j.r.c.ReportGeneratorConfiguration: Property 'jmeter.reportgenerator.graph.responseTimePercentilesOverTime.exclude_controllers' not found, using default value 'false' instead.
2026-08-17 22:24:18,958 INFO o.a.j.r.c.ReportGeneratorConfiguration: Property 'jmeter.reportgenerator.graph.responseTimesOverTime.exclude_controllers' not found, using default value 'false' instead.
2026-08-17 22:24:18,958 INFO o.a.j.r.c.ReportGeneratorConfiguration: Property 'jmeter.reportgenerator.graph.connectTimeOverTime.exclude_controllers' not found, using default value 'false' instead.
2026-08-17 22:24:18,958 INFO o.a.j.r.c.ReportGeneratorConfiguration: Property 'jmeter.reportgenerator.graph.latenciesOverTime.exclude_controllers' not found, using default value 'false' instead.
2026-08-17 22:24:18,958 INFO o.a.j.r.c.ReportGeneratorConfiguration: Property 'jmeter.reportgenerator.exporter.json.filters_only_sample_series' not found, using default value 'true' instead.
2026-08-17 22:24:18,958 INFO o.a.j.r.c.ReportGeneratorConfiguration: Property 'jmeter.reportgenerator.exporter.json.series_filter' not found, using default value '' instead.
2026-08-17 22:24:18,958 INFO o.a.j.r.c.ReportGeneratorConfiguration: Property 'jmeter.reportgenerator.exporter.json.show_controllers_only' not found, using default value 'false' instead.
2026-08-17 22:24:18,958 INFO o.a.j.r.c.ReportGeneratorConfiguration: Property 'jmeter.reportgenerator.exporter.html.filters_only_sample_series' not found, using default value 'true' instead.
2026-08-17 22:24:18,958 INFO o.a.j.r.c.ReportGeneratorConfiguration: Property 'jmeter.reportgenerator.exporter.html.series_filter' not found, using default value '' instead.
2026-08-17 22:24:18,958 INFO o.a.j.r.c.ReportGeneratorConfiguration: Property 'jmeter.reportgenerator.exporter.html.show_controllers_only' not found, using default value 'false' instead.
2026-08-17 22:24:18,977 INFO o.a.j.e.StandardJMeterEngine: Running the test!
2026-08-17 22:24:18,977 INFO o.a.j.s.SampleEvent: List of sample_variables: []
2026-08-17 22:24:18,977 INFO o.a.j.s.SampleEvent: List of sample_variables: []
2026-08-17 22:24:18,981 INFO o.a.j.e.u.CompoundVariable: Note: Function class names must contain the string: '.functions.'
2026-08-17 22:24:18,981 INFO o.a.j.e.u.CompoundVariable: Note: Function class names must not contain the string: '.gui.'
2026-08-17 22:24:19,059 INFO o.a.j.r.ClassFinder: Will scan jar C:\Users\HP\scoop\apps\jmeter\current\lib\ext\jmeter-plugins-manager-1.12.jar with filter ExtendsClassFilter [parents=[interface org.apache.jmeter.functions.Function], inner=false, contains=null, notContains=null]. Consider exposing JMeter plugins via META-INF/services, and add JMeter-Skip-Class-Scanning=true manifest attribute so JMeter can skip classfile scanning
2026-08-17 22:24:19,194 INFO o.a.j.JMeter: Running test (1786980259194)
2026-08-17 22:24:19,213 INFO o.a.j.e.StandardJMeterEngine: Starting ThreadGroup: 1 : TG Load (34 VU)
2026-08-17 22:24:19,213 INFO o.a.j.e.StandardJMeterEngine: Starting 34 threads for group TG Load (34 VU).
2026-08-17 22:24:19,213 INFO o.a.j.e.StandardJMeterEngine: Thread will continue on error
2026-08-17 22:24:19,213 INFO o.a.j.t.ThreadGroup: Starting thread group... number=1 threads=34 ramp-up=68 delayedStart=false
2026-08-17 22:24:19,227 INFO o.a.j.s.SampleResult: Note: Sample TimeStamps are START times
2026-08-17 22:24:19,229 INFO o.a.j.s.SampleResult: sampleresult.default.encoding is set to UTF-8
2026-08-17 22:24:19,229 INFO o.a.j.s.SampleResult: sampleresult.useNanoTime=true
2026-08-17 22:24:19,229 INFO o.a.j.s.SampleResult: sampleresult.nanoThreadSleep=5000
2026-08-17 22:24:19,263 INFO o.a.j.t.ThreadGroup: Started thread group number 1
2026-08-17 22:24:19,263 INFO o.a.j.e.StandardJMeterEngine: All thread groups have been started
2026-08-17 22:24:19,363 INFO o.a.j.t.JMeterThread: Thread started: TG Load (34 VU) 1-1
2026-08-17 22:24:19,364 INFO o.a.j.s.FileServer: Stored: D:/Sem_9_25_26/Kiem_Thu_Phan_Mem/homework/software__testing/HW05/data/order_payloads.csv
2026-08-17 22:24:19,386 INFO o.a.j.s.FileServer: Stored: D:/Sem_9_25_26/Kiem_Thu_Phan_Mem/homework/software__testing/HW05/data/search_keywords.csv
2026-08-17 22:24:19,389 INFO o.a.j.s.FileServer: Stored: D:/Sem_9_25_26/Kiem_Thu_Phan_Mem/homework/software__testing/HW05/data/credentials.csv
2026-08-17 22:24:19,867 INFO o.a.j.p.h.s.HTTPHCAbstractImpl: Local host = KieuDuyen
2026-08-17 22:24:19,877 INFO o.a.j.p.h.s.HTTPHC4Impl: HTTP request retry count = 0
2026-08-17 22:24:21,363 INFO o.a.j.t.JMeterThread: Thread started: TG Load (34 VU) 1-2
2026-08-17 22:24:22,816 INFO o.a.j.u.JsseSSLManager: Using default SSL protocol: TLS
2026-08-17 22:24:22,816 INFO o.a.j.u.JsseSSLManager: SSL session context: per-thread
2026-08-17 22:24:23,355 INFO o.a.j.t.JMeterThread: Thread started: TG Load (34 VU) 1-3
2026-08-17 22:24:25,351 INFO o.a.j.t.JMeterThread: Thread started: TG Load (34 VU) 1-4
2026-08-17 22:24:27,350 INFO o.a.j.t.JMeterThread: Thread started: TG Load (34 VU) 1-5
2026-08-17 22:24:29,350 INFO o.a.j.t.JMeterThread: Thread started: TG Load (34 VU) 1-6
2026-08-17 22:24:30,060 INFO o.a.j.r.Summariser: summary +     65 in 00:00:11 =    6.0/s Avg:     5 Min:     1 Max:    47 Err:     0 (0.00%) Active: 6 Started: 6 Finished: 0
2026-08-17 22:24:31,347 INFO o.a.j.t.JMeterThread: Thread started: TG Load (34 VU) 1-7
2026-08-17 22:24:33,346 INFO o.a.j.t.JMeterThread: Thread started: TG Load (34 VU) 1-8
2026-08-17 22:24:35,343 INFO o.a.j.t.JMeterThread: Thread started: TG Load (34 VU) 1-9
2026-08-17 22:24:37,344 INFO o.a.j.t.JMeterThread: Thread started: TG Load (34 VU) 1-10
2026-08-17 22:24:39,343 INFO o.a.j.t.JMeterThread: Thread started: TG Load (34 VU) 1-11
2026-08-17 22:24:41,340 INFO o.a.j.t.JMeterThread: Thread started: TG Load (34 VU) 1-12
2026-08-17 22:24:43,340 INFO o.a.j.t.JMeterThread: Thread started: TG Load (34 VU) 1-13
2026-08-17 22:24:45,340 INFO o.a.j.t.JMeterThread: Thread started: TG Load (34 VU) 1-14
2026-08-17 22:24:47,338 INFO o.a.j.t.JMeterThread: Thread started: TG Load (34 VU) 1-15
2026-08-17 22:24:49,335 INFO o.a.j.t.JMeterThread: Thread started: TG Load (34 VU) 1-16
2026-08-17 22:24:51,336 INFO o.a.j.t.JMeterThread: Thread started: TG Load (34 VU) 1-17
2026-08-17 22:24:53,334 INFO o.a.j.t.JMeterThread: Thread started: TG Load (34 VU) 1-18
2026-08-17 22:24:55,334 INFO o.a.j.t.JMeterThread: Thread started: TG Load (34 VU) 1-19
2026-08-17 22:24:57,334 INFO o.a.j.t.JMeterThread: Thread started: TG Load (34 VU) 1-20
2026-08-17 22:24:59,333 INFO o.a.j.t.JMeterThread: Thread started: TG Load (34 VU) 1-21
2026-08-17 22:25:00,008 INFO o.a.j.r.Summariser: summary +    795 in 00:00:30 =   26.5/s Avg:     3 Min:     1 Max:    26 Err:     0 (0.00%) Active: 21 Started: 21 Finished: 0
2026-08-17 22:25:00,009 INFO o.a.j.r.Summariser: summary =    860 in 00:00:41 =   21.1/s Avg:     4 Min:     1 Max:    47 Err:     0 (0.00%)
2026-08-17 22:25:01,331 INFO o.a.j.t.JMeterThread: Thread started: TG Load (34 VU) 1-22
2026-08-17 22:25:03,331 INFO o.a.j.t.JMeterThread: Thread started: TG Load (34 VU) 1-23
2026-08-17 22:25:05,328 INFO o.a.j.t.JMeterThread: Thread started: TG Load (34 VU) 1-24
2026-08-17 22:25:07,329 INFO o.a.j.t.JMeterThread: Thread started: TG Load (34 VU) 1-25
2026-08-17 22:25:09,326 INFO o.a.j.t.JMeterThread: Thread started: TG Load (34 VU) 1-26
2026-08-17 22:25:11,322 INFO o.a.j.t.JMeterThread: Thread started: TG Load (34 VU) 1-27
2026-08-17 22:25:13,319 INFO o.a.j.t.JMeterThread: Thread started: TG Load (34 VU) 1-28
2026-08-17 22:25:15,320 INFO o.a.j.t.JMeterThread: Thread started: TG Load (34 VU) 1-29
2026-08-17 22:25:17,320 INFO o.a.j.t.JMeterThread: Thread started: TG Load (34 VU) 1-30
2026-08-17 22:25:19,318 INFO o.a.j.t.JMeterThread: Thread started: TG Load (34 VU) 1-31
2026-08-17 22:25:21,318 INFO o.a.j.t.JMeterThread: Thread started: TG Load (34 VU) 1-32
2026-08-17 22:25:23,315 INFO o.a.j.t.JMeterThread: Thread started: TG Load (34 VU) 1-33
2026-08-17 22:25:25,313 INFO o.a.j.t.JMeterThread: Thread started: TG Load (34 VU) 1-34
2026-08-17 22:25:30,062 INFO o.a.j.r.Summariser: summary +   1678 in 00:00:30 =   55.8/s Avg:     4 Min:     0 Max:    42 Err:     0 (0.00%) Active: 34 Started: 34 Finished: 0
2026-08-17 22:25:30,063 INFO o.a.j.r.Summariser: summary =   2538 in 00:01:11 =   35.8/s Avg:     4 Min:     0 Max:    47 Err:     0 (0.00%)
2026-08-17 22:26:00,034 INFO o.a.j.r.Summariser: summary +   2034 in 00:00:30 =   67.9/s Avg:     3 Min:     0 Max:    37 Err:     0 (0.00%) Active: 34 Started: 34 Finished: 0
2026-08-17 22:26:00,035 INFO o.a.j.r.Summariser: summary =   4572 in 00:01:41 =   45.3/s Avg:     3 Min:     0 Max:    47 Err:     0 (0.00%)
2026-08-17 22:26:30,024 INFO o.a.j.r.Summariser: summary +   2007 in 00:00:30 =   66.9/s Avg:     3 Min:     0 Max:    38 Err:     0 (0.00%) Active: 34 Started: 34 Finished: 0
2026-08-17 22:26:30,024 INFO o.a.j.r.Summariser: summary =   6579 in 00:02:11 =   50.3/s Avg:     3 Min:     0 Max:    47 Err:     0 (0.00%)
2026-08-17 22:27:00,004 INFO o.a.j.r.Summariser: summary +   2014 in 00:00:30 =   67.2/s Avg:     4 Min:     0 Max:    38 Err:     0 (0.00%) Active: 34 Started: 34 Finished: 0
2026-08-17 22:27:00,004 INFO o.a.j.r.Summariser: summary =   8593 in 00:02:41 =   53.4/s Avg:     3 Min:     0 Max:    47 Err:     0 (0.00%)
2026-08-17 22:27:30,022 INFO o.a.j.r.Summariser: summary +   2029 in 00:00:30 =   67.6/s Avg:     4 Min:     0 Max:    42 Err:     0 (0.00%) Active: 34 Started: 34 Finished: 0
2026-08-17 22:27:30,023 INFO o.a.j.r.Summariser: summary =  10622 in 00:03:11 =   55.7/s Avg:     4 Min:     0 Max:    47 Err:     0 (0.00%)
2026-08-17 22:28:00,008 INFO o.a.j.r.Summariser: summary +   2022 in 00:00:30 =   67.4/s Avg:     4 Min:     0 Max:    34 Err:     0 (0.00%) Active: 34 Started: 34 Finished: 0
2026-08-17 22:28:00,009 INFO o.a.j.r.Summariser: summary =  12644 in 00:03:41 =   57.3/s Avg:     4 Min:     0 Max:    47 Err:     0 (0.00%)
2026-08-17 22:28:30,012 INFO o.a.j.r.Summariser: summary +   2032 in 00:00:30 =   67.7/s Avg:     3 Min:     0 Max:    39 Err:     0 (0.00%) Active: 34 Started: 34 Finished: 0
2026-08-17 22:28:30,012 INFO o.a.j.r.Summariser: summary =  14676 in 00:04:11 =   58.5/s Avg:     4 Min:     0 Max:    47 Err:     0 (0.00%)
2026-08-17 22:29:00,021 INFO o.a.j.r.Summariser: summary +   2029 in 00:00:30 =   67.6/s Avg:     3 Min:     0 Max:    30 Err:     0 (0.00%) Active: 34 Started: 34 Finished: 0
2026-08-17 22:29:00,022 INFO o.a.j.r.Summariser: summary =  16705 in 00:04:41 =   59.5/s Avg:     3 Min:     0 Max:    47 Err:     0 (0.00%)
2026-08-17 22:29:30,017 INFO o.a.j.r.Summariser: summary +   2025 in 00:00:30 =   67.5/s Avg:     3 Min:     0 Max:    23 Err:     0 (0.00%) Active: 34 Started: 34 Finished: 0
2026-08-17 22:29:30,017 INFO o.a.j.r.Summariser: summary =  18730 in 00:05:11 =   60.3/s Avg:     3 Min:     0 Max:    47 Err:     0 (0.00%)
2026-08-17 22:30:00,006 INFO o.a.j.r.Summariser: summary +   2020 in 00:00:30 =   67.4/s Avg:     3 Min:     0 Max:    30 Err:     0 (0.00%) Active: 34 Started: 34 Finished: 0
2026-08-17 22:30:00,008 INFO o.a.j.r.Summariser: summary =  20750 in 00:05:41 =   60.9/s Avg:     3 Min:     0 Max:    47 Err:     0 (0.00%)
2026-08-17 22:30:30,006 INFO o.a.j.r.Summariser: summary +   2043 in 00:00:30 =   68.1/s Avg:     3 Min:     0 Max:    34 Err:     0 (0.00%) Active: 34 Started: 34 Finished: 0
2026-08-17 22:30:30,007 INFO o.a.j.r.Summariser: summary =  22793 in 00:06:11 =   61.5/s Avg:     3 Min:     0 Max:    47 Err:     0 (0.00%)
2026-08-17 22:31:00,001 INFO o.a.j.r.Summariser: summary +   2019 in 00:00:30 =   67.3/s Avg:     4 Min:     0 Max:    35 Err:     0 (0.00%) Active: 34 Started: 34 Finished: 0
2026-08-17 22:31:00,001 INFO o.a.j.r.Summariser: summary =  24812 in 00:06:41 =   61.9/s Avg:     3 Min:     0 Max:    47 Err:     0 (0.00%)
2026-08-17 22:31:30,006 INFO o.a.j.r.Summariser: summary +   2023 in 00:00:30 =   67.4/s Avg:     4 Min:     0 Max:    49 Err:     0 (0.00%) Active: 34 Started: 34 Finished: 0
2026-08-17 22:31:30,008 INFO o.a.j.r.Summariser: summary =  26835 in 00:07:11 =   62.3/s Avg:     3 Min:     0 Max:    49 Err:     0 (0.00%)
2026-08-17 22:32:00,001 INFO o.a.j.r.Summariser: summary +   2025 in 00:00:30 =   67.5/s Avg:     3 Min:     0 Max:    52 Err:     0 (0.00%) Active: 34 Started: 34 Finished: 0
2026-08-17 22:32:00,002 INFO o.a.j.r.Summariser: summary =  28860 in 00:07:41 =   62.6/s Avg:     3 Min:     0 Max:    52 Err:     0 (0.00%)
2026-08-17 22:32:30,011 INFO o.a.j.r.Summariser: summary +   2015 in 00:00:30 =   67.1/s Avg:     3 Min:     0 Max:    42 Err:     0 (0.00%) Active: 34 Started: 34 Finished: 0
2026-08-17 22:32:30,011 INFO o.a.j.r.Summariser: summary =  30875 in 00:08:11 =   62.9/s Avg:     3 Min:     0 Max:    52 Err:     0 (0.00%)
2026-08-17 22:33:00,030 INFO o.a.j.r.Summariser: summary +   2031 in 00:00:30 =   67.7/s Avg:     4 Min:     0 Max:    45 Err:     0 (0.00%) Active: 34 Started: 34 Finished: 0
2026-08-17 22:33:00,031 INFO o.a.j.r.Summariser: summary =  32906 in 00:08:41 =   63.2/s Avg:     3 Min:     0 Max:    52 Err:     0 (0.00%)
2026-08-17 22:33:30,055 INFO o.a.j.r.Summariser: summary +   2009 in 00:00:30 =   66.9/s Avg:     4 Min:     0 Max:    41 Err:     0 (0.00%) Active: 34 Started: 34 Finished: 0
2026-08-17 22:33:30,055 INFO o.a.j.r.Summariser: summary =  34915 in 00:09:11 =   63.4/s Avg:     3 Min:     0 Max:    52 Err:     0 (0.00%)
2026-08-17 22:34:00,015 INFO o.a.j.r.Summariser: summary +   2022 in 00:00:30 =   67.5/s Avg:     4 Min:     0 Max:    33 Err:     0 (0.00%) Active: 34 Started: 34 Finished: 0
2026-08-17 22:34:00,016 INFO o.a.j.r.Summariser: summary =  36937 in 00:09:41 =   63.6/s Avg:     4 Min:     0 Max:    52 Err:     0 (0.00%)
2026-08-17 22:34:30,021 INFO o.a.j.r.Summariser: summary +   2013 in 00:00:30 =   67.1/s Avg:     4 Min:     0 Max:    41 Err:     0 (0.00%) Active: 34 Started: 34 Finished: 0
2026-08-17 22:34:30,022 INFO o.a.j.r.Summariser: summary =  38950 in 00:10:11 =   63.8/s Avg:     4 Min:     0 Max:    52 Err:     0 (0.00%)
2026-08-17 22:35:00,000 INFO o.a.j.r.Summariser: summary +   2025 in 00:00:30 =   67.5/s Avg:     4 Min:     0 Max:    41 Err:     0 (0.00%) Active: 34 Started: 34 Finished: 0
2026-08-17 22:35:00,000 INFO o.a.j.r.Summariser: summary =  40975 in 00:10:41 =   63.9/s Avg:     4 Min:     0 Max:    52 Err:     0 (0.00%)
2026-08-17 22:35:26,543 INFO o.a.j.t.JMeterThread: Thread finished: TG Load (34 VU) 1-11
2026-08-17 22:35:26,628 INFO o.a.j.t.JMeterThread: Thread finished: TG Load (34 VU) 1-15
2026-08-17 22:35:26,674 INFO o.a.j.t.JMeterThread: Thread finished: TG Load (34 VU) 1-18
2026-08-17 22:35:26,674 INFO o.a.j.t.JMeterThread: Thread finished: TG Load (34 VU) 1-16
2026-08-17 22:35:26,760 INFO o.a.j.t.JMeterThread: Thread finished: TG Load (34 VU) 1-19
2026-08-17 22:35:26,761 INFO o.a.j.t.JMeterThread: Thread finished: TG Load (34 VU) 1-5
2026-08-17 22:35:26,765 INFO o.a.j.t.JMeterThread: Thread finished: TG Load (34 VU) 1-33
2026-08-17 22:35:26,789 INFO o.a.j.t.JMeterThread: Thread finished: TG Load (34 VU) 1-13
2026-08-17 22:35:26,859 INFO o.a.j.t.JMeterThread: Thread finished: TG Load (34 VU) 1-7
2026-08-17 22:35:26,879 INFO o.a.j.t.JMeterThread: Thread finished: TG Load (34 VU) 1-28
2026-08-17 22:35:26,883 INFO o.a.j.t.JMeterThread: Thread finished: TG Load (34 VU) 1-20
2026-08-17 22:35:26,885 INFO o.a.j.t.JMeterThread: Thread finished: TG Load (34 VU) 1-12
2026-08-17 22:35:26,924 INFO o.a.j.t.JMeterThread: Thread finished: TG Load (34 VU) 1-8
2026-08-17 22:35:26,924 INFO o.a.j.t.JMeterThread: Thread finished: TG Load (34 VU) 1-14
2026-08-17 22:35:26,931 INFO o.a.j.t.JMeterThread: Thread finished: TG Load (34 VU) 1-4
2026-08-17 22:35:26,960 INFO o.a.j.t.JMeterThread: Thread finished: TG Load (34 VU) 1-9
2026-08-17 22:35:26,964 INFO o.a.j.t.JMeterThread: Thread finished: TG Load (34 VU) 1-6
2026-08-17 22:35:26,966 INFO o.a.j.t.JMeterThread: Thread finished: TG Load (34 VU) 1-26
2026-08-17 22:35:26,988 INFO o.a.j.t.JMeterThread: Thread finished: TG Load (34 VU) 1-23
2026-08-17 22:35:26,997 INFO o.a.j.t.JMeterThread: Thread finished: TG Load (34 VU) 1-34
2026-08-17 22:35:27,002 INFO o.a.j.t.JMeterThread: Thread finished: TG Load (34 VU) 1-21
2026-08-17 22:35:27,014 INFO o.a.j.t.JMeterThread: Thread finished: TG Load (34 VU) 1-29
2026-08-17 22:35:27,025 INFO o.a.j.t.JMeterThread: Thread finished: TG Load (34 VU) 1-25
2026-08-17 22:35:27,026 INFO o.a.j.t.JMeterThread: Thread finished: TG Load (34 VU) 1-27
2026-08-17 22:35:27,040 INFO o.a.j.t.JMeterThread: Thread finished: TG Load (34 VU) 1-24
2026-08-17 22:35:27,072 INFO o.a.j.t.JMeterThread: Thread finished: TG Load (34 VU) 1-22
2026-08-17 22:35:27,081 INFO o.a.j.t.JMeterThread: Thread finished: TG Load (34 VU) 1-2
2026-08-17 22:35:27,092 INFO o.a.j.t.JMeterThread: Thread finished: TG Load (34 VU) 1-31
2026-08-17 22:35:27,095 INFO o.a.j.t.JMeterThread: Thread finished: TG Load (34 VU) 1-1
2026-08-17 22:35:27,108 INFO o.a.j.t.JMeterThread: Thread finished: TG Load (34 VU) 1-10
2026-08-17 22:35:27,122 INFO o.a.j.t.JMeterThread: Thread finished: TG Load (34 VU) 1-3
2026-08-17 22:35:27,183 INFO o.a.j.t.JMeterThread: Thread finished: TG Load (34 VU) 1-17
2026-08-17 22:35:27,203 INFO o.a.j.t.JMeterThread: Thread finished: TG Load (34 VU) 1-32
2026-08-17 22:35:27,241 INFO o.a.j.t.JMeterThread: Thread finished: TG Load (34 VU) 1-30
2026-08-17 22:35:27,241 INFO o.a.j.e.StandardJMeterEngine: Notifying test listeners of end of test
2026-08-17 22:35:27,241 INFO o.a.j.s.FileServer: Close: D:/Sem_9_25_26/Kiem_Thu_Phan_Mem/homework/software__testing/HW05/data/search_keywords.csv
2026-08-17 22:35:27,241 INFO o.a.j.s.FileServer: Close: D:/Sem_9_25_26/Kiem_Thu_Phan_Mem/homework/software__testing/HW05/data/order_payloads.csv
2026-08-17 22:35:27,241 INFO o.a.j.s.FileServer: Close: D:/Sem_9_25_26/Kiem_Thu_Phan_Mem/homework/software__testing/HW05/data/credentials.csv
2026-08-17 22:35:27,254 INFO o.a.j.r.Summariser: summary +   1835 in 00:00:27 =   67.3/s Avg:     4 Min:     0 Max:    35 Err:     0 (0.00%) Active: 0 Started: 34 Finished: 34
2026-08-17 22:35:27,254 INFO o.a.j.r.Summariser: summary =  42810 in 00:11:08 =   64.1/s Avg:     4 Min:     0 Max:    52 Err:     0 (0.00%)
2026-08-17 22:35:27,254 INFO o.a.j.JMeter: Generating Dashboard
2026-08-17 22:35:27,254 INFO o.a.j.r.d.ReportGenerator: Flushing result collector before report Generation
2026-08-17 22:35:27,355 INFO o.a.j.r.p.NormalizerSampleConsumer: Using format, 'ms', to parse timeStamp field
2026-08-17 22:35:28,934 INFO o.a.j.r.p.AbstractSampleConsumer: class org.apache.jmeter.report.processor.AggregateConsumer#stopProducing(): beginDate produced 0 samples
2026-08-17 22:35:28,936 INFO o.a.j.r.p.AbstractSampleConsumer: class org.apache.jmeter.report.processor.AggregateConsumer#stopProducing(): endDate produced 0 samples
2026-08-17 22:35:28,940 INFO o.a.j.r.p.AbstractSampleConsumer: class org.apache.jmeter.report.processor.ApdexSummaryConsumer#stopProducing(): apdexSummary produced 0 samples
2026-08-17 22:35:28,940 INFO o.a.j.r.p.AbstractSampleConsumer: class org.apache.jmeter.report.processor.RequestsSummaryConsumer#stopProducing(): requestsSummary produced 0 samples
2026-08-17 22:35:28,962 INFO o.a.j.r.p.AbstractSampleConsumer: class org.apache.jmeter.report.processor.StatisticsSummaryConsumer#stopProducing(): statisticsSummary produced 0 samples
2026-08-17 22:35:28,964 INFO o.a.j.r.p.AbstractSampleConsumer: class org.apache.jmeter.report.processor.Top5ErrorsBySamplerConsumer#stopProducing(): top5ErrorsBySampler produced 0 samples
2026-08-17 22:35:28,964 INFO o.a.j.r.p.AbstractSampleConsumer: class org.apache.jmeter.report.processor.ErrorsSummaryConsumer#stopProducing(): errorsSummary produced 0 samples
2026-08-17 22:35:28,965 INFO o.a.j.r.p.AbstractSampleConsumer: class org.apache.jmeter.report.processor.graph.impl.HitsPerSecondGraphConsumer#stopProducing(): hitsPerSecond produced 0 samples
2026-08-17 22:35:29,392 INFO o.a.j.r.p.AbstractSampleConsumer: class org.apache.jmeter.report.processor.graph.impl.LatencyVSRequestGraphConsumer#stopProducing(): latencyVsRequest produced 0 samples
2026-08-17 22:35:29,395 INFO o.a.j.r.p.AbstractSampleConsumer: class org.apache.jmeter.report.processor.graph.impl.SyntheticResponseTimeDistributionGraphConsumer#stopProducing(): syntheticResponseTimeDistribution produced 0 samples
2026-08-17 22:35:29,395 INFO o.a.j.r.p.AbstractSampleConsumer: class org.apache.jmeter.report.processor.graph.impl.BytesThroughputGraphConsumer#stopProducing(): bytesThroughputOverTime produced 0 samples
2026-08-17 22:35:29,395 INFO o.a.j.r.p.AbstractSampleConsumer: class org.apache.jmeter.report.processor.graph.impl.CodesPerSecondGraphConsumer#stopProducing(): codesPerSecond produced 0 samples
2026-08-17 22:35:29,686 INFO o.a.j.r.p.AbstractSampleConsumer: class org.apache.jmeter.report.processor.graph.impl.ResponseTimeVSRequestGraphConsumer#stopProducing(): responseTimeVsRequest produced 0 samples
2026-08-17 22:35:29,686 INFO o.a.j.r.p.AbstractSampleConsumer: class org.apache.jmeter.report.processor.FilterConsumer#stopProducing(): startIntervalControlerFilter produced 299670 samples
2026-08-17 22:35:29,686 INFO o.a.j.r.p.AbstractSampleConsumer: class org.apache.jmeter.report.processor.graph.impl.TotalTPSGraphConsumer#stopProducing(): totalTPS produced 0 samples
2026-08-17 22:35:29,686 INFO o.a.j.r.p.AbstractSampleConsumer: class org.apache.jmeter.report.processor.graph.impl.ActiveThreadsGraphConsumer#stopProducing(): activeThreadsOverTime produced 0 samples
2026-08-17 22:35:29,686 INFO o.a.j.r.p.AbstractSampleConsumer: class org.apache.jmeter.report.processor.graph.impl.TimeVSThreadGraphConsumer#stopProducing(): timeVsThreads produced 0 samples
2026-08-17 22:35:29,686 INFO o.a.j.r.p.AbstractSampleConsumer: class org.apache.jmeter.report.processor.graph.impl.ResponseTimeDistributionGraphConsumer#stopProducing(): responseTimeDistribution produced 0 samples
2026-08-17 22:35:29,686 INFO o.a.j.r.p.AbstractSampleConsumer: class org.apache.jmeter.report.processor.graph.impl.TransactionsPerSecondGraphConsumer#stopProducing(): transactionsPerSecond produced 0 samples
2026-08-17 22:35:29,686 INFO o.a.j.r.p.AbstractSampleConsumer: class org.apache.jmeter.report.processor.graph.impl.ResponseTimePercentilesGraphConsumer#stopProducing(): responseTimePercentiles produced 0 samples
2026-08-17 22:35:29,686 INFO o.a.j.r.p.AbstractSampleConsumer: class org.apache.jmeter.report.processor.graph.impl.ResponseTimePercentilesOverTimeGraphConsumer#stopProducing(): responseTimePercentilesOverTime produced 0 samples
2026-08-17 22:35:29,698 INFO o.a.j.r.p.AbstractSampleConsumer: class org.apache.jmeter.report.processor.graph.impl.ResponseTimeOverTimeGraphConsumer#stopProducing(): responseTimesOverTime produced 0 samples
2026-08-17 22:35:29,698 INFO o.a.j.r.p.AbstractSampleConsumer: class org.apache.jmeter.report.processor.graph.impl.ConnectTimeOverTimeGraphConsumer#stopProducing(): connectTimeOverTime produced 0 samples
2026-08-17 22:35:29,699 INFO o.a.j.r.p.AbstractSampleConsumer: class org.apache.jmeter.report.processor.graph.impl.LatencyOverTimeGraphConsumer#stopProducing(): latenciesOverTime produced 0 samples
2026-08-17 22:35:29,699 INFO o.a.j.r.p.AbstractSampleConsumer: class org.apache.jmeter.report.processor.FilterConsumer#stopProducing(): nameFilter produced 770505 samples
2026-08-17 22:35:29,699 INFO o.a.j.r.p.AbstractSampleConsumer: class org.apache.jmeter.report.processor.FilterConsumer#stopProducing(): dateRangeFilter produced 154101 samples
2026-08-17 22:35:29,699 INFO o.a.j.r.p.AbstractSampleConsumer: class org.apache.jmeter.report.processor.NormalizerSampleConsumer#stopProducing(): normalizer produced 51367 samples
2026-08-17 22:35:29,699 INFO o.a.j.r.p.CsvFileSampleSource: produce(): 51367 samples produced in 2s 307 ms on channel 0
2026-08-17 22:35:29,699 INFO o.a.j.r.d.ReportGenerator: Exporting data using exporter:'json' of className:'org.apache.jmeter.report.dashboard.JsonExporter'
2026-08-17 22:35:29,814 INFO o.a.j.r.d.JsonExporter: Found data for consumer statisticsSummary in context
2026-08-17 22:35:29,814 INFO o.a.j.r.d.JsonExporter: Creating statistics for overall
2026-08-17 22:35:29,816 INFO o.a.j.r.d.JsonExporter: Creating statistics for other transactions
2026-08-17 22:35:29,816 INFO o.a.j.r.d.JsonExporter: Checking output folder
2026-08-17 22:35:29,816 INFO o.a.j.r.d.JsonExporter: Writing statistics JSON to D:\Sem_9_25_26\Kiem_Thu_Phan_Mem\homework\software__testing\HW05\results\23127184_Load_20260817_20260817-222415\report\statistics.json
2026-08-17 22:35:29,866 INFO o.a.j.r.d.ReportGenerator: Exporting data using exporter:'html' of className:'org.apache.jmeter.report.dashboard.HtmlTemplateExporter'
2026-08-17 22:35:29,869 INFO o.a.j.r.d.HtmlTemplateExporter: Will generate dashboard in folder: D:\Sem_9_25_26\Kiem_Thu_Phan_Mem\homework\software__testing\HW05\results\23127184_Load_20260817_20260817-222415\report
2026-08-17 22:35:30,035 INFO o.a.j.r.d.HtmlTemplateExporter: Report will be generated in: D:\Sem_9_25_26\Kiem_Thu_Phan_Mem\homework\software__testing\HW05\results\23127184_Load_20260817_20260817-222415\report, creating folder structure
2026-08-17 22:35:30,035 INFO o.a.j.r.d.TemplateVisitor: Copying folder from 'C:\Users\HP\scoop\apps\jmeter\current\bin\report-template' to 'D:\Sem_9_25_26\Kiem_Thu_Phan_Mem\homework\software__testing\HW05\results\23127184_Load_20260817_20260817-222415\report', got message: D:\Sem_9_25_26\Kiem_Thu_Phan_Mem\homework\software__testing\HW05\results\23127184_Load_20260817_20260817-222415\report, found non empty folder with following content [D:\Sem_9_25_26\Kiem_Thu_Phan_Mem\homework\software__testing\HW05\results\23127184_Load_20260817_20260817-222415\report\statistics.json], will be ignored
2026-08-17 22:35:30,467 INFO o.a.j.JMeter: Dashboard generated
