2026-08-17 22:48:20,451 INFO o.a.j.u.JMeterUtils: Setting Locale to en_EN
2026-08-17 22:48:20,471 INFO o.a.j.JMeter: Loading user properties from: C:\Users\HP\scoop\apps\jmeter\current\bin\user.properties
2026-08-17 22:48:20,471 INFO o.a.j.JMeter: Loading system properties from: C:\Users\HP\scoop\apps\jmeter\current\bin\system.properties
2026-08-17 22:48:20,471 INFO o.a.j.JMeter: Setting JMeter property: data.dir=D:/Sem_9_25_26/Kiem_Thu_Phan_Mem/homework/software__testing/HW05/data
2026-08-17 22:48:20,481 INFO o.a.j.JMeter: Copyright (c) 1998-2024 The Apache Software Foundation
2026-08-17 22:48:20,481 INFO o.a.j.JMeter: Version 5.6.3
2026-08-17 22:48:20,484 INFO o.a.j.JMeter: java.version=21.0.12
2026-08-17 22:48:20,484 INFO o.a.j.JMeter: java.vm.name=OpenJDK 64-Bit Server VM
2026-08-17 22:48:20,484 INFO o.a.j.JMeter: os.name=Windows 11
2026-08-17 22:48:20,485 INFO o.a.j.JMeter: os.arch=amd64
2026-08-17 22:48:20,485 INFO o.a.j.JMeter: os.version=10.0
2026-08-17 22:48:20,485 INFO o.a.j.JMeter: file.encoding=UTF-8
2026-08-17 22:48:20,485 INFO o.a.j.JMeter: java.awt.headless=true
2026-08-17 22:48:20,485 INFO o.a.j.JMeter: Max memory     =1073741824
2026-08-17 22:48:20,485 INFO o.a.j.JMeter: Available Processors =8
2026-08-17 22:48:20,497 INFO o.a.j.JMeter: Default Locale=English (EN)
2026-08-17 22:48:20,497 INFO o.a.j.JMeter: JMeter  Locale=English (EN)
2026-08-17 22:48:20,497 INFO o.a.j.JMeter: JMeterHome=C:\Users\HP\scoop\apps\jmeter\current
2026-08-17 22:48:20,497 INFO o.a.j.JMeter: user.dir  =D:\Sem_9_25_26\Kiem_Thu_Phan_Mem\homework\software__testing\HW05
2026-08-17 22:48:20,497 INFO o.a.j.JMeter: PWD       =D:\Sem_9_25_26\Kiem_Thu_Phan_Mem\homework\software__testing\HW05
2026-08-17 22:48:20,507 INFO o.a.j.JMeter: IP: 192.168.100.82 Name: KieuDuyen FullName: KieuDuyen.lan
2026-08-17 22:48:20,532 INFO o.a.j.JMeter: Setting property 'jmeter.reportgenerator.outputdir' to:'D:\Sem_9_25_26\Kiem_Thu_Phan_Mem\homework\software__testing\HW05\results\23127184_Spike_20260817_20260817-224818\report'
2026-08-17 22:48:20,536 INFO o.a.j.s.FileServer: Default base='D:\Sem_9_25_26\Kiem_Thu_Phan_Mem\homework\software__testing\HW05'
2026-08-17 22:48:20,538 INFO o.a.j.s.FileServer: Set new base='D:\Sem_9_25_26\Kiem_Thu_Phan_Mem\homework\software__testing\HW05\test-plans'
2026-08-17 22:48:20,883 INFO o.a.j.s.SaveService: Testplan (JMX) version: 2.2. Testlog (JTL) version: 2.2
2026-08-17 22:48:20,924 INFO o.a.j.s.SaveService: Using SaveService properties version 5.0
2026-08-17 22:48:20,930 INFO o.a.j.s.SaveService: Using SaveService properties file encoding UTF-8
2026-08-17 22:48:20,936 INFO o.a.j.s.SaveService: Loading file: D:\Sem_9_25_26\Kiem_Thu_Phan_Mem\homework\software__testing\HW05\test-plans\23127184_Spike_20260817.jmx
2026-08-17 22:48:21,025 INFO o.a.j.p.h.s.HTTPSamplerBase: Parser for text/html is org.apache.jmeter.protocol.http.parser.LagartoBasedHtmlParser
2026-08-17 22:48:21,025 INFO o.a.j.p.h.s.HTTPSamplerBase: Parser for application/xhtml+xml is org.apache.jmeter.protocol.http.parser.LagartoBasedHtmlParser
2026-08-17 22:48:21,025 INFO o.a.j.p.h.s.HTTPSamplerBase: Parser for application/xml is org.apache.jmeter.protocol.http.parser.LagartoBasedHtmlParser
2026-08-17 22:48:21,025 INFO o.a.j.p.h.s.HTTPSamplerBase: Parser for text/xml is org.apache.jmeter.protocol.http.parser.LagartoBasedHtmlParser
2026-08-17 22:48:21,025 INFO o.a.j.p.h.s.HTTPSamplerBase: Parser for text/vnd.wap.wml is org.apache.jmeter.protocol.http.parser.RegexpHTMLParser
2026-08-17 22:48:21,025 INFO o.a.j.p.h.s.HTTPSamplerBase: Parser for text/css is org.apache.jmeter.protocol.http.parser.CssParser
2026-08-17 22:48:21,084 INFO o.a.j.JMeter: Creating summariser <summary>
2026-08-17 22:48:21,093 INFO o.a.j.r.d.ReportGenerator: ReportGenerator will use for Parsing the separator: ','
2026-08-17 22:48:21,093 INFO o.a.j.r.d.ReportGenerator: Will generate report at end of test from  results file: results\23127184_Spike_20260817_20260817-224818\result.jtl
2026-08-17 22:48:21,095 INFO o.a.j.r.d.ReportGenerator: Reading report generator properties from: C:\Users\HP\scoop\apps\jmeter\current\bin\reportgenerator.properties
2026-08-17 22:48:21,095 INFO o.a.j.r.d.ReportGenerator: Merging with JMeter properties
2026-08-17 22:48:21,100 INFO o.a.j.r.c.ReportGeneratorConfiguration: Property 'jmeter.reportgenerator.temp_dir' not found, using default value 'temp' instead.
2026-08-17 22:48:21,104 INFO o.a.j.r.c.ReportGeneratorConfiguration: Property 'jmeter.reportgenerator.apdex_per_transaction' not found, using default value 'null' instead.
2026-08-17 22:48:21,104 INFO o.a.j.r.c.ReportGeneratorConfiguration: apdex_per_transaction is empty, not APDEX per transaction customization
2026-08-17 22:48:21,104 INFO o.a.j.r.c.ReportGeneratorConfiguration: Property 'jmeter.reportgenerator.sample_filter' not found, using default value 'null' instead.
2026-08-17 22:48:21,104 INFO o.a.j.r.c.ReportGeneratorConfiguration: Property 'jmeter.reportgenerator.report_title' not found, using default value 'null' instead.
2026-08-17 22:48:21,104 INFO o.a.j.r.c.ReportGeneratorConfiguration: Property 'jmeter.reportgenerator.start_date' not found, using default value 'null' instead.
2026-08-17 22:48:21,104 INFO o.a.j.r.c.ReportGeneratorConfiguration: Property 'jmeter.reportgenerator.end_date' not found, using default value 'null' instead.
2026-08-17 22:48:21,104 INFO o.a.j.r.c.ReportGeneratorConfiguration: Property 'jmeter.reportgenerator.date_format' not found, using default value 'null' instead.
2026-08-17 22:48:21,106 INFO o.a.j.r.c.ReportGeneratorConfiguration: Will use date range start date: null, end date: null
2026-08-17 22:48:21,110 INFO o.a.j.r.c.ReportGeneratorConfiguration: Property 'jmeter.reportgenerator.graph.totalTPS.exclude_controllers' not found, using default value 'false' instead.
2026-08-17 22:48:21,110 INFO o.a.j.r.c.ReportGeneratorConfiguration: Property 'jmeter.reportgenerator.graph.activeThreadsOverTime.exclude_controllers' not found, using default value 'false' instead.
2026-08-17 22:48:21,110 INFO o.a.j.r.c.ReportGeneratorConfiguration: Property 'jmeter.reportgenerator.graph.timeVsThreads.exclude_controllers' not found, using default value 'false' instead.
2026-08-17 22:48:21,110 INFO o.a.j.r.c.ReportGeneratorConfiguration: Property 'jmeter.reportgenerator.graph.responseTimeDistribution.exclude_controllers' not found, using default value 'false' instead.
2026-08-17 22:48:21,110 INFO o.a.j.r.c.ReportGeneratorConfiguration: Property 'jmeter.reportgenerator.graph.transactionsPerSecond.exclude_controllers' not found, using default value 'false' instead.
2026-08-17 22:48:21,110 INFO o.a.j.r.c.ReportGeneratorConfiguration: Property 'jmeter.reportgenerator.graph.responseTimePercentiles.exclude_controllers' not found, using default value 'false' instead.
2026-08-17 22:48:21,110 INFO o.a.j.r.c.ReportGeneratorConfiguration: Property 'jmeter.reportgenerator.graph.responseTimePercentilesOverTime.exclude_controllers' not found, using default value 'false' instead.
2026-08-17 22:48:21,110 INFO o.a.j.r.c.ReportGeneratorConfiguration: Property 'jmeter.reportgenerator.graph.responseTimesOverTime.exclude_controllers' not found, using default value 'false' instead.
2026-08-17 22:48:21,110 INFO o.a.j.r.c.ReportGeneratorConfiguration: Property 'jmeter.reportgenerator.graph.connectTimeOverTime.exclude_controllers' not found, using default value 'false' instead.
2026-08-17 22:48:21,113 INFO o.a.j.r.c.ReportGeneratorConfiguration: Property 'jmeter.reportgenerator.graph.latenciesOverTime.exclude_controllers' not found, using default value 'false' instead.
2026-08-17 22:48:21,113 INFO o.a.j.r.c.ReportGeneratorConfiguration: Property 'jmeter.reportgenerator.exporter.json.filters_only_sample_series' not found, using default value 'true' instead.
2026-08-17 22:48:21,113 INFO o.a.j.r.c.ReportGeneratorConfiguration: Property 'jmeter.reportgenerator.exporter.json.series_filter' not found, using default value '' instead.
2026-08-17 22:48:21,113 INFO o.a.j.r.c.ReportGeneratorConfiguration: Property 'jmeter.reportgenerator.exporter.json.show_controllers_only' not found, using default value 'false' instead.
2026-08-17 22:48:21,117 INFO o.a.j.r.c.ReportGeneratorConfiguration: Property 'jmeter.reportgenerator.exporter.html.filters_only_sample_series' not found, using default value 'true' instead.
2026-08-17 22:48:21,118 INFO o.a.j.r.c.ReportGeneratorConfiguration: Property 'jmeter.reportgenerator.exporter.html.series_filter' not found, using default value '' instead.
2026-08-17 22:48:21,118 INFO o.a.j.r.c.ReportGeneratorConfiguration: Property 'jmeter.reportgenerator.exporter.html.show_controllers_only' not found, using default value 'false' instead.
2026-08-17 22:48:21,146 INFO o.a.j.e.StandardJMeterEngine: Running the test!
2026-08-17 22:48:21,148 INFO o.a.j.s.SampleEvent: List of sample_variables: []
2026-08-17 22:48:21,148 INFO o.a.j.s.SampleEvent: List of sample_variables: []
2026-08-17 22:48:21,160 INFO o.a.j.e.u.CompoundVariable: Note: Function class names must contain the string: '.functions.'
2026-08-17 22:48:21,160 INFO o.a.j.e.u.CompoundVariable: Note: Function class names must not contain the string: '.gui.'
2026-08-17 22:48:21,276 INFO o.a.j.r.ClassFinder: Will scan jar C:\Users\HP\scoop\apps\jmeter\current\lib\ext\jmeter-plugins-manager-1.12.jar with filter ExtendsClassFilter [parents=[interface org.apache.jmeter.functions.Function], inner=false, contains=null, notContains=null]. Consider exposing JMeter plugins via META-INF/services, and add JMeter-Skip-Class-Scanning=true manifest attribute so JMeter can skip classfile scanning
2026-08-17 22:48:21,436 INFO o.a.j.JMeter: Running test (1786981701436)
2026-08-17 22:48:21,457 INFO o.a.j.e.StandardJMeterEngine: Starting ThreadGroup: 1 : TG baseline (17 VU, whole run)
2026-08-17 22:48:21,457 INFO o.a.j.e.StandardJMeterEngine: Starting 17 threads for group TG baseline (17 VU, whole run).
2026-08-17 22:48:21,457 INFO o.a.j.e.StandardJMeterEngine: Thread will continue on error
2026-08-17 22:48:21,460 INFO o.a.j.t.ThreadGroup: Starting thread group... number=1 threads=17 ramp-up=20 delayedStart=false
2026-08-17 22:48:21,473 INFO o.a.j.s.SampleResult: Note: Sample TimeStamps are START times
2026-08-17 22:48:21,473 INFO o.a.j.s.SampleResult: sampleresult.default.encoding is set to UTF-8
2026-08-17 22:48:21,473 INFO o.a.j.s.SampleResult: sampleresult.useNanoTime=true
2026-08-17 22:48:21,475 INFO o.a.j.s.SampleResult: sampleresult.nanoThreadSleep=5000
2026-08-17 22:48:21,486 INFO o.a.j.t.ThreadGroup: Started thread group number 1
2026-08-17 22:48:21,486 INFO o.a.j.e.StandardJMeterEngine: Starting ThreadGroup: 2 : TG spike (168 VU burst)
2026-08-17 22:48:21,486 INFO o.a.j.e.StandardJMeterEngine: Starting 168 threads for group TG spike (168 VU burst).
2026-08-17 22:48:21,486 INFO o.a.j.e.StandardJMeterEngine: Thread will continue on error
2026-08-17 22:48:21,486 INFO o.a.j.t.ThreadGroup: Starting thread group... number=2 threads=168 ramp-up=1 delayedStart=false
2026-08-17 22:48:21,677 INFO o.a.j.t.ThreadGroup: Started thread group number 2
2026-08-17 22:48:21,678 INFO o.a.j.e.StandardJMeterEngine: All thread groups have been started
2026-08-17 22:48:21,719 INFO o.a.j.t.JMeterThread: Thread started: TG baseline (17 VU, whole run) 1-1
2026-08-17 22:48:21,726 INFO o.a.j.s.FileServer: Stored: D:/Sem_9_25_26/Kiem_Thu_Phan_Mem/homework/software__testing/HW05/data/order_payloads.csv
2026-08-17 22:48:21,750 INFO o.a.j.s.FileServer: Stored: D:/Sem_9_25_26/Kiem_Thu_Phan_Mem/homework/software__testing/HW05/data/search_keywords.csv
2026-08-17 22:48:21,759 INFO o.a.j.s.FileServer: Stored: D:/Sem_9_25_26/Kiem_Thu_Phan_Mem/homework/software__testing/HW05/data/credentials.csv
2026-08-17 22:48:22,270 INFO o.a.j.p.h.s.HTTPHCAbstractImpl: Local host = KieuDuyen
2026-08-17 22:48:22,284 INFO o.a.j.p.h.s.HTTPHC4Impl: HTTP request retry count = 0
2026-08-17 22:48:22,895 INFO o.a.j.t.JMeterThread: Thread started: TG baseline (17 VU, whole run) 1-2
2026-08-17 22:48:24,066 INFO o.a.j.t.JMeterThread: Thread started: TG baseline (17 VU, whole run) 1-3
2026-08-17 22:48:25,241 INFO o.a.j.t.JMeterThread: Thread started: TG baseline (17 VU, whole run) 1-4
2026-08-17 22:48:25,282 INFO o.a.j.u.JsseSSLManager: Using default SSL protocol: TLS
2026-08-17 22:48:25,282 INFO o.a.j.u.JsseSSLManager: SSL session context: per-thread
2026-08-17 22:48:26,413 INFO o.a.j.t.JMeterThread: Thread started: TG baseline (17 VU, whole run) 1-5
2026-08-17 22:48:27,593 INFO o.a.j.t.JMeterThread: Thread started: TG baseline (17 VU, whole run) 1-6
2026-08-17 22:48:28,762 INFO o.a.j.t.JMeterThread: Thread started: TG baseline (17 VU, whole run) 1-7
2026-08-17 22:48:29,937 INFO o.a.j.t.JMeterThread: Thread started: TG baseline (17 VU, whole run) 1-8
2026-08-17 22:48:30,105 INFO o.a.j.r.Summariser: summary +     64 in 00:00:09 =    7.4/s Avg:     6 Min:     1 Max:    54 Err:     0 (0.00%) Active: 8 Started: 8 Finished: 0
2026-08-17 22:48:31,112 INFO o.a.j.t.JMeterThread: Thread started: TG baseline (17 VU, whole run) 1-9
2026-08-17 22:48:32,292 INFO o.a.j.t.JMeterThread: Thread started: TG baseline (17 VU, whole run) 1-10
2026-08-17 22:48:33,462 INFO o.a.j.t.JMeterThread: Thread started: TG baseline (17 VU, whole run) 1-11
2026-08-17 22:48:34,636 INFO o.a.j.t.JMeterThread: Thread started: TG baseline (17 VU, whole run) 1-12
2026-08-17 22:48:35,809 INFO o.a.j.t.JMeterThread: Thread started: TG baseline (17 VU, whole run) 1-13
2026-08-17 22:48:36,985 INFO o.a.j.t.JMeterThread: Thread started: TG baseline (17 VU, whole run) 1-14
2026-08-17 22:48:38,162 INFO o.a.j.t.JMeterThread: Thread started: TG baseline (17 VU, whole run) 1-15
2026-08-17 22:48:39,337 INFO o.a.j.t.JMeterThread: Thread started: TG baseline (17 VU, whole run) 1-16
2026-08-17 22:48:40,510 INFO o.a.j.t.JMeterThread: Thread started: TG baseline (17 VU, whole run) 1-17
2026-08-17 22:49:00,035 INFO o.a.j.r.Summariser: summary +    898 in 00:00:30 =   30.0/s Avg:     4 Min:     1 Max:    30 Err:     0 (0.00%) Active: 17 Started: 17 Finished: 0
2026-08-17 22:49:00,035 INFO o.a.j.r.Summariser: summary =    962 in 00:00:39 =   24.9/s Avg:     4 Min:     1 Max:    54 Err:     0 (0.00%)
2026-08-17 22:49:30,086 INFO o.a.j.r.Summariser: summary +   1020 in 00:00:30 =   33.9/s Avg:     4 Min:     1 Max:    28 Err:     0 (0.00%) Active: 17 Started: 17 Finished: 0
2026-08-17 22:49:30,087 INFO o.a.j.r.Summariser: summary =   1982 in 00:01:09 =   28.9/s Avg:     4 Min:     1 Max:    54 Err:     0 (0.00%)
2026-08-17 22:49:51,488 INFO o.a.j.t.JMeterThread: Thread started: TG spike (168 VU burst) 2-1
2026-08-17 22:49:51,496 INFO o.a.j.t.JMeterThread: Thread started: TG spike (168 VU burst) 2-2
2026-08-17 22:49:51,502 INFO o.a.j.t.JMeterThread: Thread started: TG spike (168 VU burst) 2-3
2026-08-17 22:49:51,507 INFO o.a.j.t.JMeterThread: Thread started: TG spike (168 VU burst) 2-4
2026-08-17 22:49:51,513 INFO o.a.j.t.JMeterThread: Thread started: TG spike (168 VU burst) 2-5
2026-08-17 22:49:51,519 INFO o.a.j.t.JMeterThread: Thread started: TG spike (168 VU burst) 2-6
2026-08-17 22:49:51,525 INFO o.a.j.t.JMeterThread: Thread started: TG spike (168 VU burst) 2-7
2026-08-17 22:49:51,531 INFO o.a.j.t.JMeterThread: Thread started: TG spike (168 VU burst) 2-8
2026-08-17 22:49:51,537 INFO o.a.j.t.JMeterThread: Thread started: TG spike (168 VU burst) 2-9
2026-08-17 22:49:51,544 INFO o.a.j.t.JMeterThread: Thread started: TG spike (168 VU burst) 2-10
2026-08-17 22:49:51,550 INFO o.a.j.t.JMeterThread: Thread started: TG spike (168 VU burst) 2-11
2026-08-17 22:49:51,556 INFO o.a.j.t.JMeterThread: Thread started: TG spike (168 VU burst) 2-12
2026-08-17 22:49:51,561 INFO o.a.j.t.JMeterThread: Thread started: TG spike (168 VU burst) 2-13
2026-08-17 22:49:51,568 INFO o.a.j.t.JMeterThread: Thread started: TG spike (168 VU burst) 2-14
2026-08-17 22:49:51,573 INFO o.a.j.t.JMeterThread: Thread started: TG spike (168 VU burst) 2-15
2026-08-17 22:49:51,579 INFO o.a.j.t.JMeterThread: Thread started: TG spike (168 VU burst) 2-16
2026-08-17 22:49:51,584 INFO o.a.j.t.JMeterThread: Thread started: TG spike (168 VU burst) 2-17
2026-08-17 22:49:51,590 INFO o.a.j.t.JMeterThread: Thread started: TG spike (168 VU burst) 2-18
2026-08-17 22:49:51,598 INFO o.a.j.t.JMeterThread: Thread started: TG spike (168 VU burst) 2-19
2026-08-17 22:49:51,603 INFO o.a.j.t.JMeterThread: Thread started: TG spike (168 VU burst) 2-20
2026-08-17 22:49:51,611 INFO o.a.j.t.JMeterThread: Thread started: TG spike (168 VU burst) 2-21
2026-08-17 22:49:51,616 INFO o.a.j.t.JMeterThread: Thread started: TG spike (168 VU burst) 2-22
2026-08-17 22:49:51,622 INFO o.a.j.t.JMeterThread: Thread started: TG spike (168 VU burst) 2-23
2026-08-17 22:49:51,627 INFO o.a.j.t.JMeterThread: Thread started: TG spike (168 VU burst) 2-24
2026-08-17 22:49:51,633 INFO o.a.j.t.JMeterThread: Thread started: TG spike (168 VU burst) 2-25
2026-08-17 22:49:51,640 INFO o.a.j.t.JMeterThread: Thread started: TG spike (168 VU burst) 2-26
2026-08-17 22:49:51,645 INFO o.a.j.t.JMeterThread: Thread started: TG spike (168 VU burst) 2-27
2026-08-17 22:49:51,652 INFO o.a.j.t.JMeterThread: Thread started: TG spike (168 VU burst) 2-28
2026-08-17 22:49:51,657 INFO o.a.j.t.JMeterThread: Thread started: TG spike (168 VU burst) 2-29
2026-08-17 22:49:51,663 INFO o.a.j.t.JMeterThread: Thread started: TG spike (168 VU burst) 2-30
2026-08-17 22:49:51,670 INFO o.a.j.t.JMeterThread: Thread started: TG spike (168 VU burst) 2-31
2026-08-17 22:49:51,676 INFO o.a.j.t.JMeterThread: Thread started: TG spike (168 VU burst) 2-32
2026-08-17 22:49:51,681 INFO o.a.j.t.JMeterThread: Thread started: TG spike (168 VU burst) 2-33
2026-08-17 22:49:51,687 INFO o.a.j.t.JMeterThread: Thread started: TG spike (168 VU burst) 2-34
2026-08-17 22:49:51,695 INFO o.a.j.t.JMeterThread: Thread started: TG spike (168 VU burst) 2-35
2026-08-17 22:49:51,699 INFO o.a.j.t.JMeterThread: Thread started: TG spike (168 VU burst) 2-36
2026-08-17 22:49:51,704 INFO o.a.j.t.JMeterThread: Thread started: TG spike (168 VU burst) 2-37
2026-08-17 22:49:51,712 INFO o.a.j.t.JMeterThread: Thread started: TG spike (168 VU burst) 2-38
2026-08-17 22:49:51,717 INFO o.a.j.t.JMeterThread: Thread started: TG spike (168 VU burst) 2-39
2026-08-17 22:49:51,724 INFO o.a.j.t.JMeterThread: Thread started: TG spike (168 VU burst) 2-40
2026-08-17 22:49:51,729 INFO o.a.j.t.JMeterThread: Thread started: TG spike (168 VU burst) 2-41
2026-08-17 22:49:51,736 INFO o.a.j.t.JMeterThread: Thread started: TG spike (168 VU burst) 2-42
2026-08-17 22:49:51,741 INFO o.a.j.t.JMeterThread: Thread started: TG spike (168 VU burst) 2-43
2026-08-17 22:49:51,748 INFO o.a.j.t.JMeterThread: Thread started: TG spike (168 VU burst) 2-44
2026-08-17 22:49:51,753 INFO o.a.j.t.JMeterThread: Thread started: TG spike (168 VU burst) 2-45
2026-08-17 22:49:51,759 INFO o.a.j.t.JMeterThread: Thread started: TG spike (168 VU burst) 2-46
2026-08-17 22:49:51,765 INFO o.a.j.t.JMeterThread: Thread started: TG spike (168 VU burst) 2-47
2026-08-17 22:49:51,772 INFO o.a.j.t.JMeterThread: Thread started: TG spike (168 VU burst) 2-48
2026-08-17 22:49:51,777 INFO o.a.j.t.JMeterThread: Thread started: TG spike (168 VU burst) 2-49
2026-08-17 22:49:51,783 INFO o.a.j.t.JMeterThread: Thread started: TG spike (168 VU burst) 2-50
2026-08-17 22:49:51,789 INFO o.a.j.t.JMeterThread: Thread started: TG spike (168 VU burst) 2-51
2026-08-17 22:49:51,795 INFO o.a.j.t.JMeterThread: Thread started: TG spike (168 VU burst) 2-52
2026-08-17 22:49:51,801 INFO o.a.j.t.JMeterThread: Thread started: TG spike (168 VU burst) 2-53
2026-08-17 22:49:51,807 INFO o.a.j.t.JMeterThread: Thread started: TG spike (168 VU burst) 2-54
2026-08-17 22:49:51,814 INFO o.a.j.t.JMeterThread: Thread started: TG spike (168 VU burst) 2-55
2026-08-17 22:49:51,819 INFO o.a.j.t.JMeterThread: Thread started: TG spike (168 VU burst) 2-56
2026-08-17 22:49:51,825 INFO o.a.j.t.JMeterThread: Thread started: TG spike (168 VU burst) 2-57
2026-08-17 22:49:51,832 INFO o.a.j.t.JMeterThread: Thread started: TG spike (168 VU burst) 2-58
2026-08-17 22:49:51,838 INFO o.a.j.t.JMeterThread: Thread started: TG spike (168 VU burst) 2-59
2026-08-17 22:49:51,844 INFO o.a.j.t.JMeterThread: Thread started: TG spike (168 VU burst) 2-60
2026-08-17 22:49:51,849 INFO o.a.j.t.JMeterThread: Thread started: TG spike (168 VU burst) 2-61
2026-08-17 22:49:51,854 INFO o.a.j.t.JMeterThread: Thread started: TG spike (168 VU burst) 2-62
2026-08-17 22:49:51,862 INFO o.a.j.t.JMeterThread: Thread started: TG spike (168 VU burst) 2-63
2026-08-17 22:49:51,868 INFO o.a.j.t.JMeterThread: Thread started: TG spike (168 VU burst) 2-64
2026-08-17 22:49:51,873 INFO o.a.j.t.JMeterThread: Thread started: TG spike (168 VU burst) 2-65
2026-08-17 22:49:51,879 INFO o.a.j.t.JMeterThread: Thread started: TG spike (168 VU burst) 2-66
2026-08-17 22:49:51,886 INFO o.a.j.t.JMeterThread: Thread started: TG spike (168 VU burst) 2-67
2026-08-17 22:49:51,893 INFO o.a.j.t.JMeterThread: Thread started: TG spike (168 VU burst) 2-68
2026-08-17 22:49:51,897 INFO o.a.j.t.JMeterThread: Thread started: TG spike (168 VU burst) 2-69
2026-08-17 22:49:51,904 INFO o.a.j.t.JMeterThread: Thread started: TG spike (168 VU burst) 2-70
2026-08-17 22:49:51,910 INFO o.a.j.t.JMeterThread: Thread started: TG spike (168 VU burst) 2-71
2026-08-17 22:49:51,915 INFO o.a.j.t.JMeterThread: Thread started: TG spike (168 VU burst) 2-72
2026-08-17 22:49:51,922 INFO o.a.j.t.JMeterThread: Thread started: TG spike (168 VU burst) 2-73
2026-08-17 22:49:51,927 INFO o.a.j.t.JMeterThread: Thread started: TG spike (168 VU burst) 2-74
2026-08-17 22:49:51,933 INFO o.a.j.t.JMeterThread: Thread started: TG spike (168 VU burst) 2-75
2026-08-17 22:49:51,940 INFO o.a.j.t.JMeterThread: Thread started: TG spike (168 VU burst) 2-76
2026-08-17 22:49:51,945 INFO o.a.j.t.JMeterThread: Thread started: TG spike (168 VU burst) 2-77
2026-08-17 22:49:51,951 INFO o.a.j.t.JMeterThread: Thread started: TG spike (168 VU burst) 2-78
2026-08-17 22:49:51,957 INFO o.a.j.t.JMeterThread: Thread started: TG spike (168 VU burst) 2-79
2026-08-17 22:49:51,963 INFO o.a.j.t.JMeterThread: Thread started: TG spike (168 VU burst) 2-80
2026-08-17 22:49:51,969 INFO o.a.j.t.JMeterThread: Thread started: TG spike (168 VU burst) 2-81
2026-08-17 22:49:51,975 INFO o.a.j.t.JMeterThread: Thread started: TG spike (168 VU burst) 2-82
2026-08-17 22:49:51,981 INFO o.a.j.t.JMeterThread: Thread started: TG spike (168 VU burst) 2-83
2026-08-17 22:49:51,987 INFO o.a.j.t.JMeterThread: Thread started: TG spike (168 VU burst) 2-84
2026-08-17 22:49:51,992 INFO o.a.j.t.JMeterThread: Thread started: TG spike (168 VU burst) 2-85
2026-08-17 22:49:51,999 INFO o.a.j.t.JMeterThread: Thread started: TG spike (168 VU burst) 2-86
2026-08-17 22:49:52,006 INFO o.a.j.t.JMeterThread: Thread started: TG spike (168 VU burst) 2-87
2026-08-17 22:49:52,011 INFO o.a.j.t.JMeterThread: Thread started: TG spike (168 VU burst) 2-88
2026-08-17 22:49:52,016 INFO o.a.j.t.JMeterThread: Thread started: TG spike (168 VU burst) 2-89
2026-08-17 22:49:52,024 INFO o.a.j.t.JMeterThread: Thread started: TG spike (168 VU burst) 2-90
2026-08-17 22:49:52,030 INFO o.a.j.t.JMeterThread: Thread started: TG spike (168 VU burst) 2-91
2026-08-17 22:49:52,035 INFO o.a.j.t.JMeterThread: Thread started: TG spike (168 VU burst) 2-92
2026-08-17 22:49:52,041 INFO o.a.j.t.JMeterThread: Thread started: TG spike (168 VU burst) 2-93
2026-08-17 22:49:52,047 INFO o.a.j.t.JMeterThread: Thread started: TG spike (168 VU burst) 2-94
2026-08-17 22:49:52,053 INFO o.a.j.t.JMeterThread: Thread started: TG spike (168 VU burst) 2-95
2026-08-17 22:49:52,060 INFO o.a.j.t.JMeterThread: Thread started: TG spike (168 VU burst) 2-96
2026-08-17 22:49:52,065 INFO o.a.j.t.JMeterThread: Thread started: TG spike (168 VU burst) 2-97
2026-08-17 22:49:52,071 INFO o.a.j.t.JMeterThread: Thread started: TG spike (168 VU burst) 2-98
2026-08-17 22:49:52,077 INFO o.a.j.t.JMeterThread: Thread started: TG spike (168 VU burst) 2-99
2026-08-17 22:49:52,084 INFO o.a.j.t.JMeterThread: Thread started: TG spike (168 VU burst) 2-100
2026-08-17 22:49:52,089 INFO o.a.j.t.JMeterThread: Thread started: TG spike (168 VU burst) 2-101
2026-08-17 22:49:52,095 INFO o.a.j.t.JMeterThread: Thread started: TG spike (168 VU burst) 2-102
2026-08-17 22:49:52,102 INFO o.a.j.t.JMeterThread: Thread started: TG spike (168 VU burst) 2-103
2026-08-17 22:49:52,107 INFO o.a.j.t.JMeterThread: Thread started: TG spike (168 VU burst) 2-104
2026-08-17 22:49:52,113 INFO o.a.j.t.JMeterThread: Thread started: TG spike (168 VU burst) 2-105
2026-08-17 22:49:52,119 INFO o.a.j.t.JMeterThread: Thread started: TG spike (168 VU burst) 2-106
2026-08-17 22:49:52,125 INFO o.a.j.t.JMeterThread: Thread started: TG spike (168 VU burst) 2-107
2026-08-17 22:49:52,131 INFO o.a.j.t.JMeterThread: Thread started: TG spike (168 VU burst) 2-108
2026-08-17 22:49:52,139 INFO o.a.j.t.JMeterThread: Thread started: TG spike (168 VU burst) 2-109
2026-08-17 22:49:52,143 INFO o.a.j.t.JMeterThread: Thread started: TG spike (168 VU burst) 2-110
2026-08-17 22:49:52,151 INFO o.a.j.t.JMeterThread: Thread started: TG spike (168 VU burst) 2-111
2026-08-17 22:49:52,156 INFO o.a.j.t.JMeterThread: Thread started: TG spike (168 VU burst) 2-112
2026-08-17 22:49:52,161 INFO o.a.j.t.JMeterThread: Thread started: TG spike (168 VU burst) 2-113
2026-08-17 22:49:52,167 INFO o.a.j.t.JMeterThread: Thread started: TG spike (168 VU burst) 2-114
2026-08-17 22:49:52,175 INFO o.a.j.t.JMeterThread: Thread started: TG spike (168 VU burst) 2-115
2026-08-17 22:49:52,180 INFO o.a.j.t.JMeterThread: Thread started: TG spike (168 VU burst) 2-116
2026-08-17 22:49:52,185 INFO o.a.j.t.JMeterThread: Thread started: TG spike (168 VU burst) 2-117
2026-08-17 22:49:52,192 INFO o.a.j.t.JMeterThread: Thread started: TG spike (168 VU burst) 2-118
2026-08-17 22:49:52,198 INFO o.a.j.t.JMeterThread: Thread started: TG spike (168 VU burst) 2-119
2026-08-17 22:49:52,203 INFO o.a.j.t.JMeterThread: Thread started: TG spike (168 VU burst) 2-120
2026-08-17 22:49:52,208 INFO o.a.j.t.JMeterThread: Thread started: TG spike (168 VU burst) 2-121
2026-08-17 22:49:52,215 INFO o.a.j.t.JMeterThread: Thread started: TG spike (168 VU burst) 2-122
2026-08-17 22:49:52,223 INFO o.a.j.t.JMeterThread: Thread started: TG spike (168 VU burst) 2-123
2026-08-17 22:49:52,228 INFO o.a.j.t.JMeterThread: Thread started: TG spike (168 VU burst) 2-124
2026-08-17 22:49:52,232 INFO o.a.j.t.JMeterThread: Thread started: TG spike (168 VU burst) 2-125
2026-08-17 22:49:52,238 INFO o.a.j.t.JMeterThread: Thread started: TG spike (168 VU burst) 2-126
2026-08-17 22:49:52,247 INFO o.a.j.t.JMeterThread: Thread started: TG spike (168 VU burst) 2-127
2026-08-17 22:49:52,252 INFO o.a.j.t.JMeterThread: Thread started: TG spike (168 VU burst) 2-128
2026-08-17 22:49:52,257 INFO o.a.j.t.JMeterThread: Thread started: TG spike (168 VU burst) 2-129
2026-08-17 22:49:52,264 INFO o.a.j.t.JMeterThread: Thread started: TG spike (168 VU burst) 2-130
2026-08-17 22:49:52,269 INFO o.a.j.t.JMeterThread: Thread started: TG spike (168 VU burst) 2-131
2026-08-17 22:49:52,276 INFO o.a.j.t.JMeterThread: Thread started: TG spike (168 VU burst) 2-132
2026-08-17 22:49:52,281 INFO o.a.j.t.JMeterThread: Thread started: TG spike (168 VU burst) 2-133
2026-08-17 22:49:52,287 INFO o.a.j.t.JMeterThread: Thread started: TG spike (168 VU burst) 2-134
2026-08-17 22:49:52,294 INFO o.a.j.t.JMeterThread: Thread started: TG spike (168 VU burst) 2-135
2026-08-17 22:49:52,300 INFO o.a.j.t.JMeterThread: Thread started: TG spike (168 VU burst) 2-136
2026-08-17 22:49:52,306 INFO o.a.j.t.JMeterThread: Thread started: TG spike (168 VU burst) 2-137
2026-08-17 22:49:52,311 INFO o.a.j.t.JMeterThread: Thread started: TG spike (168 VU burst) 2-138
2026-08-17 22:49:52,318 INFO o.a.j.t.JMeterThread: Thread started: TG spike (168 VU burst) 2-139
2026-08-17 22:49:52,324 INFO o.a.j.t.JMeterThread: Thread started: TG spike (168 VU burst) 2-140
2026-08-17 22:49:52,329 INFO o.a.j.t.JMeterThread: Thread started: TG spike (168 VU burst) 2-141
2026-08-17 22:49:52,335 INFO o.a.j.t.JMeterThread: Thread started: TG spike (168 VU burst) 2-142
2026-08-17 22:49:52,343 INFO o.a.j.t.JMeterThread: Thread started: TG spike (168 VU burst) 2-143
2026-08-17 22:49:52,347 INFO o.a.j.t.JMeterThread: Thread started: TG spike (168 VU burst) 2-144
2026-08-17 22:49:52,354 INFO o.a.j.t.JMeterThread: Thread started: TG spike (168 VU burst) 2-145
2026-08-17 22:49:52,358 INFO o.a.j.t.JMeterThread: Thread started: TG spike (168 VU burst) 2-146
2026-08-17 22:49:52,365 INFO o.a.j.t.JMeterThread: Thread started: TG spike (168 VU burst) 2-147
2026-08-17 22:49:52,372 INFO o.a.j.t.JMeterThread: Thread started: TG spike (168 VU burst) 2-148
2026-08-17 22:49:52,377 INFO o.a.j.t.JMeterThread: Thread started: TG spike (168 VU burst) 2-149
2026-08-17 22:49:52,382 INFO o.a.j.t.JMeterThread: Thread started: TG spike (168 VU burst) 2-150
2026-08-17 22:49:52,390 INFO o.a.j.t.JMeterThread: Thread started: TG spike (168 VU burst) 2-151
2026-08-17 22:49:52,395 INFO o.a.j.t.JMeterThread: Thread started: TG spike (168 VU burst) 2-152
2026-08-17 22:49:52,401 INFO o.a.j.t.JMeterThread: Thread started: TG spike (168 VU burst) 2-153
2026-08-17 22:49:52,407 INFO o.a.j.t.JMeterThread: Thread started: TG spike (168 VU burst) 2-154
2026-08-17 22:49:52,414 INFO o.a.j.t.JMeterThread: Thread started: TG spike (168 VU burst) 2-155
2026-08-17 22:49:52,420 INFO o.a.j.t.JMeterThread: Thread started: TG spike (168 VU burst) 2-156
2026-08-17 22:49:52,425 INFO o.a.j.t.JMeterThread: Thread started: TG spike (168 VU burst) 2-157
2026-08-17 22:49:52,431 INFO o.a.j.t.JMeterThread: Thread started: TG spike (168 VU burst) 2-158
2026-08-17 22:49:52,438 INFO o.a.j.t.JMeterThread: Thread started: TG spike (168 VU burst) 2-159
2026-08-17 22:49:52,444 INFO o.a.j.t.JMeterThread: Thread started: TG spike (168 VU burst) 2-160
2026-08-17 22:49:52,449 INFO o.a.j.t.JMeterThread: Thread started: TG spike (168 VU burst) 2-161
2026-08-17 22:49:52,455 INFO o.a.j.t.JMeterThread: Thread started: TG spike (168 VU burst) 2-162
2026-08-17 22:49:52,461 INFO o.a.j.t.JMeterThread: Thread started: TG spike (168 VU burst) 2-163
2026-08-17 22:49:52,470 INFO o.a.j.t.JMeterThread: Thread started: TG spike (168 VU burst) 2-164
2026-08-17 22:49:52,473 INFO o.a.j.t.JMeterThread: Thread started: TG spike (168 VU burst) 2-165
2026-08-17 22:49:52,480 INFO o.a.j.t.JMeterThread: Thread started: TG spike (168 VU burst) 2-166
2026-08-17 22:49:52,486 INFO o.a.j.t.JMeterThread: Thread started: TG spike (168 VU burst) 2-167
2026-08-17 22:49:52,491 INFO o.a.j.t.JMeterThread: Thread started: TG spike (168 VU burst) 2-168
2026-08-17 22:50:00,003 INFO o.a.j.r.Summariser: summary +   3547 in 00:00:30 =  118.6/s Avg:     9 Min:     0 Max:   111 Err:     0 (0.00%) Active: 185 Started: 185 Finished: 0
2026-08-17 22:50:00,006 INFO o.a.j.r.Summariser: summary =   5529 in 00:01:39 =   56.1/s Avg:     7 Min:     0 Max:   111 Err:     0 (0.00%)
2026-08-17 22:50:30,002 INFO o.a.j.r.Summariser: summary +  10912 in 00:00:30 =  363.7/s Avg:     6 Min:     0 Max:    74 Err:     0 (0.00%) Active: 185 Started: 185 Finished: 0
2026-08-17 22:50:30,003 INFO o.a.j.r.Summariser: summary =  16441 in 00:02:09 =  127.9/s Avg:     6 Min:     0 Max:   111 Err:     0 (0.00%)
2026-08-17 22:50:50,852 INFO o.a.j.t.JMeterThread: Thread finished: TG spike (168 VU burst) 2-37
2026-08-17 22:50:50,864 INFO o.a.j.t.JMeterThread: Thread finished: TG spike (168 VU burst) 2-27
2026-08-17 22:50:50,877 INFO o.a.j.t.JMeterThread: Thread finished: TG spike (168 VU burst) 2-21
2026-08-17 22:50:50,890 INFO o.a.j.t.JMeterThread: Thread finished: TG spike (168 VU burst) 2-22
2026-08-17 22:50:50,936 INFO o.a.j.t.JMeterThread: Thread finished: TG spike (168 VU burst) 2-59
2026-08-17 22:50:50,977 INFO o.a.j.t.JMeterThread: Thread finished: TG spike (168 VU burst) 2-24
2026-08-17 22:50:50,988 INFO o.a.j.t.JMeterThread: Thread finished: TG spike (168 VU burst) 2-96
2026-08-17 22:50:50,995 INFO o.a.j.t.JMeterThread: Thread finished: TG spike (168 VU burst) 2-153
2026-08-17 22:50:51,014 INFO o.a.j.t.JMeterThread: Thread finished: TG spike (168 VU burst) 2-101
2026-08-17 22:50:51,021 INFO o.a.j.t.JMeterThread: Thread finished: TG spike (168 VU burst) 2-151
2026-08-17 22:50:51,025 INFO o.a.j.t.JMeterThread: Thread finished: TG spike (168 VU burst) 2-100
2026-08-17 22:50:51,028 INFO o.a.j.t.JMeterThread: Thread finished: TG spike (168 VU burst) 2-4
2026-08-17 22:50:51,032 INFO o.a.j.t.JMeterThread: Thread finished: TG spike (168 VU burst) 2-156
2026-08-17 22:50:51,036 INFO o.a.j.t.JMeterThread: Thread finished: TG spike (168 VU burst) 2-152
2026-08-17 22:50:51,038 INFO o.a.j.t.JMeterThread: Thread finished: TG spike (168 VU burst) 2-45
2026-08-17 22:50:51,038 INFO o.a.j.t.JMeterThread: Thread finished: TG spike (168 VU burst) 2-80
2026-08-17 22:50:51,041 INFO o.a.j.t.JMeterThread: Thread finished: TG spike (168 VU burst) 2-47
2026-08-17 22:50:51,047 INFO o.a.j.t.JMeterThread: Thread finished: TG spike (168 VU burst) 2-79
2026-08-17 22:50:51,072 INFO o.a.j.t.JMeterThread: Thread finished: TG spike (168 VU burst) 2-144
2026-08-17 22:50:51,076 INFO o.a.j.t.JMeterThread: Thread finished: TG spike (168 VU burst) 2-114
2026-08-17 22:50:51,077 INFO o.a.j.t.JMeterThread: Thread finished: TG spike (168 VU burst) 2-146
2026-08-17 22:50:51,097 INFO o.a.j.t.JMeterThread: Thread finished: TG spike (168 VU burst) 2-87
2026-08-17 22:50:51,097 INFO o.a.j.t.JMeterThread: Thread finished: TG spike (168 VU burst) 2-13
2026-08-17 22:50:51,099 INFO o.a.j.t.JMeterThread: Thread finished: TG spike (168 VU burst) 2-140
2026-08-17 22:50:51,102 INFO o.a.j.t.JMeterThread: Thread finished: TG spike (168 VU burst) 2-71
2026-08-17 22:50:51,109 INFO o.a.j.t.JMeterThread: Thread finished: TG spike (168 VU burst) 2-44
2026-08-17 22:50:51,110 INFO o.a.j.t.JMeterThread: Thread finished: TG spike (168 VU burst) 2-3
2026-08-17 22:50:51,121 INFO o.a.j.t.JMeterThread: Thread finished: TG spike (168 VU burst) 2-90
2026-08-17 22:50:51,133 INFO o.a.j.t.JMeterThread: Thread finished: TG spike (168 VU burst) 2-72
2026-08-17 22:50:51,151 INFO o.a.j.t.JMeterThread: Thread finished: TG spike (168 VU burst) 2-26
2026-08-17 22:50:51,156 INFO o.a.j.t.JMeterThread: Thread finished: TG spike (168 VU burst) 2-124
2026-08-17 22:50:51,157 INFO o.a.j.t.JMeterThread: Thread finished: TG spike (168 VU burst) 2-25
2026-08-17 22:50:51,159 INFO o.a.j.t.JMeterThread: Thread finished: TG spike (168 VU burst) 2-8
2026-08-17 22:50:51,163 INFO o.a.j.t.JMeterThread: Thread finished: TG spike (168 VU burst) 2-108
2026-08-17 22:50:51,163 INFO o.a.j.t.JMeterThread: Thread finished: TG spike (168 VU burst) 2-9
2026-08-17 22:50:51,166 INFO o.a.j.t.JMeterThread: Thread finished: TG spike (168 VU burst) 2-143
2026-08-17 22:50:51,167 INFO o.a.j.t.JMeterThread: Thread finished: TG spike (168 VU burst) 2-54
2026-08-17 22:50:51,175 INFO o.a.j.t.JMeterThread: Thread finished: TG spike (168 VU burst) 2-165
2026-08-17 22:50:51,175 INFO o.a.j.t.JMeterThread: Thread finished: TG spike (168 VU burst) 2-158
2026-08-17 22:50:51,179 INFO o.a.j.t.JMeterThread: Thread finished: TG spike (168 VU burst) 2-6
2026-08-17 22:50:51,179 INFO o.a.j.t.JMeterThread: Thread finished: TG spike (168 VU burst) 2-58
2026-08-17 22:50:51,181 INFO o.a.j.t.JMeterThread: Thread finished: TG spike (168 VU burst) 2-7
2026-08-17 22:50:51,182 INFO o.a.j.t.JMeterThread: Thread finished: TG spike (168 VU burst) 2-163
2026-08-17 22:50:51,186 INFO o.a.j.t.JMeterThread: Thread finished: TG spike (168 VU burst) 2-166
2026-08-17 22:50:51,190 INFO o.a.j.t.JMeterThread: Thread finished: TG spike (168 VU burst) 2-74
2026-08-17 22:50:51,197 INFO o.a.j.t.JMeterThread: Thread finished: TG spike (168 VU burst) 2-109
2026-08-17 22:50:51,204 INFO o.a.j.t.JMeterThread: Thread finished: TG spike (168 VU burst) 2-162
2026-08-17 22:50:51,204 INFO o.a.j.t.JMeterThread: Thread finished: TG spike (168 VU burst) 2-142
2026-08-17 22:50:51,214 INFO o.a.j.t.JMeterThread: Thread finished: TG spike (168 VU burst) 2-111
2026-08-17 22:50:51,222 INFO o.a.j.t.JMeterThread: Thread finished: TG spike (168 VU burst) 2-84
2026-08-17 22:50:51,226 INFO o.a.j.t.JMeterThread: Thread finished: TG spike (168 VU burst) 2-75
2026-08-17 22:50:51,226 INFO o.a.j.t.JMeterThread: Thread finished: TG spike (168 VU burst) 2-95
2026-08-17 22:50:51,227 INFO o.a.j.t.JMeterThread: Thread finished: TG spike (168 VU burst) 2-130
2026-08-17 22:50:51,228 INFO o.a.j.t.JMeterThread: Thread finished: TG spike (168 VU burst) 2-65
2026-08-17 22:50:51,231 INFO o.a.j.t.JMeterThread: Thread finished: TG spike (168 VU burst) 2-127
2026-08-17 22:50:51,237 INFO o.a.j.t.JMeterThread: Thread finished: TG spike (168 VU burst) 2-97
2026-08-17 22:50:51,239 INFO o.a.j.t.JMeterThread: Thread finished: TG spike (168 VU burst) 2-41
2026-08-17 22:50:51,243 INFO o.a.j.t.JMeterThread: Thread finished: TG spike (168 VU burst) 2-33
2026-08-17 22:50:51,246 INFO o.a.j.t.JMeterThread: Thread finished: TG spike (168 VU burst) 2-94
2026-08-17 22:50:51,246 INFO o.a.j.t.JMeterThread: Thread finished: TG spike (168 VU burst) 2-69
2026-08-17 22:50:51,247 INFO o.a.j.t.JMeterThread: Thread finished: TG spike (168 VU burst) 2-82
2026-08-17 22:50:51,249 INFO o.a.j.t.JMeterThread: Thread finished: TG spike (168 VU burst) 2-116
2026-08-17 22:50:51,253 INFO o.a.j.t.JMeterThread: Thread finished: TG spike (168 VU burst) 2-88
2026-08-17 22:50:51,253 INFO o.a.j.t.JMeterThread: Thread finished: TG spike (168 VU burst) 2-52
2026-08-17 22:50:51,258 INFO o.a.j.t.JMeterThread: Thread finished: TG spike (168 VU burst) 2-38
2026-08-17 22:50:51,267 INFO o.a.j.t.JMeterThread: Thread finished: TG spike (168 VU burst) 2-99
2026-08-17 22:50:51,269 INFO o.a.j.t.JMeterThread: Thread finished: TG spike (168 VU burst) 2-129
2026-08-17 22:50:51,275 INFO o.a.j.t.JMeterThread: Thread finished: TG spike (168 VU burst) 2-112
2026-08-17 22:50:51,277 INFO o.a.j.t.JMeterThread: Thread finished: TG spike (168 VU burst) 2-30
2026-08-17 22:50:51,282 INFO o.a.j.t.JMeterThread: Thread finished: TG spike (168 VU burst) 2-120
2026-08-17 22:50:51,285 INFO o.a.j.t.JMeterThread: Thread finished: TG spike (168 VU burst) 2-14
2026-08-17 22:50:51,289 INFO o.a.j.t.JMeterThread: Thread finished: TG spike (168 VU burst) 2-134
2026-08-17 22:50:51,291 INFO o.a.j.t.JMeterThread: Thread finished: TG spike (168 VU burst) 2-43
2026-08-17 22:50:51,291 INFO o.a.j.t.JMeterThread: Thread finished: TG spike (168 VU burst) 2-64
2026-08-17 22:50:51,291 INFO o.a.j.t.JMeterThread: Thread finished: TG spike (168 VU burst) 2-119
2026-08-17 22:50:51,296 INFO o.a.j.t.JMeterThread: Thread finished: TG spike (168 VU burst) 2-70
2026-08-17 22:50:51,305 INFO o.a.j.t.JMeterThread: Thread finished: TG spike (168 VU burst) 2-29
2026-08-17 22:50:51,315 INFO o.a.j.t.JMeterThread: Thread finished: TG spike (168 VU burst) 2-57
2026-08-17 22:50:51,319 INFO o.a.j.t.JMeterThread: Thread finished: TG spike (168 VU burst) 2-128
2026-08-17 22:50:51,319 INFO o.a.j.t.JMeterThread: Thread finished: TG spike (168 VU burst) 2-105
2026-08-17 22:50:51,320 INFO o.a.j.t.JMeterThread: Thread finished: TG spike (168 VU burst) 2-49
2026-08-17 22:50:51,322 INFO o.a.j.t.JMeterThread: Thread finished: TG spike (168 VU burst) 2-39
2026-08-17 22:50:51,327 INFO o.a.j.t.JMeterThread: Thread finished: TG spike (168 VU burst) 2-78
2026-08-17 22:50:51,327 INFO o.a.j.t.JMeterThread: Thread finished: TG spike (168 VU burst) 2-68
2026-08-17 22:50:51,331 INFO o.a.j.t.JMeterThread: Thread finished: TG spike (168 VU burst) 2-20
2026-08-17 22:50:51,332 INFO o.a.j.t.JMeterThread: Thread finished: TG spike (168 VU burst) 2-141
2026-08-17 22:50:51,333 INFO o.a.j.t.JMeterThread: Thread finished: TG spike (168 VU burst) 2-28
2026-08-17 22:50:51,334 INFO o.a.j.t.JMeterThread: Thread finished: TG spike (168 VU burst) 2-18
2026-08-17 22:50:51,342 INFO o.a.j.t.JMeterThread: Thread finished: TG spike (168 VU burst) 2-48
2026-08-17 22:50:51,346 INFO o.a.j.t.JMeterThread: Thread finished: TG spike (168 VU burst) 2-34
2026-08-17 22:50:51,349 INFO o.a.j.t.JMeterThread: Thread finished: TG spike (168 VU burst) 2-50
2026-08-17 22:50:51,349 INFO o.a.j.t.JMeterThread: Thread finished: TG spike (168 VU burst) 2-110
2026-08-17 22:50:51,353 INFO o.a.j.t.JMeterThread: Thread finished: TG spike (168 VU burst) 2-17
2026-08-17 22:50:51,355 INFO o.a.j.t.JMeterThread: Thread finished: TG spike (168 VU burst) 2-2
2026-08-17 22:50:51,357 INFO o.a.j.t.JMeterThread: Thread finished: TG spike (168 VU burst) 2-136
2026-08-17 22:50:51,358 INFO o.a.j.t.JMeterThread: Thread finished: TG spike (168 VU burst) 2-113
2026-08-17 22:50:51,362 INFO o.a.j.t.JMeterThread: Thread finished: TG spike (168 VU burst) 2-157
2026-08-17 22:50:51,367 INFO o.a.j.t.JMeterThread: Thread finished: TG spike (168 VU burst) 2-5
2026-08-17 22:50:51,367 INFO o.a.j.t.JMeterThread: Thread finished: TG spike (168 VU burst) 2-56
2026-08-17 22:50:51,369 INFO o.a.j.t.JMeterThread: Thread finished: TG spike (168 VU burst) 2-117
2026-08-17 22:50:51,373 INFO o.a.j.t.JMeterThread: Thread finished: TG spike (168 VU burst) 2-85
2026-08-17 22:50:51,378 INFO o.a.j.t.JMeterThread: Thread finished: TG spike (168 VU burst) 2-12
2026-08-17 22:50:51,378 INFO o.a.j.t.JMeterThread: Thread finished: TG spike (168 VU burst) 2-135
2026-08-17 22:50:51,379 INFO o.a.j.t.JMeterThread: Thread finished: TG spike (168 VU burst) 2-107
2026-08-17 22:50:51,379 INFO o.a.j.t.JMeterThread: Thread finished: TG spike (168 VU burst) 2-40
2026-08-17 22:50:51,381 INFO o.a.j.t.JMeterThread: Thread finished: TG spike (168 VU burst) 2-10
2026-08-17 22:50:51,381 INFO o.a.j.t.JMeterThread: Thread finished: TG spike (168 VU burst) 2-16
2026-08-17 22:50:51,383 INFO o.a.j.t.JMeterThread: Thread finished: TG spike (168 VU burst) 2-67
2026-08-17 22:50:51,393 INFO o.a.j.t.JMeterThread: Thread finished: TG spike (168 VU burst) 2-154
2026-08-17 22:50:51,393 INFO o.a.j.t.JMeterThread: Thread finished: TG spike (168 VU burst) 2-51
2026-08-17 22:50:51,393 INFO o.a.j.t.JMeterThread: Thread finished: TG spike (168 VU burst) 2-23
2026-08-17 22:50:51,397 INFO o.a.j.t.JMeterThread: Thread finished: TG spike (168 VU burst) 2-159
2026-08-17 22:50:51,398 INFO o.a.j.t.JMeterThread: Thread finished: TG spike (168 VU burst) 2-125
2026-08-17 22:50:51,399 INFO o.a.j.t.JMeterThread: Thread finished: TG spike (168 VU burst) 2-92
2026-08-17 22:50:51,407 INFO o.a.j.t.JMeterThread: Thread finished: TG spike (168 VU burst) 2-98
2026-08-17 22:50:51,407 INFO o.a.j.t.JMeterThread: Thread finished: TG spike (168 VU burst) 2-164
2026-08-17 22:50:51,407 INFO o.a.j.t.JMeterThread: Thread finished: TG spike (168 VU burst) 2-11
2026-08-17 22:50:51,420 INFO o.a.j.t.JMeterThread: Thread finished: TG spike (168 VU burst) 2-86
2026-08-17 22:50:51,426 INFO o.a.j.t.JMeterThread: Thread finished: TG spike (168 VU burst) 2-35
2026-08-17 22:50:51,427 INFO o.a.j.t.JMeterThread: Thread finished: TG spike (168 VU burst) 2-61
2026-08-17 22:50:51,429 INFO o.a.j.t.JMeterThread: Thread finished: TG spike (168 VU burst) 2-63
2026-08-17 22:50:51,436 INFO o.a.j.t.JMeterThread: Thread finished: TG spike (168 VU burst) 2-89
2026-08-17 22:50:51,439 INFO o.a.j.t.JMeterThread: Thread finished: TG spike (168 VU burst) 2-123
2026-08-17 22:50:51,443 INFO o.a.j.t.JMeterThread: Thread finished: TG spike (168 VU burst) 2-19
2026-08-17 22:50:51,445 INFO o.a.j.t.JMeterThread: Thread finished: TG spike (168 VU burst) 2-168
2026-08-17 22:50:51,454 INFO o.a.j.t.JMeterThread: Thread finished: TG spike (168 VU burst) 2-42
2026-08-17 22:50:51,458 INFO o.a.j.t.JMeterThread: Thread finished: TG spike (168 VU burst) 2-91
2026-08-17 22:50:51,463 INFO o.a.j.t.JMeterThread: Thread finished: TG spike (168 VU burst) 2-148
2026-08-17 22:50:51,464 INFO o.a.j.t.JMeterThread: Thread finished: TG spike (168 VU burst) 2-62
2026-08-17 22:50:51,466 INFO o.a.j.t.JMeterThread: Thread finished: TG spike (168 VU burst) 2-133
2026-08-17 22:50:51,469 INFO o.a.j.t.JMeterThread: Thread finished: TG spike (168 VU burst) 2-77
2026-08-17 22:50:51,471 INFO o.a.j.t.JMeterThread: Thread finished: TG spike (168 VU burst) 2-76
2026-08-17 22:50:51,484 INFO o.a.j.t.JMeterThread: Thread finished: TG spike (168 VU burst) 2-103
2026-08-17 22:50:51,488 INFO o.a.j.t.JMeterThread: Stopping because end time detected by thread: TG spike (168 VU burst) 2-1
2026-08-17 22:50:51,488 INFO o.a.j.t.JMeterThread: Thread finished: TG spike (168 VU burst) 2-1
2026-08-17 22:50:51,492 INFO o.a.j.t.JMeterThread: Thread finished: TG spike (168 VU burst) 2-115
2026-08-17 22:50:51,493 INFO o.a.j.t.JMeterThread: Thread finished: TG spike (168 VU burst) 2-155
2026-08-17 22:50:51,496 INFO o.a.j.t.JMeterThread: Thread finished: TG spike (168 VU burst) 2-32
2026-08-17 22:50:51,497 INFO o.a.j.t.JMeterThread: Thread finished: TG spike (168 VU burst) 2-81
2026-08-17 22:50:51,499 INFO o.a.j.t.JMeterThread: Thread finished: TG spike (168 VU burst) 2-145
2026-08-17 22:50:51,500 INFO o.a.j.t.JMeterThread: Thread finished: TG spike (168 VU burst) 2-122
2026-08-17 22:50:51,500 INFO o.a.j.t.JMeterThread: Thread finished: TG spike (168 VU burst) 2-15
2026-08-17 22:50:51,505 INFO o.a.j.t.JMeterThread: Thread finished: TG spike (168 VU burst) 2-66
2026-08-17 22:50:51,508 INFO o.a.j.t.JMeterThread: Thread finished: TG spike (168 VU burst) 2-73
2026-08-17 22:50:51,508 INFO o.a.j.t.JMeterThread: Thread finished: TG spike (168 VU burst) 2-55
2026-08-17 22:50:51,512 INFO o.a.j.t.JMeterThread: Thread finished: TG spike (168 VU burst) 2-121
2026-08-17 22:50:51,514 INFO o.a.j.t.JMeterThread: Thread finished: TG spike (168 VU burst) 2-36
2026-08-17 22:50:51,515 INFO o.a.j.t.JMeterThread: Thread finished: TG spike (168 VU burst) 2-104
2026-08-17 22:50:51,521 INFO o.a.j.t.JMeterThread: Thread finished: TG spike (168 VU burst) 2-46
2026-08-17 22:50:51,522 INFO o.a.j.t.JMeterThread: Thread finished: TG spike (168 VU burst) 2-93
2026-08-17 22:50:51,525 INFO o.a.j.t.JMeterThread: Stopping because end time detected by thread: TG spike (168 VU burst) 2-31
2026-08-17 22:50:51,525 INFO o.a.j.t.JMeterThread: Thread finished: TG spike (168 VU burst) 2-31
2026-08-17 22:50:51,528 INFO o.a.j.t.JMeterThread: Thread finished: TG spike (168 VU burst) 2-60
2026-08-17 22:50:51,533 INFO o.a.j.t.JMeterThread: Thread finished: TG spike (168 VU burst) 2-83
2026-08-17 22:50:51,541 INFO o.a.j.t.JMeterThread: Thread finished: TG spike (168 VU burst) 2-137
2026-08-17 22:50:51,555 INFO o.a.j.t.JMeterThread: Thread finished: TG spike (168 VU burst) 2-149
2026-08-17 22:50:51,559 INFO o.a.j.t.JMeterThread: Stopping because end time detected by thread: TG spike (168 VU burst) 2-53
2026-08-17 22:50:51,559 INFO o.a.j.t.JMeterThread: Thread finished: TG spike (168 VU burst) 2-53
2026-08-17 22:50:51,561 INFO o.a.j.t.JMeterThread: Thread finished: TG spike (168 VU burst) 2-131
2026-08-17 22:50:51,562 INFO o.a.j.t.JMeterThread: Thread finished: TG spike (168 VU burst) 2-102
2026-08-17 22:50:51,589 INFO o.a.j.t.JMeterThread: Thread finished: TG spike (168 VU burst) 2-147
2026-08-17 22:50:51,590 INFO o.a.j.t.JMeterThread: Thread finished: TG spike (168 VU burst) 2-167
2026-08-17 22:50:51,599 INFO o.a.j.t.JMeterThread: Thread finished: TG spike (168 VU burst) 2-138
2026-08-17 22:50:51,604 INFO o.a.j.t.JMeterThread: Stopping because end time detected by thread: TG spike (168 VU burst) 2-106
2026-08-17 22:50:51,604 INFO o.a.j.t.JMeterThread: Thread finished: TG spike (168 VU burst) 2-106
2026-08-17 22:50:51,614 INFO o.a.j.t.JMeterThread: Thread finished: TG spike (168 VU burst) 2-132
2026-08-17 22:50:51,616 INFO o.a.j.t.JMeterThread: Thread finished: TG spike (168 VU burst) 2-118
2026-08-17 22:50:51,616 INFO o.a.j.t.JMeterThread: Thread finished: TG spike (168 VU burst) 2-160
2026-08-17 22:50:51,618 INFO o.a.j.t.JMeterThread: Thread finished: TG spike (168 VU burst) 2-161
2026-08-17 22:50:51,622 INFO o.a.j.t.JMeterThread: Thread finished: TG spike (168 VU burst) 2-126
2026-08-17 22:50:51,632 INFO o.a.j.t.JMeterThread: Thread finished: TG spike (168 VU burst) 2-139
2026-08-17 22:50:51,644 INFO o.a.j.t.JMeterThread: Thread finished: TG spike (168 VU burst) 2-150
2026-08-17 22:51:00,003 INFO o.a.j.r.Summariser: summary +   8150 in 00:00:30 =  271.7/s Avg:     6 Min:     0 Max:    45 Err:     0 (0.00%) Active: 17 Started: 185 Finished: 168
2026-08-17 22:51:00,004 INFO o.a.j.r.Summariser: summary =  24591 in 00:02:39 =  155.1/s Avg:     6 Min:     0 Max:   111 Err:     0 (0.00%)
2026-08-17 22:51:30,006 INFO o.a.j.r.Summariser: summary +   1005 in 00:00:30 =   33.5/s Avg:     4 Min:     0 Max:    37 Err:     0 (0.00%) Active: 17 Started: 185 Finished: 168
2026-08-17 22:51:30,007 INFO o.a.j.r.Summariser: summary =  25596 in 00:03:09 =  135.7/s Avg:     6 Min:     0 Max:   111 Err:     0 (0.00%)
2026-08-17 22:52:00,123 INFO o.a.j.r.Summariser: summary +   1002 in 00:00:30 =   33.3/s Avg:     3 Min:     0 Max:    23 Err:     0 (0.00%) Active: 17 Started: 185 Finished: 168
2026-08-17 22:52:00,124 INFO o.a.j.r.Summariser: summary =  26598 in 00:03:39 =  121.6/s Avg:     6 Min:     0 Max:   111 Err:     0 (0.00%)
2026-08-17 22:52:30,014 INFO o.a.j.r.Summariser: summary +   1009 in 00:00:30 =   33.8/s Avg:     3 Min:     0 Max:    26 Err:     0 (0.00%) Active: 17 Started: 185 Finished: 168
2026-08-17 22:52:30,015 INFO o.a.j.r.Summariser: summary =  27607 in 00:04:09 =  111.1/s Avg:     6 Min:     0 Max:   111 Err:     0 (0.00%)
2026-08-17 22:52:50,988 INFO o.a.j.t.JMeterThread: Thread finished: TG baseline (17 VU, whole run) 1-10
2026-08-17 22:52:51,000 INFO o.a.j.t.JMeterThread: Thread finished: TG baseline (17 VU, whole run) 1-15
2026-08-17 22:52:51,032 INFO o.a.j.t.JMeterThread: Thread finished: TG baseline (17 VU, whole run) 1-13
2026-08-17 22:52:51,053 INFO o.a.j.t.JMeterThread: Thread finished: TG baseline (17 VU, whole run) 1-3
2026-08-17 22:52:51,071 INFO o.a.j.t.JMeterThread: Thread finished: TG baseline (17 VU, whole run) 1-7
2026-08-17 22:52:51,075 INFO o.a.j.t.JMeterThread: Thread finished: TG baseline (17 VU, whole run) 1-9
2026-08-17 22:52:51,155 INFO o.a.j.t.JMeterThread: Thread finished: TG baseline (17 VU, whole run) 1-2
2026-08-17 22:52:51,181 INFO o.a.j.t.JMeterThread: Thread finished: TG baseline (17 VU, whole run) 1-11
2026-08-17 22:52:51,199 INFO o.a.j.t.JMeterThread: Thread finished: TG baseline (17 VU, whole run) 1-14
2026-08-17 22:52:51,218 INFO o.a.j.t.JMeterThread: Thread finished: TG baseline (17 VU, whole run) 1-16
2026-08-17 22:52:51,223 INFO o.a.j.t.JMeterThread: Thread finished: TG baseline (17 VU, whole run) 1-8
2026-08-17 22:52:51,294 INFO o.a.j.t.JMeterThread: Thread finished: TG baseline (17 VU, whole run) 1-1
2026-08-17 22:52:51,317 INFO o.a.j.t.JMeterThread: Thread finished: TG baseline (17 VU, whole run) 1-6
2026-08-17 22:52:51,340 INFO o.a.j.t.JMeterThread: Thread finished: TG baseline (17 VU, whole run) 1-4
2026-08-17 22:52:51,371 INFO o.a.j.t.JMeterThread: Thread finished: TG baseline (17 VU, whole run) 1-5
2026-08-17 22:52:51,405 INFO o.a.j.t.JMeterThread: Thread finished: TG baseline (17 VU, whole run) 1-12
2026-08-17 22:52:51,449 INFO o.a.j.t.JMeterThread: Thread finished: TG baseline (17 VU, whole run) 1-17
2026-08-17 22:52:51,449 INFO o.a.j.e.StandardJMeterEngine: Notifying test listeners of end of test
2026-08-17 22:52:51,449 INFO o.a.j.s.FileServer: Close: D:/Sem_9_25_26/Kiem_Thu_Phan_Mem/homework/software__testing/HW05/data/search_keywords.csv
2026-08-17 22:52:51,449 INFO o.a.j.s.FileServer: Close: D:/Sem_9_25_26/Kiem_Thu_Phan_Mem/homework/software__testing/HW05/data/order_payloads.csv
2026-08-17 22:52:51,452 INFO o.a.j.s.FileServer: Close: D:/Sem_9_25_26/Kiem_Thu_Phan_Mem/homework/software__testing/HW05/data/credentials.csv
2026-08-17 22:52:51,453 INFO o.a.j.r.Summariser: summary +    718 in 00:00:21 =   33.5/s Avg:     4 Min:     0 Max:    40 Err:     0 (0.00%) Active: 0 Started: 185 Finished: 185
2026-08-17 22:52:51,454 INFO o.a.j.r.Summariser: summary =  28325 in 00:04:30 =  104.9/s Avg:     6 Min:     0 Max:   111 Err:     0 (0.00%)
2026-08-17 22:52:51,458 INFO o.a.j.JMeter: Generating Dashboard
2026-08-17 22:52:51,459 INFO o.a.j.r.d.ReportGenerator: Flushing result collector before report Generation
2026-08-17 22:52:51,505 INFO o.a.j.r.p.NormalizerSampleConsumer: Using format, 'ms', to parse timeStamp field
2026-08-17 22:52:52,562 INFO o.a.j.r.p.AbstractSampleConsumer: class org.apache.jmeter.report.processor.AggregateConsumer#stopProducing(): beginDate produced 0 samples
2026-08-17 22:52:52,562 INFO o.a.j.r.p.AbstractSampleConsumer: class org.apache.jmeter.report.processor.AggregateConsumer#stopProducing(): endDate produced 0 samples
2026-08-17 22:52:52,564 INFO o.a.j.r.p.AbstractSampleConsumer: class org.apache.jmeter.report.processor.ApdexSummaryConsumer#stopProducing(): apdexSummary produced 0 samples
2026-08-17 22:52:52,564 INFO o.a.j.r.p.AbstractSampleConsumer: class org.apache.jmeter.report.processor.RequestsSummaryConsumer#stopProducing(): requestsSummary produced 0 samples
2026-08-17 22:52:52,581 INFO o.a.j.r.p.AbstractSampleConsumer: class org.apache.jmeter.report.processor.StatisticsSummaryConsumer#stopProducing(): statisticsSummary produced 0 samples
2026-08-17 22:52:52,582 INFO o.a.j.r.p.AbstractSampleConsumer: class org.apache.jmeter.report.processor.Top5ErrorsBySamplerConsumer#stopProducing(): top5ErrorsBySampler produced 0 samples
2026-08-17 22:52:52,583 INFO o.a.j.r.p.AbstractSampleConsumer: class org.apache.jmeter.report.processor.ErrorsSummaryConsumer#stopProducing(): errorsSummary produced 0 samples
2026-08-17 22:52:52,583 INFO o.a.j.r.p.AbstractSampleConsumer: class org.apache.jmeter.report.processor.graph.impl.HitsPerSecondGraphConsumer#stopProducing(): hitsPerSecond produced 0 samples
2026-08-17 22:52:52,844 INFO o.a.j.r.p.AbstractSampleConsumer: class org.apache.jmeter.report.processor.graph.impl.LatencyVSRequestGraphConsumer#stopProducing(): latencyVsRequest produced 0 samples
2026-08-17 22:52:52,848 INFO o.a.j.r.p.AbstractSampleConsumer: class org.apache.jmeter.report.processor.graph.impl.SyntheticResponseTimeDistributionGraphConsumer#stopProducing(): syntheticResponseTimeDistribution produced 0 samples
2026-08-17 22:52:52,848 INFO o.a.j.r.p.AbstractSampleConsumer: class org.apache.jmeter.report.processor.graph.impl.BytesThroughputGraphConsumer#stopProducing(): bytesThroughputOverTime produced 0 samples
2026-08-17 22:52:52,850 INFO o.a.j.r.p.AbstractSampleConsumer: class org.apache.jmeter.report.processor.graph.impl.CodesPerSecondGraphConsumer#stopProducing(): codesPerSecond produced 0 samples
2026-08-17 22:52:53,066 INFO o.a.j.r.p.AbstractSampleConsumer: class org.apache.jmeter.report.processor.graph.impl.ResponseTimeVSRequestGraphConsumer#stopProducing(): responseTimeVsRequest produced 0 samples
2026-08-17 22:52:53,069 INFO o.a.j.r.p.AbstractSampleConsumer: class org.apache.jmeter.report.processor.FilterConsumer#stopProducing(): startIntervalControlerFilter produced 198275 samples
2026-08-17 22:52:53,070 INFO o.a.j.r.p.AbstractSampleConsumer: class org.apache.jmeter.report.processor.graph.impl.TotalTPSGraphConsumer#stopProducing(): totalTPS produced 0 samples
2026-08-17 22:52:53,070 INFO o.a.j.r.p.AbstractSampleConsumer: class org.apache.jmeter.report.processor.graph.impl.ActiveThreadsGraphConsumer#stopProducing(): activeThreadsOverTime produced 0 samples
2026-08-17 22:52:53,070 INFO o.a.j.r.p.AbstractSampleConsumer: class org.apache.jmeter.report.processor.graph.impl.TimeVSThreadGraphConsumer#stopProducing(): timeVsThreads produced 0 samples
2026-08-17 22:52:53,070 INFO o.a.j.r.p.AbstractSampleConsumer: class org.apache.jmeter.report.processor.graph.impl.ResponseTimeDistributionGraphConsumer#stopProducing(): responseTimeDistribution produced 0 samples
2026-08-17 22:52:53,072 INFO o.a.j.r.p.AbstractSampleConsumer: class org.apache.jmeter.report.processor.graph.impl.TransactionsPerSecondGraphConsumer#stopProducing(): transactionsPerSecond produced 0 samples
2026-08-17 22:52:53,072 INFO o.a.j.r.p.AbstractSampleConsumer: class org.apache.jmeter.report.processor.graph.impl.ResponseTimePercentilesGraphConsumer#stopProducing(): responseTimePercentiles produced 0 samples
2026-08-17 22:52:53,072 INFO o.a.j.r.p.AbstractSampleConsumer: class org.apache.jmeter.report.processor.graph.impl.ResponseTimePercentilesOverTimeGraphConsumer#stopProducing(): responseTimePercentilesOverTime produced 0 samples
2026-08-17 22:52:53,072 INFO o.a.j.r.p.AbstractSampleConsumer: class org.apache.jmeter.report.processor.graph.impl.ResponseTimeOverTimeGraphConsumer#stopProducing(): responseTimesOverTime produced 0 samples
2026-08-17 22:52:53,072 INFO o.a.j.r.p.AbstractSampleConsumer: class org.apache.jmeter.report.processor.graph.impl.ConnectTimeOverTimeGraphConsumer#stopProducing(): connectTimeOverTime produced 0 samples
2026-08-17 22:52:53,072 INFO o.a.j.r.p.AbstractSampleConsumer: class org.apache.jmeter.report.processor.graph.impl.LatencyOverTimeGraphConsumer#stopProducing(): latenciesOverTime produced 0 samples
2026-08-17 22:52:53,072 INFO o.a.j.r.p.AbstractSampleConsumer: class org.apache.jmeter.report.processor.FilterConsumer#stopProducing(): nameFilter produced 509205 samples
2026-08-17 22:52:53,072 INFO o.a.j.r.p.AbstractSampleConsumer: class org.apache.jmeter.report.processor.FilterConsumer#stopProducing(): dateRangeFilter produced 101841 samples
2026-08-17 22:52:53,072 INFO o.a.j.r.p.AbstractSampleConsumer: class org.apache.jmeter.report.processor.NormalizerSampleConsumer#stopProducing(): normalizer produced 33947 samples
2026-08-17 22:52:53,072 INFO o.a.j.r.p.CsvFileSampleSource: produce(): 33947 samples produced in 1s 531 ms on channel 0
2026-08-17 22:52:53,072 INFO o.a.j.r.d.ReportGenerator: Exporting data using exporter:'json' of className:'org.apache.jmeter.report.dashboard.JsonExporter'
2026-08-17 22:52:53,155 INFO o.a.j.r.d.JsonExporter: Found data for consumer statisticsSummary in context
2026-08-17 22:52:53,155 INFO o.a.j.r.d.JsonExporter: Creating statistics for overall
2026-08-17 22:52:53,155 INFO o.a.j.r.d.JsonExporter: Creating statistics for other transactions
2026-08-17 22:52:53,155 INFO o.a.j.r.d.JsonExporter: Checking output folder
2026-08-17 22:52:53,161 INFO o.a.j.r.d.JsonExporter: Writing statistics JSON to D:\Sem_9_25_26\Kiem_Thu_Phan_Mem\homework\software__testing\HW05\results\23127184_Spike_20260817_20260817-224818\report\statistics.json
2026-08-17 22:52:53,206 INFO o.a.j.r.d.ReportGenerator: Exporting data using exporter:'html' of className:'org.apache.jmeter.report.dashboard.HtmlTemplateExporter'
2026-08-17 22:52:53,207 INFO o.a.j.r.d.HtmlTemplateExporter: Will generate dashboard in folder: D:\Sem_9_25_26\Kiem_Thu_Phan_Mem\homework\software__testing\HW05\results\23127184_Spike_20260817_20260817-224818\report
2026-08-17 22:52:53,336 INFO o.a.j.r.d.HtmlTemplateExporter: Report will be generated in: D:\Sem_9_25_26\Kiem_Thu_Phan_Mem\homework\software__testing\HW05\results\23127184_Spike_20260817_20260817-224818\report, creating folder structure
2026-08-17 22:52:53,336 INFO o.a.j.r.d.TemplateVisitor: Copying folder from 'C:\Users\HP\scoop\apps\jmeter\current\bin\report-template' to 'D:\Sem_9_25_26\Kiem_Thu_Phan_Mem\homework\software__testing\HW05\results\23127184_Spike_20260817_20260817-224818\report', got message: D:\Sem_9_25_26\Kiem_Thu_Phan_Mem\homework\software__testing\HW05\results\23127184_Spike_20260817_20260817-224818\report, found non empty folder with following content [D:\Sem_9_25_26\Kiem_Thu_Phan_Mem\homework\software__testing\HW05\results\23127184_Spike_20260817_20260817-224818\report\statistics.json], will be ignored
2026-08-17 22:52:53,737 INFO o.a.j.JMeter: Dashboard generated
