2026-08-17 22:37:06,320 INFO o.a.j.u.JMeterUtils: Setting Locale to en_EN
2026-08-17 22:37:06,338 INFO o.a.j.JMeter: Loading user properties from: C:\Users\HP\scoop\apps\jmeter\current\bin\user.properties
2026-08-17 22:37:06,338 INFO o.a.j.JMeter: Loading system properties from: C:\Users\HP\scoop\apps\jmeter\current\bin\system.properties
2026-08-17 22:37:06,338 INFO o.a.j.JMeter: Setting JMeter property: data.dir=D:/Sem_9_25_26/Kiem_Thu_Phan_Mem/homework/software__testing/HW05/data
2026-08-17 22:37:06,350 INFO o.a.j.JMeter: Copyright (c) 1998-2024 The Apache Software Foundation
2026-08-17 22:37:06,350 INFO o.a.j.JMeter: Version 5.6.3
2026-08-17 22:37:06,350 INFO o.a.j.JMeter: java.version=21.0.12
2026-08-17 22:37:06,350 INFO o.a.j.JMeter: java.vm.name=OpenJDK 64-Bit Server VM
2026-08-17 22:37:06,350 INFO o.a.j.JMeter: os.name=Windows 11
2026-08-17 22:37:06,352 INFO o.a.j.JMeter: os.arch=amd64
2026-08-17 22:37:06,352 INFO o.a.j.JMeter: os.version=10.0
2026-08-17 22:37:06,352 INFO o.a.j.JMeter: file.encoding=UTF-8
2026-08-17 22:37:06,352 INFO o.a.j.JMeter: java.awt.headless=true
2026-08-17 22:37:06,352 INFO o.a.j.JMeter: Max memory     =1073741824
2026-08-17 22:37:06,352 INFO o.a.j.JMeter: Available Processors =8
2026-08-17 22:37:06,357 INFO o.a.j.JMeter: Default Locale=English (EN)
2026-08-17 22:37:06,357 INFO o.a.j.JMeter: JMeter  Locale=English (EN)
2026-08-17 22:37:06,357 INFO o.a.j.JMeter: JMeterHome=C:\Users\HP\scoop\apps\jmeter\current
2026-08-17 22:37:06,357 INFO o.a.j.JMeter: user.dir  =D:\Sem_9_25_26\Kiem_Thu_Phan_Mem\homework\software__testing\HW05
2026-08-17 22:37:06,357 INFO o.a.j.JMeter: PWD       =D:\Sem_9_25_26\Kiem_Thu_Phan_Mem\homework\software__testing\HW05
2026-08-17 22:37:06,373 INFO o.a.j.JMeter: IP: 192.168.100.82 Name: KieuDuyen FullName: KieuDuyen.lan
2026-08-17 22:37:06,385 INFO o.a.j.JMeter: Setting property 'jmeter.reportgenerator.outputdir' to:'D:\Sem_9_25_26\Kiem_Thu_Phan_Mem\homework\software__testing\HW05\results\23127184_Stress_20260817_20260817-223704\report'
2026-08-17 22:37:06,386 INFO o.a.j.s.FileServer: Default base='D:\Sem_9_25_26\Kiem_Thu_Phan_Mem\homework\software__testing\HW05'
2026-08-17 22:37:06,387 INFO o.a.j.s.FileServer: Set new base='D:\Sem_9_25_26\Kiem_Thu_Phan_Mem\homework\software__testing\HW05\test-plans'
2026-08-17 22:37:06,637 INFO o.a.j.s.SaveService: Testplan (JMX) version: 2.2. Testlog (JTL) version: 2.2
2026-08-17 22:37:06,669 INFO o.a.j.s.SaveService: Using SaveService properties version 5.0
2026-08-17 22:37:06,671 INFO o.a.j.s.SaveService: Using SaveService properties file encoding UTF-8
2026-08-17 22:37:06,677 INFO o.a.j.s.SaveService: Loading file: D:\Sem_9_25_26\Kiem_Thu_Phan_Mem\homework\software__testing\HW05\test-plans\23127184_Stress_20260817.jmx
2026-08-17 22:37:06,750 INFO o.a.j.p.h.s.HTTPSamplerBase: Parser for text/html is org.apache.jmeter.protocol.http.parser.LagartoBasedHtmlParser
2026-08-17 22:37:06,750 INFO o.a.j.p.h.s.HTTPSamplerBase: Parser for application/xhtml+xml is org.apache.jmeter.protocol.http.parser.LagartoBasedHtmlParser
2026-08-17 22:37:06,750 INFO o.a.j.p.h.s.HTTPSamplerBase: Parser for application/xml is org.apache.jmeter.protocol.http.parser.LagartoBasedHtmlParser
2026-08-17 22:37:06,750 INFO o.a.j.p.h.s.HTTPSamplerBase: Parser for text/xml is org.apache.jmeter.protocol.http.parser.LagartoBasedHtmlParser
2026-08-17 22:37:06,750 INFO o.a.j.p.h.s.HTTPSamplerBase: Parser for text/vnd.wap.wml is org.apache.jmeter.protocol.http.parser.RegexpHTMLParser
2026-08-17 22:37:06,750 INFO o.a.j.p.h.s.HTTPSamplerBase: Parser for text/css is org.apache.jmeter.protocol.http.parser.CssParser
2026-08-17 22:37:06,815 INFO o.a.j.JMeter: Creating summariser <summary>
2026-08-17 22:37:06,821 INFO o.a.j.r.d.ReportGenerator: ReportGenerator will use for Parsing the separator: ','
2026-08-17 22:37:06,821 INFO o.a.j.r.d.ReportGenerator: Will generate report at end of test from  results file: results\23127184_Stress_20260817_20260817-223704\result.jtl
2026-08-17 22:37:06,821 INFO o.a.j.r.d.ReportGenerator: Reading report generator properties from: C:\Users\HP\scoop\apps\jmeter\current\bin\reportgenerator.properties
2026-08-17 22:37:06,823 INFO o.a.j.r.d.ReportGenerator: Merging with JMeter properties
2026-08-17 22:37:06,827 INFO o.a.j.r.c.ReportGeneratorConfiguration: Property 'jmeter.reportgenerator.temp_dir' not found, using default value 'temp' instead.
2026-08-17 22:37:06,827 INFO o.a.j.r.c.ReportGeneratorConfiguration: Property 'jmeter.reportgenerator.apdex_per_transaction' not found, using default value 'null' instead.
2026-08-17 22:37:06,827 INFO o.a.j.r.c.ReportGeneratorConfiguration: apdex_per_transaction is empty, not APDEX per transaction customization
2026-08-17 22:37:06,827 INFO o.a.j.r.c.ReportGeneratorConfiguration: Property 'jmeter.reportgenerator.sample_filter' not found, using default value 'null' instead.
2026-08-17 22:37:06,827 INFO o.a.j.r.c.ReportGeneratorConfiguration: Property 'jmeter.reportgenerator.report_title' not found, using default value 'null' instead.
2026-08-17 22:37:06,827 INFO o.a.j.r.c.ReportGeneratorConfiguration: Property 'jmeter.reportgenerator.start_date' not found, using default value 'null' instead.
2026-08-17 22:37:06,827 INFO o.a.j.r.c.ReportGeneratorConfiguration: Property 'jmeter.reportgenerator.end_date' not found, using default value 'null' instead.
2026-08-17 22:37:06,827 INFO o.a.j.r.c.ReportGeneratorConfiguration: Property 'jmeter.reportgenerator.date_format' not found, using default value 'null' instead.
2026-08-17 22:37:06,827 INFO o.a.j.r.c.ReportGeneratorConfiguration: Will use date range start date: null, end date: null
2026-08-17 22:37:06,830 INFO o.a.j.r.c.ReportGeneratorConfiguration: Property 'jmeter.reportgenerator.graph.totalTPS.exclude_controllers' not found, using default value 'false' instead.
2026-08-17 22:37:06,830 INFO o.a.j.r.c.ReportGeneratorConfiguration: Property 'jmeter.reportgenerator.graph.activeThreadsOverTime.exclude_controllers' not found, using default value 'false' instead.
2026-08-17 22:37:06,830 INFO o.a.j.r.c.ReportGeneratorConfiguration: Property 'jmeter.reportgenerator.graph.timeVsThreads.exclude_controllers' not found, using default value 'false' instead.
2026-08-17 22:37:06,830 INFO o.a.j.r.c.ReportGeneratorConfiguration: Property 'jmeter.reportgenerator.graph.responseTimeDistribution.exclude_controllers' not found, using default value 'false' instead.
2026-08-17 22:37:06,830 INFO o.a.j.r.c.ReportGeneratorConfiguration: Property 'jmeter.reportgenerator.graph.transactionsPerSecond.exclude_controllers' not found, using default value 'false' instead.
2026-08-17 22:37:06,830 INFO o.a.j.r.c.ReportGeneratorConfiguration: Property 'jmeter.reportgenerator.graph.responseTimePercentiles.exclude_controllers' not found, using default value 'false' instead.
2026-08-17 22:37:06,830 INFO o.a.j.r.c.ReportGeneratorConfiguration: Property 'jmeter.reportgenerator.graph.responseTimePercentilesOverTime.exclude_controllers' not found, using default value 'false' instead.
2026-08-17 22:37:06,830 INFO o.a.j.r.c.ReportGeneratorConfiguration: Property 'jmeter.reportgenerator.graph.responseTimesOverTime.exclude_controllers' not found, using default value 'false' instead.
2026-08-17 22:37:06,830 INFO o.a.j.r.c.ReportGeneratorConfiguration: Property 'jmeter.reportgenerator.graph.connectTimeOverTime.exclude_controllers' not found, using default value 'false' instead.
2026-08-17 22:37:06,830 INFO o.a.j.r.c.ReportGeneratorConfiguration: Property 'jmeter.reportgenerator.graph.latenciesOverTime.exclude_controllers' not found, using default value 'false' instead.
2026-08-17 22:37:06,835 INFO o.a.j.r.c.ReportGeneratorConfiguration: Property 'jmeter.reportgenerator.exporter.json.filters_only_sample_series' not found, using default value 'true' instead.
2026-08-17 22:37:06,835 INFO o.a.j.r.c.ReportGeneratorConfiguration: Property 'jmeter.reportgenerator.exporter.json.series_filter' not found, using default value '' instead.
2026-08-17 22:37:06,836 INFO o.a.j.r.c.ReportGeneratorConfiguration: Property 'jmeter.reportgenerator.exporter.json.show_controllers_only' not found, using default value 'false' instead.
2026-08-17 22:37:06,837 INFO o.a.j.r.c.ReportGeneratorConfiguration: Property 'jmeter.reportgenerator.exporter.html.filters_only_sample_series' not found, using default value 'true' instead.
2026-08-17 22:37:06,837 INFO o.a.j.r.c.ReportGeneratorConfiguration: Property 'jmeter.reportgenerator.exporter.html.series_filter' not found, using default value '' instead.
2026-08-17 22:37:06,838 INFO o.a.j.r.c.ReportGeneratorConfiguration: Property 'jmeter.reportgenerator.exporter.html.show_controllers_only' not found, using default value 'false' instead.
2026-08-17 22:37:06,852 INFO o.a.j.e.StandardJMeterEngine: Running the test!
2026-08-17 22:37:06,852 INFO o.a.j.s.SampleEvent: List of sample_variables: []
2026-08-17 22:37:06,852 INFO o.a.j.s.SampleEvent: List of sample_variables: []
2026-08-17 22:37:06,860 INFO o.a.j.e.u.CompoundVariable: Note: Function class names must contain the string: '.functions.'
2026-08-17 22:37:06,860 INFO o.a.j.e.u.CompoundVariable: Note: Function class names must not contain the string: '.gui.'
2026-08-17 22:37:06,938 INFO o.a.j.r.ClassFinder: Will scan jar C:\Users\HP\scoop\apps\jmeter\current\lib\ext\jmeter-plugins-manager-1.12.jar with filter ExtendsClassFilter [parents=[interface org.apache.jmeter.functions.Function], inner=false, contains=null, notContains=null]. Consider exposing JMeter plugins via META-INF/services, and add JMeter-Skip-Class-Scanning=true manifest attribute so JMeter can skip classfile scanning
2026-08-17 22:37:07,080 INFO o.a.j.JMeter: Running test (1786981027080)
2026-08-17 22:37:07,101 INFO o.a.j.e.StandardJMeterEngine: Starting ThreadGroup: 1 : TG Stress stage 1 (+33 VU, total 33)
2026-08-17 22:37:07,101 INFO o.a.j.e.StandardJMeterEngine: Starting 33 threads for group TG Stress stage 1 (+33 VU, total 33).
2026-08-17 22:37:07,101 INFO o.a.j.e.StandardJMeterEngine: Thread will continue on error
2026-08-17 22:37:07,102 INFO o.a.j.t.ThreadGroup: Starting thread group... number=1 threads=33 ramp-up=30 delayedStart=false
2026-08-17 22:37:07,112 INFO o.a.j.s.SampleResult: Note: Sample TimeStamps are START times
2026-08-17 22:37:07,113 INFO o.a.j.s.SampleResult: sampleresult.default.encoding is set to UTF-8
2026-08-17 22:37:07,113 INFO o.a.j.s.SampleResult: sampleresult.useNanoTime=true
2026-08-17 22:37:07,113 INFO o.a.j.s.SampleResult: sampleresult.nanoThreadSleep=5000
2026-08-17 22:37:07,146 INFO o.a.j.t.ThreadGroup: Started thread group number 1
2026-08-17 22:37:07,146 INFO o.a.j.e.StandardJMeterEngine: Starting ThreadGroup: 2 : TG Stress stage 2 (+33 VU, total 66)
2026-08-17 22:37:07,146 INFO o.a.j.e.StandardJMeterEngine: Starting 33 threads for group TG Stress stage 2 (+33 VU, total 66).
2026-08-17 22:37:07,146 INFO o.a.j.e.StandardJMeterEngine: Thread will continue on error
2026-08-17 22:37:07,146 INFO o.a.j.t.ThreadGroup: Starting thread group... number=2 threads=33 ramp-up=30 delayedStart=false
2026-08-17 22:37:07,179 INFO o.a.j.t.ThreadGroup: Started thread group number 2
2026-08-17 22:37:07,179 INFO o.a.j.e.StandardJMeterEngine: Starting ThreadGroup: 3 : TG Stress stage 3 (+33 VU, total 99)
2026-08-17 22:37:07,179 INFO o.a.j.e.StandardJMeterEngine: Starting 33 threads for group TG Stress stage 3 (+33 VU, total 99).
2026-08-17 22:37:07,179 INFO o.a.j.e.StandardJMeterEngine: Thread will continue on error
2026-08-17 22:37:07,179 INFO o.a.j.t.ThreadGroup: Starting thread group... number=3 threads=33 ramp-up=30 delayedStart=false
2026-08-17 22:37:07,210 INFO o.a.j.t.ThreadGroup: Started thread group number 3
2026-08-17 22:37:07,210 INFO o.a.j.e.StandardJMeterEngine: Starting ThreadGroup: 4 : TG Stress stage 4 (+33 VU, total 132)
2026-08-17 22:37:07,210 INFO o.a.j.e.StandardJMeterEngine: Starting 33 threads for group TG Stress stage 4 (+33 VU, total 132).
2026-08-17 22:37:07,211 INFO o.a.j.e.StandardJMeterEngine: Thread will continue on error
2026-08-17 22:37:07,211 INFO o.a.j.t.ThreadGroup: Starting thread group... number=4 threads=33 ramp-up=30 delayedStart=false
2026-08-17 22:37:07,245 INFO o.a.j.t.ThreadGroup: Started thread group number 4
2026-08-17 22:37:07,245 INFO o.a.j.e.StandardJMeterEngine: All thread groups have been started
2026-08-17 22:37:07,341 INFO o.a.j.t.JMeterThread: Thread started: TG Stress stage 1 (+33 VU, total 33) 1-1
2026-08-17 22:37:07,344 INFO o.a.j.s.FileServer: Stored: D:/Sem_9_25_26/Kiem_Thu_Phan_Mem/homework/software__testing/HW05/data/order_payloads.csv
2026-08-17 22:37:07,366 INFO o.a.j.s.FileServer: Stored: D:/Sem_9_25_26/Kiem_Thu_Phan_Mem/homework/software__testing/HW05/data/search_keywords.csv
2026-08-17 22:37:07,367 INFO o.a.j.s.FileServer: Stored: D:/Sem_9_25_26/Kiem_Thu_Phan_Mem/homework/software__testing/HW05/data/credentials.csv
2026-08-17 22:37:07,769 INFO o.a.j.p.h.s.HTTPHCAbstractImpl: Local host = KieuDuyen
2026-08-17 22:37:07,776 INFO o.a.j.p.h.s.HTTPHC4Impl: HTTP request retry count = 0
2026-08-17 22:37:08,241 INFO o.a.j.t.JMeterThread: Thread started: TG Stress stage 1 (+33 VU, total 33) 1-2
2026-08-17 22:37:09,152 INFO o.a.j.t.JMeterThread: Thread started: TG Stress stage 1 (+33 VU, total 33) 1-3
2026-08-17 22:37:10,054 INFO o.a.j.t.JMeterThread: Thread started: TG Stress stage 1 (+33 VU, total 33) 1-4
2026-08-17 22:37:10,619 INFO o.a.j.u.JsseSSLManager: Using default SSL protocol: TLS
2026-08-17 22:37:10,619 INFO o.a.j.u.JsseSSLManager: SSL session context: per-thread
2026-08-17 22:37:10,972 INFO o.a.j.t.JMeterThread: Thread started: TG Stress stage 1 (+33 VU, total 33) 1-5
2026-08-17 22:37:11,877 INFO o.a.j.t.JMeterThread: Thread started: TG Stress stage 1 (+33 VU, total 33) 1-6
2026-08-17 22:37:12,786 INFO o.a.j.t.JMeterThread: Thread started: TG Stress stage 1 (+33 VU, total 33) 1-7
2026-08-17 22:37:13,686 INFO o.a.j.t.JMeterThread: Thread started: TG Stress stage 1 (+33 VU, total 33) 1-8
2026-08-17 22:37:14,602 INFO o.a.j.t.JMeterThread: Thread started: TG Stress stage 1 (+33 VU, total 33) 1-9
2026-08-17 22:37:15,509 INFO o.a.j.t.JMeterThread: Thread started: TG Stress stage 1 (+33 VU, total 33) 1-10
2026-08-17 22:37:16,417 INFO o.a.j.t.JMeterThread: Thread started: TG Stress stage 1 (+33 VU, total 33) 1-11
2026-08-17 22:37:17,327 INFO o.a.j.t.JMeterThread: Thread started: TG Stress stage 1 (+33 VU, total 33) 1-12
2026-08-17 22:37:18,233 INFO o.a.j.t.JMeterThread: Thread started: TG Stress stage 1 (+33 VU, total 33) 1-13
2026-08-17 22:37:19,145 INFO o.a.j.t.JMeterThread: Thread started: TG Stress stage 1 (+33 VU, total 33) 1-14
2026-08-17 22:37:20,043 INFO o.a.j.t.JMeterThread: Thread started: TG Stress stage 1 (+33 VU, total 33) 1-15
2026-08-17 22:37:20,954 INFO o.a.j.t.JMeterThread: Thread started: TG Stress stage 1 (+33 VU, total 33) 1-16
2026-08-17 22:37:21,864 INFO o.a.j.t.JMeterThread: Thread started: TG Stress stage 1 (+33 VU, total 33) 1-17
2026-08-17 22:37:22,768 INFO o.a.j.t.JMeterThread: Thread started: TG Stress stage 1 (+33 VU, total 33) 1-18
2026-08-17 22:37:23,671 INFO o.a.j.t.JMeterThread: Thread started: TG Stress stage 1 (+33 VU, total 33) 1-19
2026-08-17 22:37:24,586 INFO o.a.j.t.JMeterThread: Thread started: TG Stress stage 1 (+33 VU, total 33) 1-20
2026-08-17 22:37:25,498 INFO o.a.j.t.JMeterThread: Thread started: TG Stress stage 1 (+33 VU, total 33) 1-21
2026-08-17 22:37:26,398 INFO o.a.j.t.JMeterThread: Thread started: TG Stress stage 1 (+33 VU, total 33) 1-22
2026-08-17 22:37:27,311 INFO o.a.j.t.JMeterThread: Thread started: TG Stress stage 1 (+33 VU, total 33) 1-23
2026-08-17 22:37:28,221 INFO o.a.j.t.JMeterThread: Thread started: TG Stress stage 1 (+33 VU, total 33) 1-24
2026-08-17 22:37:29,129 INFO o.a.j.t.JMeterThread: Thread started: TG Stress stage 1 (+33 VU, total 33) 1-25
2026-08-17 22:37:30,025 INFO o.a.j.r.Summariser: summary +    576 in 00:00:23 =   25.1/s Avg:     4 Min:     1 Max:    44 Err:     0 (0.00%) Active: 25 Started: 25 Finished: 0
2026-08-17 22:37:30,036 INFO o.a.j.t.JMeterThread: Thread started: TG Stress stage 1 (+33 VU, total 33) 1-26
2026-08-17 22:37:30,943 INFO o.a.j.t.JMeterThread: Thread started: TG Stress stage 1 (+33 VU, total 33) 1-27
2026-08-17 22:37:31,850 INFO o.a.j.t.JMeterThread: Thread started: TG Stress stage 1 (+33 VU, total 33) 1-28
2026-08-17 22:37:32,759 INFO o.a.j.t.JMeterThread: Thread started: TG Stress stage 1 (+33 VU, total 33) 1-29
2026-08-17 22:37:33,663 INFO o.a.j.t.JMeterThread: Thread started: TG Stress stage 1 (+33 VU, total 33) 1-30
2026-08-17 22:37:34,567 INFO o.a.j.t.JMeterThread: Thread started: TG Stress stage 1 (+33 VU, total 33) 1-31
2026-08-17 22:37:35,481 INFO o.a.j.t.JMeterThread: Thread started: TG Stress stage 1 (+33 VU, total 33) 1-32
2026-08-17 22:37:36,390 INFO o.a.j.t.JMeterThread: Thread started: TG Stress stage 1 (+33 VU, total 33) 1-33
2026-08-17 22:38:00,002 INFO o.a.j.r.Summariser: summary +   1906 in 00:00:30 =   63.6/s Avg:     3 Min:     0 Max:    26 Err:     0 (0.00%) Active: 33 Started: 33 Finished: 0
2026-08-17 22:38:00,002 INFO o.a.j.r.Summariser: summary =   2482 in 00:00:53 =   46.9/s Avg:     3 Min:     0 Max:    44 Err:     0 (0.00%)
2026-08-17 22:38:30,016 INFO o.a.j.r.Summariser: summary +   1968 in 00:00:30 =   65.6/s Avg:     3 Min:     0 Max:    46 Err:     0 (0.00%) Active: 33 Started: 33 Finished: 0
2026-08-17 22:38:30,017 INFO o.a.j.r.Summariser: summary =   4450 in 00:01:23 =   53.7/s Avg:     3 Min:     0 Max:    46 Err:     0 (0.00%)
2026-08-17 22:39:00,020 INFO o.a.j.r.Summariser: summary +   1954 in 00:00:30 =   65.1/s Avg:     4 Min:     0 Max:    38 Err:     0 (0.00%) Active: 33 Started: 33 Finished: 0
2026-08-17 22:39:00,021 INFO o.a.j.r.Summariser: summary =   6404 in 00:01:53 =   56.7/s Avg:     4 Min:     0 Max:    46 Err:     0 (0.00%)
2026-08-17 22:39:30,018 INFO o.a.j.r.Summariser: summary +   1974 in 00:00:30 =   65.8/s Avg:     4 Min:     0 Max:    31 Err:     0 (0.00%) Active: 33 Started: 33 Finished: 0
2026-08-17 22:39:30,020 INFO o.a.j.r.Summariser: summary =   8378 in 00:02:23 =   58.6/s Avg:     4 Min:     0 Max:    46 Err:     0 (0.00%)
2026-08-17 22:39:37,146 INFO o.a.j.t.JMeterThread: Thread started: TG Stress stage 2 (+33 VU, total 66) 2-1
2026-08-17 22:39:38,056 INFO o.a.j.t.JMeterThread: Thread started: TG Stress stage 2 (+33 VU, total 66) 2-2
2026-08-17 22:39:38,964 INFO o.a.j.t.JMeterThread: Thread started: TG Stress stage 2 (+33 VU, total 66) 2-3
2026-08-17 22:39:39,873 INFO o.a.j.t.JMeterThread: Thread started: TG Stress stage 2 (+33 VU, total 66) 2-4
2026-08-17 22:39:40,784 INFO o.a.j.t.JMeterThread: Thread started: TG Stress stage 2 (+33 VU, total 66) 2-5
2026-08-17 22:39:41,692 INFO o.a.j.t.JMeterThread: Thread started: TG Stress stage 2 (+33 VU, total 66) 2-6
2026-08-17 22:39:42,602 INFO o.a.j.t.JMeterThread: Thread started: TG Stress stage 2 (+33 VU, total 66) 2-7
2026-08-17 22:39:43,510 INFO o.a.j.t.JMeterThread: Thread started: TG Stress stage 2 (+33 VU, total 66) 2-8
2026-08-17 22:39:44,419 INFO o.a.j.t.JMeterThread: Thread started: TG Stress stage 2 (+33 VU, total 66) 2-9
2026-08-17 22:39:45,327 INFO o.a.j.t.JMeterThread: Thread started: TG Stress stage 2 (+33 VU, total 66) 2-10
2026-08-17 22:39:46,237 INFO o.a.j.t.JMeterThread: Thread started: TG Stress stage 2 (+33 VU, total 66) 2-11
2026-08-17 22:39:47,147 INFO o.a.j.t.JMeterThread: Thread started: TG Stress stage 2 (+33 VU, total 66) 2-12
2026-08-17 22:39:48,055 INFO o.a.j.t.JMeterThread: Thread started: TG Stress stage 2 (+33 VU, total 66) 2-13
2026-08-17 22:39:48,964 INFO o.a.j.t.JMeterThread: Thread started: TG Stress stage 2 (+33 VU, total 66) 2-14
2026-08-17 22:39:49,872 INFO o.a.j.t.JMeterThread: Thread started: TG Stress stage 2 (+33 VU, total 66) 2-15
2026-08-17 22:39:50,782 INFO o.a.j.t.JMeterThread: Thread started: TG Stress stage 2 (+33 VU, total 66) 2-16
2026-08-17 22:39:51,690 INFO o.a.j.t.JMeterThread: Thread started: TG Stress stage 2 (+33 VU, total 66) 2-17
2026-08-17 22:39:52,601 INFO o.a.j.t.JMeterThread: Thread started: TG Stress stage 2 (+33 VU, total 66) 2-18
2026-08-17 22:39:53,509 INFO o.a.j.t.JMeterThread: Thread started: TG Stress stage 2 (+33 VU, total 66) 2-19
2026-08-17 22:39:54,419 INFO o.a.j.t.JMeterThread: Thread started: TG Stress stage 2 (+33 VU, total 66) 2-20
2026-08-17 22:39:55,326 INFO o.a.j.t.JMeterThread: Thread started: TG Stress stage 2 (+33 VU, total 66) 2-21
2026-08-17 22:39:56,235 INFO o.a.j.t.JMeterThread: Thread started: TG Stress stage 2 (+33 VU, total 66) 2-22
2026-08-17 22:39:57,145 INFO o.a.j.t.JMeterThread: Thread started: TG Stress stage 2 (+33 VU, total 66) 2-23
2026-08-17 22:39:58,054 INFO o.a.j.t.JMeterThread: Thread started: TG Stress stage 2 (+33 VU, total 66) 2-24
2026-08-17 22:39:58,962 INFO o.a.j.t.JMeterThread: Thread started: TG Stress stage 2 (+33 VU, total 66) 2-25
2026-08-17 22:39:59,872 INFO o.a.j.t.JMeterThread: Thread started: TG Stress stage 2 (+33 VU, total 66) 2-26
2026-08-17 22:40:00,005 INFO o.a.j.r.Summariser: summary +   2554 in 00:00:30 =   85.2/s Avg:     3 Min:     0 Max:    37 Err:     0 (0.00%) Active: 59 Started: 59 Finished: 0
2026-08-17 22:40:00,006 INFO o.a.j.r.Summariser: summary =  10932 in 00:02:53 =   63.2/s Avg:     3 Min:     0 Max:    46 Err:     0 (0.00%)
2026-08-17 22:40:00,782 INFO o.a.j.t.JMeterThread: Thread started: TG Stress stage 2 (+33 VU, total 66) 2-27
2026-08-17 22:40:01,691 INFO o.a.j.t.JMeterThread: Thread started: TG Stress stage 2 (+33 VU, total 66) 2-28
2026-08-17 22:40:02,599 INFO o.a.j.t.JMeterThread: Thread started: TG Stress stage 2 (+33 VU, total 66) 2-29
2026-08-17 22:40:03,507 INFO o.a.j.t.JMeterThread: Thread started: TG Stress stage 2 (+33 VU, total 66) 2-30
2026-08-17 22:40:04,416 INFO o.a.j.t.JMeterThread: Thread started: TG Stress stage 2 (+33 VU, total 66) 2-31
2026-08-17 22:40:05,326 INFO o.a.j.t.JMeterThread: Thread started: TG Stress stage 2 (+33 VU, total 66) 2-32
2026-08-17 22:40:06,235 INFO o.a.j.t.JMeterThread: Thread started: TG Stress stage 2 (+33 VU, total 66) 2-33
2026-08-17 22:40:30,004 INFO o.a.j.r.Summariser: summary +   3876 in 00:00:30 =  129.2/s Avg:     3 Min:     0 Max:    57 Err:     0 (0.00%) Active: 66 Started: 66 Finished: 0
2026-08-17 22:40:30,004 INFO o.a.j.r.Summariser: summary =  14808 in 00:03:23 =   73.0/s Avg:     3 Min:     0 Max:    57 Err:     0 (0.00%)
2026-08-17 22:41:00,012 INFO o.a.j.r.Summariser: summary +   3916 in 00:00:30 =  130.5/s Avg:     4 Min:     0 Max:    33 Err:     0 (0.00%) Active: 66 Started: 66 Finished: 0
2026-08-17 22:41:00,013 INFO o.a.j.r.Summariser: summary =  18724 in 00:03:53 =   80.4/s Avg:     3 Min:     0 Max:    57 Err:     0 (0.00%)
2026-08-17 22:41:30,011 INFO o.a.j.r.Summariser: summary +   3913 in 00:00:30 =  130.4/s Avg:     4 Min:     0 Max:    38 Err:     0 (0.00%) Active: 66 Started: 66 Finished: 0
2026-08-17 22:41:30,012 INFO o.a.j.r.Summariser: summary =  22637 in 00:04:23 =   86.1/s Avg:     3 Min:     0 Max:    57 Err:     0 (0.00%)
2026-08-17 22:42:00,010 INFO o.a.j.r.Summariser: summary +   3913 in 00:00:30 =  130.4/s Avg:     3 Min:     0 Max:    43 Err:     0 (0.00%) Active: 66 Started: 66 Finished: 0
2026-08-17 22:42:00,010 INFO o.a.j.r.Summariser: summary =  26550 in 00:04:53 =   90.6/s Avg:     3 Min:     0 Max:    57 Err:     0 (0.00%)
2026-08-17 22:42:07,181 INFO o.a.j.t.JMeterThread: Thread started: TG Stress stage 3 (+33 VU, total 99) 3-1
2026-08-17 22:42:08,089 INFO o.a.j.t.JMeterThread: Thread started: TG Stress stage 3 (+33 VU, total 99) 3-2
2026-08-17 22:42:09,000 INFO o.a.j.t.JMeterThread: Thread started: TG Stress stage 3 (+33 VU, total 99) 3-3
2026-08-17 22:42:09,909 INFO o.a.j.t.JMeterThread: Thread started: TG Stress stage 3 (+33 VU, total 99) 3-4
2026-08-17 22:42:10,818 INFO o.a.j.t.JMeterThread: Thread started: TG Stress stage 3 (+33 VU, total 99) 3-5
2026-08-17 22:42:11,725 INFO o.a.j.t.JMeterThread: Thread started: TG Stress stage 3 (+33 VU, total 99) 3-6
2026-08-17 22:42:12,636 INFO o.a.j.t.JMeterThread: Thread started: TG Stress stage 3 (+33 VU, total 99) 3-7
2026-08-17 22:42:13,543 INFO o.a.j.t.JMeterThread: Thread started: TG Stress stage 3 (+33 VU, total 99) 3-8
2026-08-17 22:42:14,452 INFO o.a.j.t.JMeterThread: Thread started: TG Stress stage 3 (+33 VU, total 99) 3-9
2026-08-17 22:42:15,361 INFO o.a.j.t.JMeterThread: Thread started: TG Stress stage 3 (+33 VU, total 99) 3-10
2026-08-17 22:42:16,270 INFO o.a.j.t.JMeterThread: Thread started: TG Stress stage 3 (+33 VU, total 99) 3-11
2026-08-17 22:42:17,179 INFO o.a.j.t.JMeterThread: Thread started: TG Stress stage 3 (+33 VU, total 99) 3-12
2026-08-17 22:42:18,087 INFO o.a.j.t.JMeterThread: Thread started: TG Stress stage 3 (+33 VU, total 99) 3-13
2026-08-17 22:42:18,997 INFO o.a.j.t.JMeterThread: Thread started: TG Stress stage 3 (+33 VU, total 99) 3-14
2026-08-17 22:42:19,906 INFO o.a.j.t.JMeterThread: Thread started: TG Stress stage 3 (+33 VU, total 99) 3-15
2026-08-17 22:42:20,815 INFO o.a.j.t.JMeterThread: Thread started: TG Stress stage 3 (+33 VU, total 99) 3-16
2026-08-17 22:42:21,725 INFO o.a.j.t.JMeterThread: Thread started: TG Stress stage 3 (+33 VU, total 99) 3-17
2026-08-17 22:42:22,634 INFO o.a.j.t.JMeterThread: Thread started: TG Stress stage 3 (+33 VU, total 99) 3-18
2026-08-17 22:42:23,542 INFO o.a.j.t.JMeterThread: Thread started: TG Stress stage 3 (+33 VU, total 99) 3-19
2026-08-17 22:42:24,450 INFO o.a.j.t.JMeterThread: Thread started: TG Stress stage 3 (+33 VU, total 99) 3-20
2026-08-17 22:42:25,360 INFO o.a.j.t.JMeterThread: Thread started: TG Stress stage 3 (+33 VU, total 99) 3-21
2026-08-17 22:42:26,268 INFO o.a.j.t.JMeterThread: Thread started: TG Stress stage 3 (+33 VU, total 99) 3-22
2026-08-17 22:42:27,177 INFO o.a.j.t.JMeterThread: Thread started: TG Stress stage 3 (+33 VU, total 99) 3-23
2026-08-17 22:42:28,087 INFO o.a.j.t.JMeterThread: Thread started: TG Stress stage 3 (+33 VU, total 99) 3-24
2026-08-17 22:42:28,996 INFO o.a.j.t.JMeterThread: Thread started: TG Stress stage 3 (+33 VU, total 99) 3-25
2026-08-17 22:42:29,905 INFO o.a.j.t.JMeterThread: Thread started: TG Stress stage 3 (+33 VU, total 99) 3-26
2026-08-17 22:42:30,003 INFO o.a.j.r.Summariser: summary +   4516 in 00:00:30 =  150.6/s Avg:     3 Min:     0 Max:    47 Err:     0 (0.00%) Active: 92 Started: 92 Finished: 0
2026-08-17 22:42:30,003 INFO o.a.j.r.Summariser: summary =  31066 in 00:05:23 =   96.2/s Avg:     3 Min:     0 Max:    57 Err:     0 (0.00%)
2026-08-17 22:42:30,814 INFO o.a.j.t.JMeterThread: Thread started: TG Stress stage 3 (+33 VU, total 99) 3-27
2026-08-17 22:42:31,722 INFO o.a.j.t.JMeterThread: Thread started: TG Stress stage 3 (+33 VU, total 99) 3-28
2026-08-17 22:42:32,631 INFO o.a.j.t.JMeterThread: Thread started: TG Stress stage 3 (+33 VU, total 99) 3-29
2026-08-17 22:42:33,540 INFO o.a.j.t.JMeterThread: Thread started: TG Stress stage 3 (+33 VU, total 99) 3-30
2026-08-17 22:42:34,450 INFO o.a.j.t.JMeterThread: Thread started: TG Stress stage 3 (+33 VU, total 99) 3-31
2026-08-17 22:42:35,360 INFO o.a.j.t.JMeterThread: Thread started: TG Stress stage 3 (+33 VU, total 99) 3-32
2026-08-17 22:42:36,268 INFO o.a.j.t.JMeterThread: Thread started: TG Stress stage 3 (+33 VU, total 99) 3-33
2026-08-17 22:43:00,013 INFO o.a.j.r.Summariser: summary +   5841 in 00:00:30 =  194.6/s Avg:     4 Min:     0 Max:    51 Err:     0 (0.00%) Active: 99 Started: 99 Finished: 0
2026-08-17 22:43:00,014 INFO o.a.j.r.Summariser: summary =  36907 in 00:05:53 =  104.6/s Avg:     3 Min:     0 Max:    57 Err:     0 (0.00%)
2026-08-17 22:43:30,004 INFO o.a.j.r.Summariser: summary +   5892 in 00:00:30 =  196.4/s Avg:     4 Min:     0 Max:    74 Err:     0 (0.00%) Active: 99 Started: 99 Finished: 0
2026-08-17 22:43:30,006 INFO o.a.j.r.Summariser: summary =  42799 in 00:06:23 =  111.8/s Avg:     4 Min:     0 Max:    74 Err:     0 (0.00%)
2026-08-17 22:44:00,001 INFO o.a.j.r.Summariser: summary +   5885 in 00:00:30 =  196.2/s Avg:     4 Min:     0 Max:    40 Err:     0 (0.00%) Active: 99 Started: 99 Finished: 0
2026-08-17 22:44:00,002 INFO o.a.j.r.Summariser: summary =  48684 in 00:06:53 =  117.9/s Avg:     4 Min:     0 Max:    74 Err:     0 (0.00%)
2026-08-17 22:44:30,003 INFO o.a.j.r.Summariser: summary +   5878 in 00:00:30 =  195.9/s Avg:     4 Min:     0 Max:    50 Err:     0 (0.00%) Active: 99 Started: 99 Finished: 0
2026-08-17 22:44:30,003 INFO o.a.j.r.Summariser: summary =  54562 in 00:07:23 =  123.2/s Avg:     4 Min:     0 Max:    74 Err:     0 (0.00%)
2026-08-17 22:44:37,211 INFO o.a.j.t.JMeterThread: Thread started: TG Stress stage 4 (+33 VU, total 132) 4-1
2026-08-17 22:44:38,121 INFO o.a.j.t.JMeterThread: Thread started: TG Stress stage 4 (+33 VU, total 132) 4-2
2026-08-17 22:44:39,030 INFO o.a.j.t.JMeterThread: Thread started: TG Stress stage 4 (+33 VU, total 132) 4-3
2026-08-17 22:44:39,939 INFO o.a.j.t.JMeterThread: Thread started: TG Stress stage 4 (+33 VU, total 132) 4-4
2026-08-17 22:44:40,849 INFO o.a.j.t.JMeterThread: Thread started: TG Stress stage 4 (+33 VU, total 132) 4-5
2026-08-17 22:44:41,757 INFO o.a.j.t.JMeterThread: Thread started: TG Stress stage 4 (+33 VU, total 132) 4-6
2026-08-17 22:44:42,666 INFO o.a.j.t.JMeterThread: Thread started: TG Stress stage 4 (+33 VU, total 132) 4-7
2026-08-17 22:44:43,574 INFO o.a.j.t.JMeterThread: Thread started: TG Stress stage 4 (+33 VU, total 132) 4-8
2026-08-17 22:44:44,485 INFO o.a.j.t.JMeterThread: Thread started: TG Stress stage 4 (+33 VU, total 132) 4-9
2026-08-17 22:44:45,392 INFO o.a.j.t.JMeterThread: Thread started: TG Stress stage 4 (+33 VU, total 132) 4-10
2026-08-17 22:44:46,302 INFO o.a.j.t.JMeterThread: Thread started: TG Stress stage 4 (+33 VU, total 132) 4-11
2026-08-17 22:44:47,210 INFO o.a.j.t.JMeterThread: Thread started: TG Stress stage 4 (+33 VU, total 132) 4-12
2026-08-17 22:44:48,119 INFO o.a.j.t.JMeterThread: Thread started: TG Stress stage 4 (+33 VU, total 132) 4-13
2026-08-17 22:44:49,029 INFO o.a.j.t.JMeterThread: Thread started: TG Stress stage 4 (+33 VU, total 132) 4-14
2026-08-17 22:44:49,939 INFO o.a.j.t.JMeterThread: Thread started: TG Stress stage 4 (+33 VU, total 132) 4-15
2026-08-17 22:44:50,849 INFO o.a.j.t.JMeterThread: Thread started: TG Stress stage 4 (+33 VU, total 132) 4-16
2026-08-17 22:44:51,755 INFO o.a.j.t.JMeterThread: Thread started: TG Stress stage 4 (+33 VU, total 132) 4-17
2026-08-17 22:44:52,664 INFO o.a.j.t.JMeterThread: Thread started: TG Stress stage 4 (+33 VU, total 132) 4-18
2026-08-17 22:44:53,574 INFO o.a.j.t.JMeterThread: Thread started: TG Stress stage 4 (+33 VU, total 132) 4-19
2026-08-17 22:44:54,483 INFO o.a.j.t.JMeterThread: Thread started: TG Stress stage 4 (+33 VU, total 132) 4-20
2026-08-17 22:44:55,393 INFO o.a.j.t.JMeterThread: Thread started: TG Stress stage 4 (+33 VU, total 132) 4-21
2026-08-17 22:44:56,302 INFO o.a.j.t.JMeterThread: Thread started: TG Stress stage 4 (+33 VU, total 132) 4-22
2026-08-17 22:44:57,210 INFO o.a.j.t.JMeterThread: Thread started: TG Stress stage 4 (+33 VU, total 132) 4-23
2026-08-17 22:44:58,118 INFO o.a.j.t.JMeterThread: Thread started: TG Stress stage 4 (+33 VU, total 132) 4-24
2026-08-17 22:44:59,028 INFO o.a.j.t.JMeterThread: Thread started: TG Stress stage 4 (+33 VU, total 132) 4-25
2026-08-17 22:44:59,937 INFO o.a.j.t.JMeterThread: Thread started: TG Stress stage 4 (+33 VU, total 132) 4-26
2026-08-17 22:45:00,009 INFO o.a.j.r.Summariser: summary +   6453 in 00:00:30 =  215.0/s Avg:     4 Min:     0 Max:    36 Err:     0 (0.00%) Active: 125 Started: 125 Finished: 0
2026-08-17 22:45:00,010 INFO o.a.j.r.Summariser: summary =  61015 in 00:07:53 =  129.0/s Avg:     4 Min:     0 Max:    74 Err:     0 (0.00%)
2026-08-17 22:45:00,847 INFO o.a.j.t.JMeterThread: Thread started: TG Stress stage 4 (+33 VU, total 132) 4-27
2026-08-17 22:45:01,755 INFO o.a.j.t.JMeterThread: Thread started: TG Stress stage 4 (+33 VU, total 132) 4-28
2026-08-17 22:45:02,664 INFO o.a.j.t.JMeterThread: Thread started: TG Stress stage 4 (+33 VU, total 132) 4-29
2026-08-17 22:45:03,572 INFO o.a.j.t.JMeterThread: Thread started: TG Stress stage 4 (+33 VU, total 132) 4-30
2026-08-17 22:45:04,482 INFO o.a.j.t.JMeterThread: Thread started: TG Stress stage 4 (+33 VU, total 132) 4-31
2026-08-17 22:45:05,391 INFO o.a.j.t.JMeterThread: Thread started: TG Stress stage 4 (+33 VU, total 132) 4-32
2026-08-17 22:45:06,301 INFO o.a.j.t.JMeterThread: Thread started: TG Stress stage 4 (+33 VU, total 132) 4-33
2026-08-17 22:45:30,003 INFO o.a.j.r.Summariser: summary +   7762 in 00:00:30 =  258.8/s Avg:     4 Min:     0 Max:    54 Err:     0 (0.00%) Active: 132 Started: 132 Finished: 0
2026-08-17 22:45:30,003 INFO o.a.j.r.Summariser: summary =  68777 in 00:08:23 =  136.8/s Avg:     4 Min:     0 Max:    74 Err:     0 (0.00%)
2026-08-17 22:46:00,000 INFO o.a.j.r.Summariser: summary +   7832 in 00:00:30 =  261.1/s Avg:     4 Min:     0 Max:    50 Err:     0 (0.00%) Active: 132 Started: 132 Finished: 0
2026-08-17 22:46:00,000 INFO o.a.j.r.Summariser: summary =  76609 in 00:08:53 =  143.8/s Avg:     4 Min:     0 Max:    74 Err:     0 (0.00%)
2026-08-17 22:46:30,002 INFO o.a.j.r.Summariser: summary +   7813 in 00:00:30 =  260.4/s Avg:     4 Min:     0 Max:    54 Err:     0 (0.00%) Active: 132 Started: 132 Finished: 0
2026-08-17 22:46:30,002 INFO o.a.j.r.Summariser: summary =  84422 in 00:09:23 =  150.0/s Avg:     4 Min:     0 Max:    74 Err:     0 (0.00%)
2026-08-17 22:47:00,010 INFO o.a.j.r.Summariser: summary +   7805 in 00:00:30 =  260.1/s Avg:     4 Min:     0 Max:    56 Err:     0 (0.00%) Active: 132 Started: 132 Finished: 0
2026-08-17 22:47:00,011 INFO o.a.j.r.Summariser: summary =  92227 in 00:09:53 =  155.5/s Avg:     4 Min:     0 Max:    74 Err:     0 (0.00%)
2026-08-17 22:47:06,493 INFO o.a.j.t.JMeterThread: Thread finished: TG Stress stage 2 (+33 VU, total 66) 2-1
2026-08-17 22:47:06,574 INFO o.a.j.t.JMeterThread: Thread finished: TG Stress stage 2 (+33 VU, total 66) 2-2
2026-08-17 22:47:06,577 INFO o.a.j.t.JMeterThread: Thread finished: TG Stress stage 4 (+33 VU, total 132) 4-25
2026-08-17 22:47:06,607 INFO o.a.j.t.JMeterThread: Thread finished: TG Stress stage 3 (+33 VU, total 99) 3-1
2026-08-17 22:47:06,613 INFO o.a.j.t.JMeterThread: Thread finished: TG Stress stage 1 (+33 VU, total 33) 1-19
2026-08-17 22:47:06,619 INFO o.a.j.t.JMeterThread: Thread finished: TG Stress stage 1 (+33 VU, total 33) 1-5
2026-08-17 22:47:06,622 INFO o.a.j.t.JMeterThread: Thread finished: TG Stress stage 1 (+33 VU, total 33) 1-30
2026-08-17 22:47:06,624 INFO o.a.j.t.JMeterThread: Thread finished: TG Stress stage 4 (+33 VU, total 132) 4-15
2026-08-17 22:47:06,629 INFO o.a.j.t.JMeterThread: Thread finished: TG Stress stage 3 (+33 VU, total 99) 3-4
2026-08-17 22:47:06,638 INFO o.a.j.t.JMeterThread: Thread finished: TG Stress stage 2 (+33 VU, total 66) 2-16
2026-08-17 22:47:06,666 INFO o.a.j.t.JMeterThread: Thread finished: TG Stress stage 3 (+33 VU, total 99) 3-12
2026-08-17 22:47:06,682 INFO o.a.j.t.JMeterThread: Thread finished: TG Stress stage 4 (+33 VU, total 132) 4-27
2026-08-17 22:47:06,685 INFO o.a.j.t.JMeterThread: Thread finished: TG Stress stage 4 (+33 VU, total 132) 4-11
2026-08-17 22:47:06,687 INFO o.a.j.t.JMeterThread: Thread finished: TG Stress stage 2 (+33 VU, total 66) 2-18
2026-08-17 22:47:06,700 INFO o.a.j.t.JMeterThread: Thread finished: TG Stress stage 1 (+33 VU, total 33) 1-13
2026-08-17 22:47:06,713 INFO o.a.j.t.JMeterThread: Thread finished: TG Stress stage 1 (+33 VU, total 33) 1-28
2026-08-17 22:47:06,713 INFO o.a.j.t.JMeterThread: Thread finished: TG Stress stage 4 (+33 VU, total 132) 4-29
2026-08-17 22:47:06,735 INFO o.a.j.t.JMeterThread: Thread finished: TG Stress stage 2 (+33 VU, total 66) 2-12
2026-08-17 22:47:06,739 INFO o.a.j.t.JMeterThread: Thread finished: TG Stress stage 1 (+33 VU, total 33) 1-4
2026-08-17 22:47:06,748 INFO o.a.j.t.JMeterThread: Thread finished: TG Stress stage 1 (+33 VU, total 33) 1-16
2026-08-17 22:47:06,765 INFO o.a.j.t.JMeterThread: Thread finished: TG Stress stage 1 (+33 VU, total 33) 1-27
2026-08-17 22:47:06,767 INFO o.a.j.t.JMeterThread: Thread finished: TG Stress stage 1 (+33 VU, total 33) 1-15
2026-08-17 22:47:06,770 INFO o.a.j.t.JMeterThread: Thread finished: TG Stress stage 4 (+33 VU, total 132) 4-10
2026-08-17 22:47:06,774 INFO o.a.j.t.JMeterThread: Thread finished: TG Stress stage 2 (+33 VU, total 66) 2-27
2026-08-17 22:47:06,774 INFO o.a.j.t.JMeterThread: Thread finished: TG Stress stage 2 (+33 VU, total 66) 2-9
2026-08-17 22:47:06,778 INFO o.a.j.t.JMeterThread: Thread finished: TG Stress stage 1 (+33 VU, total 33) 1-21
2026-08-17 22:47:06,786 INFO o.a.j.t.JMeterThread: Thread finished: TG Stress stage 2 (+33 VU, total 66) 2-21
2026-08-17 22:47:06,791 INFO o.a.j.t.JMeterThread: Thread finished: TG Stress stage 3 (+33 VU, total 99) 3-30
2026-08-17 22:47:06,791 INFO o.a.j.t.JMeterThread: Thread finished: TG Stress stage 3 (+33 VU, total 99) 3-32
2026-08-17 22:47:06,793 INFO o.a.j.t.JMeterThread: Thread finished: TG Stress stage 4 (+33 VU, total 132) 4-26
2026-08-17 22:47:06,800 INFO o.a.j.t.JMeterThread: Thread finished: TG Stress stage 3 (+33 VU, total 99) 3-7
2026-08-17 22:47:06,802 INFO o.a.j.t.JMeterThread: Thread finished: TG Stress stage 4 (+33 VU, total 132) 4-20
2026-08-17 22:47:06,802 INFO o.a.j.t.JMeterThread: Thread finished: TG Stress stage 1 (+33 VU, total 33) 1-22
2026-08-17 22:47:06,804 INFO o.a.j.t.JMeterThread: Thread finished: TG Stress stage 2 (+33 VU, total 66) 2-30
2026-08-17 22:47:06,812 INFO o.a.j.t.JMeterThread: Thread finished: TG Stress stage 3 (+33 VU, total 99) 3-3
2026-08-17 22:47:06,813 INFO o.a.j.t.JMeterThread: Thread finished: TG Stress stage 2 (+33 VU, total 66) 2-7
2026-08-17 22:47:06,822 INFO o.a.j.t.JMeterThread: Thread finished: TG Stress stage 1 (+33 VU, total 33) 1-25
2026-08-17 22:47:06,828 INFO o.a.j.t.JMeterThread: Thread finished: TG Stress stage 2 (+33 VU, total 66) 2-22
2026-08-17 22:47:06,828 INFO o.a.j.t.JMeterThread: Thread finished: TG Stress stage 2 (+33 VU, total 66) 2-26
2026-08-17 22:47:06,832 INFO o.a.j.t.JMeterThread: Thread finished: TG Stress stage 4 (+33 VU, total 132) 4-7
2026-08-17 22:47:06,837 INFO o.a.j.t.JMeterThread: Thread finished: TG Stress stage 1 (+33 VU, total 33) 1-11
2026-08-17 22:47:06,838 INFO o.a.j.t.JMeterThread: Thread finished: TG Stress stage 4 (+33 VU, total 132) 4-18
2026-08-17 22:47:06,848 INFO o.a.j.t.JMeterThread: Thread finished: TG Stress stage 4 (+33 VU, total 132) 4-31
2026-08-17 22:47:06,850 INFO o.a.j.t.JMeterThread: Thread finished: TG Stress stage 3 (+33 VU, total 99) 3-8
2026-08-17 22:47:06,852 INFO o.a.j.t.JMeterThread: Thread finished: TG Stress stage 2 (+33 VU, total 66) 2-31
2026-08-17 22:47:06,855 INFO o.a.j.t.JMeterThread: Thread finished: TG Stress stage 1 (+33 VU, total 33) 1-20
2026-08-17 22:47:06,859 INFO o.a.j.t.JMeterThread: Thread finished: TG Stress stage 3 (+33 VU, total 99) 3-13
2026-08-17 22:47:06,868 INFO o.a.j.t.JMeterThread: Thread finished: TG Stress stage 3 (+33 VU, total 99) 3-11
2026-08-17 22:47:06,871 INFO o.a.j.t.JMeterThread: Thread finished: TG Stress stage 2 (+33 VU, total 66) 2-25
2026-08-17 22:47:06,879 INFO o.a.j.t.JMeterThread: Thread finished: TG Stress stage 3 (+33 VU, total 99) 3-23
2026-08-17 22:47:06,879 INFO o.a.j.t.JMeterThread: Thread finished: TG Stress stage 4 (+33 VU, total 132) 4-4
2026-08-17 22:47:06,881 INFO o.a.j.t.JMeterThread: Thread finished: TG Stress stage 4 (+33 VU, total 132) 4-33
2026-08-17 22:47:06,883 INFO o.a.j.t.JMeterThread: Thread finished: TG Stress stage 2 (+33 VU, total 66) 2-3
2026-08-17 22:47:06,887 INFO o.a.j.t.JMeterThread: Thread finished: TG Stress stage 2 (+33 VU, total 66) 2-24
2026-08-17 22:47:06,892 INFO o.a.j.t.JMeterThread: Thread finished: TG Stress stage 3 (+33 VU, total 99) 3-9
2026-08-17 22:47:06,892 INFO o.a.j.t.JMeterThread: Thread finished: TG Stress stage 2 (+33 VU, total 66) 2-28
2026-08-17 22:47:06,895 INFO o.a.j.t.JMeterThread: Thread finished: TG Stress stage 4 (+33 VU, total 132) 4-21
2026-08-17 22:47:06,895 INFO o.a.j.t.JMeterThread: Thread finished: TG Stress stage 3 (+33 VU, total 99) 3-20
2026-08-17 22:47:06,895 INFO o.a.j.t.JMeterThread: Thread finished: TG Stress stage 1 (+33 VU, total 33) 1-23
2026-08-17 22:47:06,901 INFO o.a.j.t.JMeterThread: Thread finished: TG Stress stage 1 (+33 VU, total 33) 1-32
2026-08-17 22:47:06,905 INFO o.a.j.t.JMeterThread: Thread finished: TG Stress stage 2 (+33 VU, total 66) 2-13
2026-08-17 22:47:06,918 INFO o.a.j.t.JMeterThread: Thread finished: TG Stress stage 3 (+33 VU, total 99) 3-29
2026-08-17 22:47:06,923 INFO o.a.j.t.JMeterThread: Thread finished: TG Stress stage 3 (+33 VU, total 99) 3-10
2026-08-17 22:47:06,926 INFO o.a.j.t.JMeterThread: Thread finished: TG Stress stage 1 (+33 VU, total 33) 1-8
2026-08-17 22:47:06,928 INFO o.a.j.t.JMeterThread: Thread finished: TG Stress stage 1 (+33 VU, total 33) 1-2
2026-08-17 22:47:06,930 INFO o.a.j.t.JMeterThread: Thread finished: TG Stress stage 4 (+33 VU, total 132) 4-8
2026-08-17 22:47:06,933 INFO o.a.j.t.JMeterThread: Thread finished: TG Stress stage 2 (+33 VU, total 66) 2-33
2026-08-17 22:47:06,937 INFO o.a.j.t.JMeterThread: Thread finished: TG Stress stage 1 (+33 VU, total 33) 1-1
2026-08-17 22:47:06,939 INFO o.a.j.t.JMeterThread: Thread finished: TG Stress stage 3 (+33 VU, total 99) 3-28
2026-08-17 22:47:06,941 INFO o.a.j.t.JMeterThread: Thread finished: TG Stress stage 1 (+33 VU, total 33) 1-14
2026-08-17 22:47:06,944 INFO o.a.j.t.JMeterThread: Thread finished: TG Stress stage 1 (+33 VU, total 33) 1-24
2026-08-17 22:47:06,956 INFO o.a.j.t.JMeterThread: Thread finished: TG Stress stage 1 (+33 VU, total 33) 1-33
2026-08-17 22:47:06,957 INFO o.a.j.t.JMeterThread: Thread finished: TG Stress stage 2 (+33 VU, total 66) 2-32
2026-08-17 22:47:06,960 INFO o.a.j.t.JMeterThread: Thread finished: TG Stress stage 1 (+33 VU, total 33) 1-6
2026-08-17 22:47:06,963 INFO o.a.j.t.JMeterThread: Thread finished: TG Stress stage 3 (+33 VU, total 99) 3-25
2026-08-17 22:47:06,970 INFO o.a.j.t.JMeterThread: Thread finished: TG Stress stage 4 (+33 VU, total 132) 4-13
2026-08-17 22:47:06,978 INFO o.a.j.t.JMeterThread: Thread finished: TG Stress stage 3 (+33 VU, total 99) 3-33
2026-08-17 22:47:06,980 INFO o.a.j.t.JMeterThread: Thread finished: TG Stress stage 4 (+33 VU, total 132) 4-24
2026-08-17 22:47:06,988 INFO o.a.j.t.JMeterThread: Thread finished: TG Stress stage 1 (+33 VU, total 33) 1-12
2026-08-17 22:47:06,990 INFO o.a.j.t.JMeterThread: Thread finished: TG Stress stage 4 (+33 VU, total 132) 4-9
2026-08-17 22:47:06,991 INFO o.a.j.t.JMeterThread: Thread finished: TG Stress stage 4 (+33 VU, total 132) 4-6
2026-08-17 22:47:06,999 INFO o.a.j.t.JMeterThread: Thread finished: TG Stress stage 3 (+33 VU, total 99) 3-15
2026-08-17 22:47:07,002 INFO o.a.j.t.JMeterThread: Thread finished: TG Stress stage 3 (+33 VU, total 99) 3-14
2026-08-17 22:47:07,004 INFO o.a.j.t.JMeterThread: Thread finished: TG Stress stage 1 (+33 VU, total 33) 1-17
2026-08-17 22:47:07,009 INFO o.a.j.t.JMeterThread: Thread finished: TG Stress stage 3 (+33 VU, total 99) 3-16
2026-08-17 22:47:07,011 INFO o.a.j.t.JMeterThread: Thread finished: TG Stress stage 4 (+33 VU, total 132) 4-2
2026-08-17 22:47:07,017 INFO o.a.j.t.JMeterThread: Thread finished: TG Stress stage 3 (+33 VU, total 99) 3-5
2026-08-17 22:47:07,018 INFO o.a.j.t.JMeterThread: Thread finished: TG Stress stage 1 (+33 VU, total 33) 1-31
2026-08-17 22:47:07,021 INFO o.a.j.t.JMeterThread: Thread finished: TG Stress stage 1 (+33 VU, total 33) 1-9
2026-08-17 22:47:07,021 INFO o.a.j.t.JMeterThread: Thread finished: TG Stress stage 4 (+33 VU, total 132) 4-28
2026-08-17 22:47:07,023 INFO o.a.j.t.JMeterThread: Thread finished: TG Stress stage 2 (+33 VU, total 66) 2-14
2026-08-17 22:47:07,038 INFO o.a.j.t.JMeterThread: Thread finished: TG Stress stage 3 (+33 VU, total 99) 3-18
2026-08-17 22:47:07,048 INFO o.a.j.t.JMeterThread: Thread finished: TG Stress stage 2 (+33 VU, total 66) 2-15
2026-08-17 22:47:07,050 INFO o.a.j.t.JMeterThread: Thread finished: TG Stress stage 1 (+33 VU, total 33) 1-7
2026-08-17 22:47:07,059 INFO o.a.j.t.JMeterThread: Thread finished: TG Stress stage 1 (+33 VU, total 33) 1-29
2026-08-17 22:47:07,064 INFO o.a.j.t.JMeterThread: Thread finished: TG Stress stage 3 (+33 VU, total 99) 3-24
2026-08-17 22:47:07,069 INFO o.a.j.t.JMeterThread: Thread finished: TG Stress stage 2 (+33 VU, total 66) 2-4
2026-08-17 22:47:07,074 INFO o.a.j.t.JMeterThread: Thread finished: TG Stress stage 1 (+33 VU, total 33) 1-18
2026-08-17 22:47:07,079 INFO o.a.j.t.JMeterThread: Thread finished: TG Stress stage 1 (+33 VU, total 33) 1-26
2026-08-17 22:47:07,081 INFO o.a.j.t.JMeterThread: Thread finished: TG Stress stage 3 (+33 VU, total 99) 3-31
2026-08-17 22:47:07,092 INFO o.a.j.t.JMeterThread: Thread finished: TG Stress stage 1 (+33 VU, total 33) 1-10
2026-08-17 22:47:07,094 INFO o.a.j.t.JMeterThread: Thread finished: TG Stress stage 4 (+33 VU, total 132) 4-17
2026-08-17 22:47:07,102 INFO o.a.j.t.JMeterThread: Thread finished: TG Stress stage 2 (+33 VU, total 66) 2-10
2026-08-17 22:47:07,102 INFO o.a.j.t.JMeterThread: Thread finished: TG Stress stage 2 (+33 VU, total 66) 2-5
2026-08-17 22:47:07,106 INFO o.a.j.t.JMeterThread: Thread finished: TG Stress stage 4 (+33 VU, total 132) 4-23
2026-08-17 22:47:07,111 INFO o.a.j.t.JMeterThread: Thread finished: TG Stress stage 2 (+33 VU, total 66) 2-19
2026-08-17 22:47:07,111 INFO o.a.j.t.JMeterThread: Thread finished: TG Stress stage 4 (+33 VU, total 132) 4-30
2026-08-17 22:47:07,111 INFO o.a.j.t.JMeterThread: Stopping because end time detected by thread: TG Stress stage 1 (+33 VU, total 33) 1-3
2026-08-17 22:47:07,111 INFO o.a.j.t.JMeterThread: Thread finished: TG Stress stage 1 (+33 VU, total 33) 1-3
2026-08-17 22:47:07,111 INFO o.a.j.t.JMeterThread: Thread finished: TG Stress stage 2 (+33 VU, total 66) 2-8
2026-08-17 22:47:07,114 INFO o.a.j.t.JMeterThread: Thread finished: TG Stress stage 4 (+33 VU, total 132) 4-12
2026-08-17 22:47:07,116 INFO o.a.j.t.JMeterThread: Thread finished: TG Stress stage 2 (+33 VU, total 66) 2-17
2026-08-17 22:47:07,119 INFO o.a.j.t.JMeterThread: Thread finished: TG Stress stage 3 (+33 VU, total 99) 3-19
2026-08-17 22:47:07,119 INFO o.a.j.t.JMeterThread: Thread finished: TG Stress stage 3 (+33 VU, total 99) 3-21
2026-08-17 22:47:07,123 INFO o.a.j.t.JMeterThread: Thread finished: TG Stress stage 4 (+33 VU, total 132) 4-14
2026-08-17 22:47:07,127 INFO o.a.j.t.JMeterThread: Thread finished: TG Stress stage 4 (+33 VU, total 132) 4-19
2026-08-17 22:47:07,139 INFO o.a.j.t.JMeterThread: Thread finished: TG Stress stage 4 (+33 VU, total 132) 4-5
2026-08-17 22:47:07,144 INFO o.a.j.t.JMeterThread: Thread finished: TG Stress stage 3 (+33 VU, total 99) 3-17
2026-08-17 22:47:07,149 INFO o.a.j.t.JMeterThread: Thread finished: TG Stress stage 3 (+33 VU, total 99) 3-26
2026-08-17 22:47:07,151 INFO o.a.j.t.JMeterThread: Thread finished: TG Stress stage 2 (+33 VU, total 66) 2-29
2026-08-17 22:47:07,151 INFO o.a.j.t.JMeterThread: Thread finished: TG Stress stage 3 (+33 VU, total 99) 3-2
2026-08-17 22:47:07,153 INFO o.a.j.t.JMeterThread: Stopping because end time detected by thread: TG Stress stage 2 (+33 VU, total 66) 2-6
2026-08-17 22:47:07,153 INFO o.a.j.t.JMeterThread: Thread finished: TG Stress stage 2 (+33 VU, total 66) 2-6
2026-08-17 22:47:07,158 INFO o.a.j.t.JMeterThread: Thread finished: TG Stress stage 2 (+33 VU, total 66) 2-11
2026-08-17 22:47:07,162 INFO o.a.j.t.JMeterThread: Thread finished: TG Stress stage 3 (+33 VU, total 99) 3-6
2026-08-17 22:47:07,169 INFO o.a.j.t.JMeterThread: Stopping because end time detected by thread: TG Stress stage 2 (+33 VU, total 66) 2-23
2026-08-17 22:47:07,169 INFO o.a.j.t.JMeterThread: Thread finished: TG Stress stage 2 (+33 VU, total 66) 2-23
2026-08-17 22:47:07,173 INFO o.a.j.t.JMeterThread: Stopping because end time detected by thread: TG Stress stage 2 (+33 VU, total 66) 2-20
2026-08-17 22:47:07,173 INFO o.a.j.t.JMeterThread: Thread finished: TG Stress stage 2 (+33 VU, total 66) 2-20
2026-08-17 22:47:07,175 INFO o.a.j.t.JMeterThread: Thread finished: TG Stress stage 4 (+33 VU, total 132) 4-1
2026-08-17 22:47:07,181 INFO o.a.j.t.JMeterThread: Thread finished: TG Stress stage 4 (+33 VU, total 132) 4-16
2026-08-17 22:47:07,185 INFO o.a.j.t.JMeterThread: Thread finished: TG Stress stage 4 (+33 VU, total 132) 4-22
2026-08-17 22:47:07,193 INFO o.a.j.t.JMeterThread: Thread finished: TG Stress stage 3 (+33 VU, total 99) 3-22
2026-08-17 22:47:07,194 INFO o.a.j.t.JMeterThread: Thread finished: TG Stress stage 3 (+33 VU, total 99) 3-27
2026-08-17 22:47:07,213 INFO o.a.j.t.JMeterThread: Stopping because end time detected by thread: TG Stress stage 4 (+33 VU, total 132) 4-3
2026-08-17 22:47:07,213 INFO o.a.j.t.JMeterThread: Thread finished: TG Stress stage 4 (+33 VU, total 132) 4-3
2026-08-17 22:47:07,224 INFO o.a.j.t.JMeterThread: Thread finished: TG Stress stage 4 (+33 VU, total 132) 4-32
2026-08-17 22:47:07,226 INFO o.a.j.e.StandardJMeterEngine: Notifying test listeners of end of test
2026-08-17 22:47:07,226 INFO o.a.j.s.FileServer: Close: D:/Sem_9_25_26/Kiem_Thu_Phan_Mem/homework/software__testing/HW05/data/search_keywords.csv
2026-08-17 22:47:07,226 INFO o.a.j.s.FileServer: Close: D:/Sem_9_25_26/Kiem_Thu_Phan_Mem/homework/software__testing/HW05/data/order_payloads.csv
2026-08-17 22:47:07,226 INFO o.a.j.s.FileServer: Close: D:/Sem_9_25_26/Kiem_Thu_Phan_Mem/homework/software__testing/HW05/data/credentials.csv
2026-08-17 22:47:07,226 INFO o.a.j.r.Summariser: summary +   1877 in 00:00:07 =  260.1/s Avg:     4 Min:     0 Max:    45 Err:     0 (0.00%) Active: 0 Started: 132 Finished: 132
2026-08-17 22:47:07,226 INFO o.a.j.r.Summariser: summary =  94104 in 00:10:00 =  156.8/s Avg:     4 Min:     0 Max:    74 Err:     0 (0.00%)
2026-08-17 22:47:07,228 INFO o.a.j.JMeter: Generating Dashboard
2026-08-17 22:47:07,228 INFO o.a.j.r.d.ReportGenerator: Flushing result collector before report Generation
2026-08-17 22:47:07,266 INFO o.a.j.r.p.NormalizerSampleConsumer: Using format, 'ms', to parse timeStamp field
2026-08-17 22:47:10,098 INFO o.a.j.r.p.AbstractSampleConsumer: class org.apache.jmeter.report.processor.AggregateConsumer#stopProducing(): beginDate produced 0 samples
2026-08-17 22:47:10,098 INFO o.a.j.r.p.AbstractSampleConsumer: class org.apache.jmeter.report.processor.AggregateConsumer#stopProducing(): endDate produced 0 samples
2026-08-17 22:47:10,098 INFO o.a.j.r.p.AbstractSampleConsumer: class org.apache.jmeter.report.processor.ApdexSummaryConsumer#stopProducing(): apdexSummary produced 0 samples
2026-08-17 22:47:10,098 INFO o.a.j.r.p.AbstractSampleConsumer: class org.apache.jmeter.report.processor.RequestsSummaryConsumer#stopProducing(): requestsSummary produced 0 samples
2026-08-17 22:47:10,130 INFO o.a.j.r.p.AbstractSampleConsumer: class org.apache.jmeter.report.processor.StatisticsSummaryConsumer#stopProducing(): statisticsSummary produced 0 samples
2026-08-17 22:47:10,130 INFO o.a.j.r.p.AbstractSampleConsumer: class org.apache.jmeter.report.processor.Top5ErrorsBySamplerConsumer#stopProducing(): top5ErrorsBySampler produced 0 samples
2026-08-17 22:47:10,130 INFO o.a.j.r.p.AbstractSampleConsumer: class org.apache.jmeter.report.processor.ErrorsSummaryConsumer#stopProducing(): errorsSummary produced 0 samples
2026-08-17 22:47:10,130 INFO o.a.j.r.p.AbstractSampleConsumer: class org.apache.jmeter.report.processor.graph.impl.HitsPerSecondGraphConsumer#stopProducing(): hitsPerSecond produced 0 samples
2026-08-17 22:47:10,843 INFO o.a.j.r.p.AbstractSampleConsumer: class org.apache.jmeter.report.processor.graph.impl.LatencyVSRequestGraphConsumer#stopProducing(): latencyVsRequest produced 0 samples
2026-08-17 22:47:10,843 INFO o.a.j.r.p.AbstractSampleConsumer: class org.apache.jmeter.report.processor.graph.impl.SyntheticResponseTimeDistributionGraphConsumer#stopProducing(): syntheticResponseTimeDistribution produced 0 samples
2026-08-17 22:47:10,843 INFO o.a.j.r.p.AbstractSampleConsumer: class org.apache.jmeter.report.processor.graph.impl.BytesThroughputGraphConsumer#stopProducing(): bytesThroughputOverTime produced 0 samples
2026-08-17 22:47:10,843 INFO o.a.j.r.p.AbstractSampleConsumer: class org.apache.jmeter.report.processor.graph.impl.CodesPerSecondGraphConsumer#stopProducing(): codesPerSecond produced 0 samples
2026-08-17 22:47:11,537 INFO o.a.j.r.p.AbstractSampleConsumer: class org.apache.jmeter.report.processor.graph.impl.ResponseTimeVSRequestGraphConsumer#stopProducing(): responseTimeVsRequest produced 0 samples
2026-08-17 22:47:11,539 INFO o.a.j.r.p.AbstractSampleConsumer: class org.apache.jmeter.report.processor.FilterConsumer#stopProducing(): startIntervalControlerFilter produced 658728 samples
2026-08-17 22:47:11,539 INFO o.a.j.r.p.AbstractSampleConsumer: class org.apache.jmeter.report.processor.graph.impl.TotalTPSGraphConsumer#stopProducing(): totalTPS produced 0 samples
2026-08-17 22:47:11,539 INFO o.a.j.r.p.AbstractSampleConsumer: class org.apache.jmeter.report.processor.graph.impl.ActiveThreadsGraphConsumer#stopProducing(): activeThreadsOverTime produced 0 samples
2026-08-17 22:47:11,539 INFO o.a.j.r.p.AbstractSampleConsumer: class org.apache.jmeter.report.processor.graph.impl.TimeVSThreadGraphConsumer#stopProducing(): timeVsThreads produced 0 samples
2026-08-17 22:47:11,539 INFO o.a.j.r.p.AbstractSampleConsumer: class org.apache.jmeter.report.processor.graph.impl.ResponseTimeDistributionGraphConsumer#stopProducing(): responseTimeDistribution produced 0 samples
2026-08-17 22:47:11,539 INFO o.a.j.r.p.AbstractSampleConsumer: class org.apache.jmeter.report.processor.graph.impl.TransactionsPerSecondGraphConsumer#stopProducing(): transactionsPerSecond produced 0 samples
2026-08-17 22:47:11,542 INFO o.a.j.r.p.AbstractSampleConsumer: class org.apache.jmeter.report.processor.graph.impl.ResponseTimePercentilesGraphConsumer#stopProducing(): responseTimePercentiles produced 0 samples
2026-08-17 22:47:11,545 INFO o.a.j.r.p.AbstractSampleConsumer: class org.apache.jmeter.report.processor.graph.impl.ResponseTimePercentilesOverTimeGraphConsumer#stopProducing(): responseTimePercentilesOverTime produced 0 samples
2026-08-17 22:47:11,547 INFO o.a.j.r.p.AbstractSampleConsumer: class org.apache.jmeter.report.processor.graph.impl.ResponseTimeOverTimeGraphConsumer#stopProducing(): responseTimesOverTime produced 0 samples
2026-08-17 22:47:11,547 INFO o.a.j.r.p.AbstractSampleConsumer: class org.apache.jmeter.report.processor.graph.impl.ConnectTimeOverTimeGraphConsumer#stopProducing(): connectTimeOverTime produced 0 samples
2026-08-17 22:47:11,547 INFO o.a.j.r.p.AbstractSampleConsumer: class org.apache.jmeter.report.processor.graph.impl.LatencyOverTimeGraphConsumer#stopProducing(): latenciesOverTime produced 0 samples
2026-08-17 22:47:11,547 INFO o.a.j.r.p.AbstractSampleConsumer: class org.apache.jmeter.report.processor.FilterConsumer#stopProducing(): nameFilter produced 1693515 samples
2026-08-17 22:47:11,547 INFO o.a.j.r.p.AbstractSampleConsumer: class org.apache.jmeter.report.processor.FilterConsumer#stopProducing(): dateRangeFilter produced 338703 samples
2026-08-17 22:47:11,547 INFO o.a.j.r.p.AbstractSampleConsumer: class org.apache.jmeter.report.processor.NormalizerSampleConsumer#stopProducing(): normalizer produced 112901 samples
2026-08-17 22:47:11,547 INFO o.a.j.r.p.CsvFileSampleSource: produce(): 112901 samples produced in 4s 248 ms on channel 0
2026-08-17 22:47:11,547 INFO o.a.j.r.d.ReportGenerator: Exporting data using exporter:'json' of className:'org.apache.jmeter.report.dashboard.JsonExporter'
2026-08-17 22:47:11,647 INFO o.a.j.r.d.JsonExporter: Found data for consumer statisticsSummary in context
2026-08-17 22:47:11,647 INFO o.a.j.r.d.JsonExporter: Creating statistics for overall
2026-08-17 22:47:11,648 INFO o.a.j.r.d.JsonExporter: Creating statistics for other transactions
2026-08-17 22:47:11,648 INFO o.a.j.r.d.JsonExporter: Checking output folder
2026-08-17 22:47:11,650 INFO o.a.j.r.d.JsonExporter: Writing statistics JSON to D:\Sem_9_25_26\Kiem_Thu_Phan_Mem\homework\software__testing\HW05\results\23127184_Stress_20260817_20260817-223704\report\statistics.json
2026-08-17 22:47:11,696 INFO o.a.j.r.d.ReportGenerator: Exporting data using exporter:'html' of className:'org.apache.jmeter.report.dashboard.HtmlTemplateExporter'
2026-08-17 22:47:11,699 INFO o.a.j.r.d.HtmlTemplateExporter: Will generate dashboard in folder: D:\Sem_9_25_26\Kiem_Thu_Phan_Mem\homework\software__testing\HW05\results\23127184_Stress_20260817_20260817-223704\report
2026-08-17 22:47:11,852 INFO o.a.j.r.d.HtmlTemplateExporter: Report will be generated in: D:\Sem_9_25_26\Kiem_Thu_Phan_Mem\homework\software__testing\HW05\results\23127184_Stress_20260817_20260817-223704\report, creating folder structure
2026-08-17 22:47:11,854 INFO o.a.j.r.d.TemplateVisitor: Copying folder from 'C:\Users\HP\scoop\apps\jmeter\current\bin\report-template' to 'D:\Sem_9_25_26\Kiem_Thu_Phan_Mem\homework\software__testing\HW05\results\23127184_Stress_20260817_20260817-223704\report', got message: D:\Sem_9_25_26\Kiem_Thu_Phan_Mem\homework\software__testing\HW05\results\23127184_Stress_20260817_20260817-223704\report, found non empty folder with following content [D:\Sem_9_25_26\Kiem_Thu_Phan_Mem\homework\software__testing\HW05\results\23127184_Stress_20260817_20260817-223704\report\statistics.json], will be ignored
2026-08-17 22:47:12,269 INFO o.a.j.JMeter: Dashboard generated
