2026-08-17 22:54:36,021 INFO o.a.j.u.JMeterUtils: Setting Locale to en_EN
2026-08-17 22:54:36,047 INFO o.a.j.JMeter: Loading user properties from: C:\Users\HP\scoop\apps\jmeter\current\bin\user.properties
2026-08-17 22:54:36,048 INFO o.a.j.JMeter: Loading system properties from: C:\Users\HP\scoop\apps\jmeter\current\bin\system.properties
2026-08-17 22:54:36,048 INFO o.a.j.JMeter: Setting JMeter property: data.dir=D:/Sem_9_25_26/Kiem_Thu_Phan_Mem/homework/software__testing/HW05/data
2026-08-17 22:54:36,057 INFO o.a.j.JMeter: Copyright (c) 1998-2024 The Apache Software Foundation
2026-08-17 22:54:36,057 INFO o.a.j.JMeter: Version 5.6.3
2026-08-17 22:54:36,057 INFO o.a.j.JMeter: java.version=21.0.12
2026-08-17 22:54:36,057 INFO o.a.j.JMeter: java.vm.name=OpenJDK 64-Bit Server VM
2026-08-17 22:54:36,059 INFO o.a.j.JMeter: os.name=Windows 11
2026-08-17 22:54:36,059 INFO o.a.j.JMeter: os.arch=amd64
2026-08-17 22:54:36,059 INFO o.a.j.JMeter: os.version=10.0
2026-08-17 22:54:36,059 INFO o.a.j.JMeter: file.encoding=UTF-8
2026-08-17 22:54:36,059 INFO o.a.j.JMeter: java.awt.headless=true
2026-08-17 22:54:36,059 INFO o.a.j.JMeter: Max memory     =1073741824
2026-08-17 22:54:36,059 INFO o.a.j.JMeter: Available Processors =8
2026-08-17 22:54:36,074 INFO o.a.j.JMeter: Default Locale=English (EN)
2026-08-17 22:54:36,074 INFO o.a.j.JMeter: JMeter  Locale=English (EN)
2026-08-17 22:54:36,074 INFO o.a.j.JMeter: JMeterHome=C:\Users\HP\scoop\apps\jmeter\current
2026-08-17 22:54:36,074 INFO o.a.j.JMeter: user.dir  =D:\Sem_9_25_26\Kiem_Thu_Phan_Mem\homework\software__testing\HW05
2026-08-17 22:54:36,074 INFO o.a.j.JMeter: PWD       =D:\Sem_9_25_26\Kiem_Thu_Phan_Mem\homework\software__testing\HW05
2026-08-17 22:54:36,083 INFO o.a.j.JMeter: IP: 192.168.100.82 Name: KieuDuyen FullName: KieuDuyen.lan
2026-08-17 22:54:36,099 INFO o.a.j.JMeter: Setting property 'jmeter.reportgenerator.outputdir' to:'D:\Sem_9_25_26\Kiem_Thu_Phan_Mem\homework\software__testing\HW05\results\23127184_Soak_20260817_20260817-225434\report'
2026-08-17 22:54:36,099 INFO o.a.j.s.FileServer: Default base='D:\Sem_9_25_26\Kiem_Thu_Phan_Mem\homework\software__testing\HW05'
2026-08-17 22:54:36,105 INFO o.a.j.s.FileServer: Set new base='D:\Sem_9_25_26\Kiem_Thu_Phan_Mem\homework\software__testing\HW05\test-plans'
2026-08-17 22:54:36,358 INFO o.a.j.s.SaveService: Testplan (JMX) version: 2.2. Testlog (JTL) version: 2.2
2026-08-17 22:54:36,414 INFO o.a.j.s.SaveService: Using SaveService properties version 5.0
2026-08-17 22:54:36,420 INFO o.a.j.s.SaveService: Using SaveService properties file encoding UTF-8
2026-08-17 22:54:36,425 INFO o.a.j.s.SaveService: Loading file: D:\Sem_9_25_26\Kiem_Thu_Phan_Mem\homework\software__testing\HW05\test-plans\23127184_Soak_20260817.jmx
2026-08-17 22:54:36,514 INFO o.a.j.p.h.s.HTTPSamplerBase: Parser for text/html is org.apache.jmeter.protocol.http.parser.LagartoBasedHtmlParser
2026-08-17 22:54:36,514 INFO o.a.j.p.h.s.HTTPSamplerBase: Parser for application/xhtml+xml is org.apache.jmeter.protocol.http.parser.LagartoBasedHtmlParser
2026-08-17 22:54:36,514 INFO o.a.j.p.h.s.HTTPSamplerBase: Parser for application/xml is org.apache.jmeter.protocol.http.parser.LagartoBasedHtmlParser
2026-08-17 22:54:36,514 INFO o.a.j.p.h.s.HTTPSamplerBase: Parser for text/xml is org.apache.jmeter.protocol.http.parser.LagartoBasedHtmlParser
2026-08-17 22:54:36,514 INFO o.a.j.p.h.s.HTTPSamplerBase: Parser for text/vnd.wap.wml is org.apache.jmeter.protocol.http.parser.RegexpHTMLParser
2026-08-17 22:54:36,527 INFO o.a.j.p.h.s.HTTPSamplerBase: Parser for text/css is org.apache.jmeter.protocol.http.parser.CssParser
2026-08-17 22:54:36,569 INFO o.a.j.JMeter: Creating summariser <summary>
2026-08-17 22:54:36,571 INFO o.a.j.r.d.ReportGenerator: ReportGenerator will use for Parsing the separator: ','
2026-08-17 22:54:36,571 INFO o.a.j.r.d.ReportGenerator: Will generate report at end of test from  results file: results\23127184_Soak_20260817_20260817-225434\result.jtl
2026-08-17 22:54:36,571 INFO o.a.j.r.d.ReportGenerator: Reading report generator properties from: C:\Users\HP\scoop\apps\jmeter\current\bin\reportgenerator.properties
2026-08-17 22:54:36,571 INFO o.a.j.r.d.ReportGenerator: Merging with JMeter properties
2026-08-17 22:54:36,575 INFO o.a.j.r.c.ReportGeneratorConfiguration: Property 'jmeter.reportgenerator.temp_dir' not found, using default value 'temp' instead.
2026-08-17 22:54:36,581 INFO o.a.j.r.c.ReportGeneratorConfiguration: Property 'jmeter.reportgenerator.apdex_per_transaction' not found, using default value 'null' instead.
2026-08-17 22:54:36,581 INFO o.a.j.r.c.ReportGeneratorConfiguration: apdex_per_transaction is empty, not APDEX per transaction customization
2026-08-17 22:54:36,581 INFO o.a.j.r.c.ReportGeneratorConfiguration: Property 'jmeter.reportgenerator.sample_filter' not found, using default value 'null' instead.
2026-08-17 22:54:36,581 INFO o.a.j.r.c.ReportGeneratorConfiguration: Property 'jmeter.reportgenerator.report_title' not found, using default value 'null' instead.
2026-08-17 22:54:36,581 INFO o.a.j.r.c.ReportGeneratorConfiguration: Property 'jmeter.reportgenerator.start_date' not found, using default value 'null' instead.
2026-08-17 22:54:36,581 INFO o.a.j.r.c.ReportGeneratorConfiguration: Property 'jmeter.reportgenerator.end_date' not found, using default value 'null' instead.
2026-08-17 22:54:36,581 INFO o.a.j.r.c.ReportGeneratorConfiguration: Property 'jmeter.reportgenerator.date_format' not found, using default value 'null' instead.
2026-08-17 22:54:36,583 INFO o.a.j.r.c.ReportGeneratorConfiguration: Will use date range start date: null, end date: null
2026-08-17 22:54:36,586 INFO o.a.j.r.c.ReportGeneratorConfiguration: Property 'jmeter.reportgenerator.graph.totalTPS.exclude_controllers' not found, using default value 'false' instead.
2026-08-17 22:54:36,586 INFO o.a.j.r.c.ReportGeneratorConfiguration: Property 'jmeter.reportgenerator.graph.activeThreadsOverTime.exclude_controllers' not found, using default value 'false' instead.
2026-08-17 22:54:36,586 INFO o.a.j.r.c.ReportGeneratorConfiguration: Property 'jmeter.reportgenerator.graph.timeVsThreads.exclude_controllers' not found, using default value 'false' instead.
2026-08-17 22:54:36,586 INFO o.a.j.r.c.ReportGeneratorConfiguration: Property 'jmeter.reportgenerator.graph.responseTimeDistribution.exclude_controllers' not found, using default value 'false' instead.
2026-08-17 22:54:36,586 INFO o.a.j.r.c.ReportGeneratorConfiguration: Property 'jmeter.reportgenerator.graph.transactionsPerSecond.exclude_controllers' not found, using default value 'false' instead.
2026-08-17 22:54:36,586 INFO o.a.j.r.c.ReportGeneratorConfiguration: Property 'jmeter.reportgenerator.graph.responseTimePercentiles.exclude_controllers' not found, using default value 'false' instead.
2026-08-17 22:54:36,586 INFO o.a.j.r.c.ReportGeneratorConfiguration: Property 'jmeter.reportgenerator.graph.responseTimePercentilesOverTime.exclude_controllers' not found, using default value 'false' instead.
2026-08-17 22:54:36,586 INFO o.a.j.r.c.ReportGeneratorConfiguration: Property 'jmeter.reportgenerator.graph.responseTimesOverTime.exclude_controllers' not found, using default value 'false' instead.
2026-08-17 22:54:36,586 INFO o.a.j.r.c.ReportGeneratorConfiguration: Property 'jmeter.reportgenerator.graph.connectTimeOverTime.exclude_controllers' not found, using default value 'false' instead.
2026-08-17 22:54:36,586 INFO o.a.j.r.c.ReportGeneratorConfiguration: Property 'jmeter.reportgenerator.graph.latenciesOverTime.exclude_controllers' not found, using default value 'false' instead.
2026-08-17 22:54:36,589 INFO o.a.j.r.c.ReportGeneratorConfiguration: Property 'jmeter.reportgenerator.exporter.json.filters_only_sample_series' not found, using default value 'true' instead.
2026-08-17 22:54:36,589 INFO o.a.j.r.c.ReportGeneratorConfiguration: Property 'jmeter.reportgenerator.exporter.json.series_filter' not found, using default value '' instead.
2026-08-17 22:54:36,589 INFO o.a.j.r.c.ReportGeneratorConfiguration: Property 'jmeter.reportgenerator.exporter.json.show_controllers_only' not found, using default value 'false' instead.
2026-08-17 22:54:36,589 INFO o.a.j.r.c.ReportGeneratorConfiguration: Property 'jmeter.reportgenerator.exporter.html.filters_only_sample_series' not found, using default value 'true' instead.
2026-08-17 22:54:36,589 INFO o.a.j.r.c.ReportGeneratorConfiguration: Property 'jmeter.reportgenerator.exporter.html.series_filter' not found, using default value '' instead.
2026-08-17 22:54:36,589 INFO o.a.j.r.c.ReportGeneratorConfiguration: Property 'jmeter.reportgenerator.exporter.html.show_controllers_only' not found, using default value 'false' instead.
2026-08-17 22:54:36,601 INFO o.a.j.e.StandardJMeterEngine: Running the test!
2026-08-17 22:54:36,603 INFO o.a.j.s.SampleEvent: List of sample_variables: []
2026-08-17 22:54:36,603 INFO o.a.j.s.SampleEvent: List of sample_variables: []
2026-08-17 22:54:36,608 INFO o.a.j.e.u.CompoundVariable: Note: Function class names must contain the string: '.functions.'
2026-08-17 22:54:36,608 INFO o.a.j.e.u.CompoundVariable: Note: Function class names must not contain the string: '.gui.'
2026-08-17 22:54:36,705 INFO o.a.j.r.ClassFinder: Will scan jar C:\Users\HP\scoop\apps\jmeter\current\lib\ext\jmeter-plugins-manager-1.12.jar with filter ExtendsClassFilter [parents=[interface org.apache.jmeter.functions.Function], inner=false, contains=null, notContains=null]. Consider exposing JMeter plugins via META-INF/services, and add JMeter-Skip-Class-Scanning=true manifest attribute so JMeter can skip classfile scanning
2026-08-17 22:54:36,837 INFO o.a.j.JMeter: Running test (1786982076837)
2026-08-17 22:54:36,854 INFO o.a.j.e.StandardJMeterEngine: Starting ThreadGroup: 1 : TG Soak (27 VU)
2026-08-17 22:54:36,854 INFO o.a.j.e.StandardJMeterEngine: Starting 27 threads for group TG Soak (27 VU).
2026-08-17 22:54:36,854 INFO o.a.j.e.StandardJMeterEngine: Thread will continue on error
2026-08-17 22:54:36,854 INFO o.a.j.t.ThreadGroup: Starting thread group... number=1 threads=27 ramp-up=54 delayedStart=false
2026-08-17 22:54:36,867 INFO o.a.j.s.SampleResult: Note: Sample TimeStamps are START times
2026-08-17 22:54:36,867 INFO o.a.j.s.SampleResult: sampleresult.default.encoding is set to UTF-8
2026-08-17 22:54:36,867 INFO o.a.j.s.SampleResult: sampleresult.useNanoTime=true
2026-08-17 22:54:36,867 INFO o.a.j.s.SampleResult: sampleresult.nanoThreadSleep=5000
2026-08-17 22:54:36,894 INFO o.a.j.t.ThreadGroup: Started thread group number 1
2026-08-17 22:54:36,896 INFO o.a.j.e.StandardJMeterEngine: All thread groups have been started
2026-08-17 22:54:36,949 INFO o.a.j.t.JMeterThread: Thread started: TG Soak (27 VU) 1-1
2026-08-17 22:54:36,954 INFO o.a.j.s.FileServer: Stored: D:/Sem_9_25_26/Kiem_Thu_Phan_Mem/homework/software__testing/HW05/data/order_payloads.csv
2026-08-17 22:54:36,969 INFO o.a.j.s.FileServer: Stored: D:/Sem_9_25_26/Kiem_Thu_Phan_Mem/homework/software__testing/HW05/data/search_keywords.csv
2026-08-17 22:54:36,969 INFO o.a.j.s.FileServer: Stored: D:/Sem_9_25_26/Kiem_Thu_Phan_Mem/homework/software__testing/HW05/data/credentials.csv
2026-08-17 22:54:37,629 INFO o.a.j.p.h.s.HTTPHCAbstractImpl: Local host = KieuDuyen
2026-08-17 22:54:37,640 INFO o.a.j.p.h.s.HTTPHC4Impl: HTTP request retry count = 0
2026-08-17 22:54:38,946 INFO o.a.j.t.JMeterThread: Thread started: TG Soak (27 VU) 1-2
2026-08-17 22:54:40,592 INFO o.a.j.u.JsseSSLManager: Using default SSL protocol: TLS
2026-08-17 22:54:40,592 INFO o.a.j.u.JsseSSLManager: SSL session context: per-thread
2026-08-17 22:54:40,940 INFO o.a.j.t.JMeterThread: Thread started: TG Soak (27 VU) 1-3
2026-08-17 22:54:42,937 INFO o.a.j.t.JMeterThread: Thread started: TG Soak (27 VU) 1-4
2026-08-17 22:54:44,937 INFO o.a.j.t.JMeterThread: Thread started: TG Soak (27 VU) 1-5
2026-08-17 22:54:46,934 INFO o.a.j.t.JMeterThread: Thread started: TG Soak (27 VU) 1-6
2026-08-17 22:54:48,933 INFO o.a.j.t.JMeterThread: Thread started: TG Soak (27 VU) 1-7
2026-08-17 22:54:50,933 INFO o.a.j.t.JMeterThread: Thread started: TG Soak (27 VU) 1-8
2026-08-17 22:54:52,931 INFO o.a.j.t.JMeterThread: Thread started: TG Soak (27 VU) 1-9
2026-08-17 22:54:54,930 INFO o.a.j.t.JMeterThread: Thread started: TG Soak (27 VU) 1-10
2026-08-17 22:54:56,930 INFO o.a.j.t.JMeterThread: Thread started: TG Soak (27 VU) 1-11
2026-08-17 22:54:58,930 INFO o.a.j.t.JMeterThread: Thread started: TG Soak (27 VU) 1-12
2026-08-17 22:55:00,003 INFO o.a.j.r.Summariser: summary +    278 in 00:00:23 =   12.0/s Avg:     5 Min:     1 Max:    40 Err:     0 (0.00%) Active: 12 Started: 12 Finished: 0
2026-08-17 22:55:00,927 INFO o.a.j.t.JMeterThread: Thread started: TG Soak (27 VU) 1-13
2026-08-17 22:55:02,925 INFO o.a.j.t.JMeterThread: Thread started: TG Soak (27 VU) 1-14
2026-08-17 22:55:04,925 INFO o.a.j.t.JMeterThread: Thread started: TG Soak (27 VU) 1-15
2026-08-17 22:55:06,923 INFO o.a.j.t.JMeterThread: Thread started: TG Soak (27 VU) 1-16
2026-08-17 22:55:08,922 INFO o.a.j.t.JMeterThread: Thread started: TG Soak (27 VU) 1-17
2026-08-17 22:55:10,922 INFO o.a.j.t.JMeterThread: Thread started: TG Soak (27 VU) 1-18
2026-08-17 22:55:12,920 INFO o.a.j.t.JMeterThread: Thread started: TG Soak (27 VU) 1-19
2026-08-17 22:55:14,917 INFO o.a.j.t.JMeterThread: Thread started: TG Soak (27 VU) 1-20
2026-08-17 22:55:16,915 INFO o.a.j.t.JMeterThread: Thread started: TG Soak (27 VU) 1-21
2026-08-17 22:55:18,915 INFO o.a.j.t.JMeterThread: Thread started: TG Soak (27 VU) 1-22
2026-08-17 22:55:20,914 INFO o.a.j.t.JMeterThread: Thread started: TG Soak (27 VU) 1-23
2026-08-17 22:55:22,912 INFO o.a.j.t.JMeterThread: Thread started: TG Soak (27 VU) 1-24
2026-08-17 22:55:24,911 INFO o.a.j.t.JMeterThread: Thread started: TG Soak (27 VU) 1-25
2026-08-17 22:55:26,912 INFO o.a.j.t.JMeterThread: Thread started: TG Soak (27 VU) 1-26
2026-08-17 22:55:28,909 INFO o.a.j.t.JMeterThread: Thread started: TG Soak (27 VU) 1-27
2026-08-17 22:55:30,046 INFO o.a.j.r.Summariser: summary +   1148 in 00:00:30 =   38.2/s Avg:     4 Min:     1 Max:    19 Err:     0 (0.00%) Active: 27 Started: 27 Finished: 0
2026-08-17 22:55:30,047 INFO o.a.j.r.Summariser: summary =   1426 in 00:00:53 =   26.8/s Avg:     4 Min:     1 Max:    40 Err:     0 (0.00%)
2026-08-17 22:56:00,018 INFO o.a.j.r.Summariser: summary +   1592 in 00:00:30 =   53.1/s Avg:     3 Min:     0 Max:    28 Err:     0 (0.00%) Active: 27 Started: 27 Finished: 0
2026-08-17 22:56:00,019 INFO o.a.j.r.Summariser: summary =   3018 in 00:01:23 =   36.3/s Avg:     4 Min:     0 Max:    40 Err:     0 (0.00%)
2026-08-17 22:56:30,026 INFO o.a.j.r.Summariser: summary +   1613 in 00:00:30 =   53.8/s Avg:     3 Min:     0 Max:    34 Err:     0 (0.00%) Active: 27 Started: 27 Finished: 0
2026-08-17 22:56:30,026 INFO o.a.j.r.Summariser: summary =   4631 in 00:01:53 =   40.9/s Avg:     3 Min:     0 Max:    40 Err:     0 (0.00%)
2026-08-17 22:57:00,010 INFO o.a.j.r.Summariser: summary +   1611 in 00:00:30 =   53.7/s Avg:     4 Min:     1 Max:    27 Err:     0 (0.00%) Active: 27 Started: 27 Finished: 0
2026-08-17 22:57:00,012 INFO o.a.j.r.Summariser: summary =   6242 in 00:02:23 =   43.6/s Avg:     3 Min:     0 Max:    40 Err:     0 (0.00%)
2026-08-17 22:57:30,006 INFO o.a.j.r.Summariser: summary +   1620 in 00:00:30 =   54.0/s Avg:     4 Min:     0 Max:    25 Err:     0 (0.00%) Active: 27 Started: 27 Finished: 0
2026-08-17 22:57:30,007 INFO o.a.j.r.Summariser: summary =   7862 in 00:02:53 =   45.4/s Avg:     4 Min:     0 Max:    40 Err:     0 (0.00%)
2026-08-17 22:58:00,004 INFO o.a.j.r.Summariser: summary +   1620 in 00:00:30 =   54.0/s Avg:     4 Min:     0 Max:    26 Err:     0 (0.00%) Active: 27 Started: 27 Finished: 0
2026-08-17 22:58:00,005 INFO o.a.j.r.Summariser: summary =   9482 in 00:03:23 =   46.7/s Avg:     4 Min:     0 Max:    40 Err:     0 (0.00%)
2026-08-17 22:58:30,088 INFO o.a.j.r.Summariser: summary +   1618 in 00:00:30 =   53.8/s Avg:     4 Min:     0 Max:    28 Err:     0 (0.00%) Active: 27 Started: 27 Finished: 0
2026-08-17 22:58:30,088 INFO o.a.j.r.Summariser: summary =  11100 in 00:03:53 =   47.6/s Avg:     4 Min:     0 Max:    40 Err:     0 (0.00%)
2026-08-17 22:59:00,002 INFO o.a.j.r.Summariser: summary +   1595 in 00:00:30 =   53.3/s Avg:     4 Min:     0 Max:    36 Err:     0 (0.00%) Active: 27 Started: 27 Finished: 0
2026-08-17 22:59:00,003 INFO o.a.j.r.Summariser: summary =  12695 in 00:04:23 =   48.2/s Avg:     4 Min:     0 Max:    40 Err:     0 (0.00%)
2026-08-17 22:59:30,029 INFO o.a.j.r.Summariser: summary +   1592 in 00:00:30 =   53.0/s Avg:     4 Min:     0 Max:    30 Err:     0 (0.00%) Active: 27 Started: 27 Finished: 0
2026-08-17 22:59:30,031 INFO o.a.j.r.Summariser: summary =  14287 in 00:04:53 =   48.7/s Avg:     4 Min:     0 Max:    40 Err:     0 (0.00%)
2026-08-17 23:00:00,050 INFO o.a.j.r.Summariser: summary +   1608 in 00:00:30 =   53.6/s Avg:     4 Min:     0 Max:    21 Err:     0 (0.00%) Active: 27 Started: 27 Finished: 0
2026-08-17 23:00:00,052 INFO o.a.j.r.Summariser: summary =  15895 in 00:05:23 =   49.2/s Avg:     4 Min:     0 Max:    40 Err:     0 (0.00%)
2026-08-17 23:00:30,005 INFO o.a.j.r.Summariser: summary +   1613 in 00:00:30 =   53.8/s Avg:     4 Min:     0 Max:    27 Err:     0 (0.00%) Active: 27 Started: 27 Finished: 0
2026-08-17 23:00:30,006 INFO o.a.j.r.Summariser: summary =  17508 in 00:05:53 =   49.6/s Avg:     4 Min:     0 Max:    40 Err:     0 (0.00%)
2026-08-17 23:01:00,002 INFO o.a.j.r.Summariser: summary +   1620 in 00:00:30 =   54.0/s Avg:     4 Min:     0 Max:    39 Err:     0 (0.00%) Active: 27 Started: 27 Finished: 0
2026-08-17 23:01:00,009 INFO o.a.j.r.Summariser: summary =  19128 in 00:06:23 =   49.9/s Avg:     4 Min:     0 Max:    40 Err:     0 (0.00%)
2026-08-17 23:01:30,001 INFO o.a.j.r.Summariser: summary +   1607 in 00:00:30 =   53.6/s Avg:     4 Min:     0 Max:    26 Err:     0 (0.00%) Active: 27 Started: 27 Finished: 0
2026-08-17 23:01:30,002 INFO o.a.j.r.Summariser: summary =  20735 in 00:06:53 =   50.2/s Avg:     4 Min:     0 Max:    40 Err:     0 (0.00%)
2026-08-17 23:02:00,048 INFO o.a.j.r.Summariser: summary +   1606 in 00:00:30 =   53.4/s Avg:     4 Min:     0 Max:    26 Err:     0 (0.00%) Active: 27 Started: 27 Finished: 0
2026-08-17 23:02:00,049 INFO o.a.j.r.Summariser: summary =  22341 in 00:07:23 =   50.4/s Avg:     4 Min:     0 Max:    40 Err:     0 (0.00%)
2026-08-17 23:02:30,038 INFO o.a.j.r.Summariser: summary +   1608 in 00:00:30 =   53.6/s Avg:     4 Min:     0 Max:    22 Err:     0 (0.00%) Active: 27 Started: 27 Finished: 0
2026-08-17 23:02:30,051 INFO o.a.j.r.Summariser: summary =  23949 in 00:07:53 =   50.6/s Avg:     4 Min:     0 Max:    40 Err:     0 (0.00%)
2026-08-17 23:03:00,009 INFO o.a.j.r.Summariser: summary +   1594 in 00:00:30 =   53.2/s Avg:     4 Min:     0 Max:    28 Err:     0 (0.00%) Active: 27 Started: 27 Finished: 0
2026-08-17 23:03:00,010 INFO o.a.j.r.Summariser: summary =  25543 in 00:08:23 =   50.8/s Avg:     4 Min:     0 Max:    40 Err:     0 (0.00%)
2026-08-17 23:03:30,006 INFO o.a.j.r.Summariser: summary +   1609 in 00:00:30 =   53.6/s Avg:     4 Min:     0 Max:    24 Err:     0 (0.00%) Active: 27 Started: 27 Finished: 0
2026-08-17 23:03:30,007 INFO o.a.j.r.Summariser: summary =  27152 in 00:08:53 =   50.9/s Avg:     4 Min:     0 Max:    40 Err:     0 (0.00%)
2026-08-17 23:04:00,009 INFO o.a.j.r.Summariser: summary +   1624 in 00:00:30 =   54.1/s Avg:     4 Min:     0 Max:    29 Err:     0 (0.00%) Active: 27 Started: 27 Finished: 0
2026-08-17 23:04:00,010 INFO o.a.j.r.Summariser: summary =  28776 in 00:09:23 =   51.1/s Avg:     4 Min:     0 Max:    40 Err:     0 (0.00%)
2026-08-17 23:04:30,029 INFO o.a.j.r.Summariser: summary +   1609 in 00:00:30 =   53.6/s Avg:     4 Min:     0 Max:    38 Err:     0 (0.00%) Active: 27 Started: 27 Finished: 0
2026-08-17 23:04:30,029 INFO o.a.j.r.Summariser: summary =  30385 in 00:09:53 =   51.2/s Avg:     4 Min:     0 Max:    40 Err:     0 (0.00%)
2026-08-17 23:05:00,016 INFO o.a.j.r.Summariser: summary +   1616 in 00:00:30 =   53.9/s Avg:     4 Min:     0 Max:    21 Err:     0 (0.00%) Active: 27 Started: 27 Finished: 0
2026-08-17 23:05:00,017 INFO o.a.j.r.Summariser: summary =  32001 in 00:10:23 =   51.4/s Avg:     4 Min:     0 Max:    40 Err:     0 (0.00%)
2026-08-17 23:05:30,017 INFO o.a.j.r.Summariser: summary +   1607 in 00:00:30 =   53.6/s Avg:     4 Min:     0 Max:    36 Err:     0 (0.00%) Active: 27 Started: 27 Finished: 0
2026-08-17 23:05:30,018 INFO o.a.j.r.Summariser: summary =  33608 in 00:10:53 =   51.5/s Avg:     4 Min:     0 Max:    40 Err:     0 (0.00%)
2026-08-17 23:06:00,001 INFO o.a.j.r.Summariser: summary +   1607 in 00:00:30 =   53.6/s Avg:     4 Min:     0 Max:    23 Err:     0 (0.00%) Active: 27 Started: 27 Finished: 0
2026-08-17 23:06:00,002 INFO o.a.j.r.Summariser: summary =  35215 in 00:11:23 =   51.5/s Avg:     4 Min:     0 Max:    40 Err:     0 (0.00%)
2026-08-17 23:06:30,008 INFO o.a.j.r.Summariser: summary +   1602 in 00:00:30 =   53.4/s Avg:     4 Min:     0 Max:    26 Err:     0 (0.00%) Active: 27 Started: 27 Finished: 0
2026-08-17 23:06:30,009 INFO o.a.j.r.Summariser: summary =  36817 in 00:11:53 =   51.6/s Avg:     4 Min:     0 Max:    40 Err:     0 (0.00%)
2026-08-17 23:07:00,009 INFO o.a.j.r.Summariser: summary +   1591 in 00:00:30 =   53.0/s Avg:     4 Min:     0 Max:    35 Err:     0 (0.00%) Active: 27 Started: 27 Finished: 0
2026-08-17 23:07:00,010 INFO o.a.j.r.Summariser: summary =  38408 in 00:12:23 =   51.7/s Avg:     4 Min:     0 Max:    40 Err:     0 (0.00%)
2026-08-17 23:07:30,033 INFO o.a.j.r.Summariser: summary +   1605 in 00:00:30 =   53.5/s Avg:     4 Min:     0 Max:    30 Err:     0 (0.00%) Active: 27 Started: 27 Finished: 0
2026-08-17 23:07:30,034 INFO o.a.j.r.Summariser: summary =  40013 in 00:12:53 =   51.8/s Avg:     4 Min:     0 Max:    40 Err:     0 (0.00%)
2026-08-17 23:08:00,009 INFO o.a.j.r.Summariser: summary +   1622 in 00:00:30 =   54.1/s Avg:     4 Min:     0 Max:    21 Err:     0 (0.00%) Active: 27 Started: 27 Finished: 0
2026-08-17 23:08:00,010 INFO o.a.j.r.Summariser: summary =  41635 in 00:13:23 =   51.8/s Avg:     4 Min:     0 Max:    40 Err:     0 (0.00%)
2026-08-17 23:08:30,043 INFO o.a.j.r.Summariser: summary +   1622 in 00:00:30 =   54.0/s Avg:     3 Min:     0 Max:    22 Err:     0 (0.00%) Active: 27 Started: 27 Finished: 0
2026-08-17 23:08:30,043 INFO o.a.j.r.Summariser: summary =  43257 in 00:13:53 =   51.9/s Avg:     4 Min:     0 Max:    40 Err:     0 (0.00%)
2026-08-17 23:09:00,023 INFO o.a.j.r.Summariser: summary +   1600 in 00:00:30 =   53.4/s Avg:     3 Min:     0 Max:    19 Err:     0 (0.00%) Active: 27 Started: 27 Finished: 0
2026-08-17 23:09:00,025 INFO o.a.j.r.Summariser: summary =  44857 in 00:14:23 =   52.0/s Avg:     4 Min:     0 Max:    40 Err:     0 (0.00%)
2026-08-17 23:09:30,020 INFO o.a.j.r.Summariser: summary +   1608 in 00:00:30 =   53.6/s Avg:     4 Min:     0 Max:    24 Err:     0 (0.00%) Active: 27 Started: 27 Finished: 0
2026-08-17 23:09:30,021 INFO o.a.j.r.Summariser: summary =  46465 in 00:14:53 =   52.0/s Avg:     4 Min:     0 Max:    40 Err:     0 (0.00%)
2026-08-17 23:10:00,009 INFO o.a.j.r.Summariser: summary +   1609 in 00:00:30 =   53.7/s Avg:     4 Min:     1 Max:    22 Err:     0 (0.00%) Active: 27 Started: 27 Finished: 0
2026-08-17 23:10:00,012 INFO o.a.j.r.Summariser: summary =  48074 in 00:15:23 =   52.1/s Avg:     4 Min:     0 Max:    40 Err:     0 (0.00%)
2026-08-17 23:10:30,002 INFO o.a.j.r.Summariser: summary +   1609 in 00:00:30 =   53.6/s Avg:     3 Min:     0 Max:    22 Err:     0 (0.00%) Active: 27 Started: 27 Finished: 0
2026-08-17 23:10:30,002 INFO o.a.j.r.Summariser: summary =  49683 in 00:15:53 =   52.1/s Avg:     4 Min:     0 Max:    40 Err:     0 (0.00%)
2026-08-17 23:10:30,242 INFO o.a.j.t.JMeterThread: Thread finished: TG Soak (27 VU) 1-8
2026-08-17 23:10:30,328 INFO o.a.j.t.JMeterThread: Thread finished: TG Soak (27 VU) 1-9
2026-08-17 23:10:30,380 INFO o.a.j.t.JMeterThread: Thread finished: TG Soak (27 VU) 1-24
2026-08-17 23:10:30,405 INFO o.a.j.t.JMeterThread: Thread finished: TG Soak (27 VU) 1-15
2026-08-17 23:10:30,438 INFO o.a.j.t.JMeterThread: Thread finished: TG Soak (27 VU) 1-25
2026-08-17 23:10:30,477 INFO o.a.j.t.JMeterThread: Thread finished: TG Soak (27 VU) 1-5
2026-08-17 23:10:30,520 INFO o.a.j.t.JMeterThread: Thread finished: TG Soak (27 VU) 1-2
2026-08-17 23:10:30,521 INFO o.a.j.t.JMeterThread: Thread finished: TG Soak (27 VU) 1-3
2026-08-17 23:10:30,527 INFO o.a.j.t.JMeterThread: Thread finished: TG Soak (27 VU) 1-4
2026-08-17 23:10:30,533 INFO o.a.j.t.JMeterThread: Thread finished: TG Soak (27 VU) 1-18
2026-08-17 23:10:30,553 INFO o.a.j.t.JMeterThread: Thread finished: TG Soak (27 VU) 1-19
2026-08-17 23:10:30,556 INFO o.a.j.t.JMeterThread: Thread finished: TG Soak (27 VU) 1-21
2026-08-17 23:10:30,612 INFO o.a.j.t.JMeterThread: Thread finished: TG Soak (27 VU) 1-23
2026-08-17 23:10:30,623 INFO o.a.j.t.JMeterThread: Thread finished: TG Soak (27 VU) 1-7
2026-08-17 23:10:30,625 INFO o.a.j.t.JMeterThread: Thread finished: TG Soak (27 VU) 1-13
2026-08-17 23:10:30,637 INFO o.a.j.t.JMeterThread: Thread finished: TG Soak (27 VU) 1-12
2026-08-17 23:10:30,652 INFO o.a.j.t.JMeterThread: Thread finished: TG Soak (27 VU) 1-1
2026-08-17 23:10:30,679 INFO o.a.j.t.JMeterThread: Thread finished: TG Soak (27 VU) 1-26
2026-08-17 23:10:30,707 INFO o.a.j.t.JMeterThread: Thread finished: TG Soak (27 VU) 1-14
2026-08-17 23:10:30,707 INFO o.a.j.t.JMeterThread: Thread finished: TG Soak (27 VU) 1-16
2026-08-17 23:10:30,723 INFO o.a.j.t.JMeterThread: Thread finished: TG Soak (27 VU) 1-6
2026-08-17 23:10:30,729 INFO o.a.j.t.JMeterThread: Thread finished: TG Soak (27 VU) 1-10
2026-08-17 23:10:30,798 INFO o.a.j.t.JMeterThread: Thread finished: TG Soak (27 VU) 1-11
2026-08-17 23:10:30,824 INFO o.a.j.t.JMeterThread: Thread finished: TG Soak (27 VU) 1-27
2026-08-17 23:10:30,831 INFO o.a.j.t.JMeterThread: Thread finished: TG Soak (27 VU) 1-22
2026-08-17 23:10:30,833 INFO o.a.j.t.JMeterThread: Thread finished: TG Soak (27 VU) 1-20
2026-08-17 23:10:30,858 INFO o.a.j.t.JMeterThread: Thread finished: TG Soak (27 VU) 1-17
2026-08-17 23:10:30,860 INFO o.a.j.e.StandardJMeterEngine: Notifying test listeners of end of test
2026-08-17 23:10:30,860 INFO o.a.j.s.FileServer: Close: D:/Sem_9_25_26/Kiem_Thu_Phan_Mem/homework/software__testing/HW05/data/search_keywords.csv
2026-08-17 23:10:30,861 INFO o.a.j.s.FileServer: Close: D:/Sem_9_25_26/Kiem_Thu_Phan_Mem/homework/software__testing/HW05/data/order_payloads.csv
2026-08-17 23:10:30,861 INFO o.a.j.s.FileServer: Close: D:/Sem_9_25_26/Kiem_Thu_Phan_Mem/homework/software__testing/HW05/data/credentials.csv
2026-08-17 23:10:30,861 INFO o.a.j.r.Summariser: summary +     44 in 00:00:01 =   51.2/s Avg:     4 Min:     1 Max:    15 Err:     0 (0.00%) Active: 0 Started: 27 Finished: 27
2026-08-17 23:10:30,865 INFO o.a.j.r.Summariser: summary =  49727 in 00:15:54 =   52.1/s Avg:     4 Min:     0 Max:    40 Err:     0 (0.00%)
2026-08-17 23:10:30,865 INFO o.a.j.JMeter: Generating Dashboard
2026-08-17 23:10:30,865 INFO o.a.j.r.d.ReportGenerator: Flushing result collector before report Generation
2026-08-17 23:10:30,896 INFO o.a.j.r.p.NormalizerSampleConsumer: Using format, 'ms', to parse timeStamp field
2026-08-17 23:10:32,532 INFO o.a.j.r.p.AbstractSampleConsumer: class org.apache.jmeter.report.processor.AggregateConsumer#stopProducing(): beginDate produced 0 samples
2026-08-17 23:10:32,532 INFO o.a.j.r.p.AbstractSampleConsumer: class org.apache.jmeter.report.processor.AggregateConsumer#stopProducing(): endDate produced 0 samples
2026-08-17 23:10:32,535 INFO o.a.j.r.p.AbstractSampleConsumer: class org.apache.jmeter.report.processor.ApdexSummaryConsumer#stopProducing(): apdexSummary produced 0 samples
2026-08-17 23:10:32,535 INFO o.a.j.r.p.AbstractSampleConsumer: class org.apache.jmeter.report.processor.RequestsSummaryConsumer#stopProducing(): requestsSummary produced 0 samples
2026-08-17 23:10:32,554 INFO o.a.j.r.p.AbstractSampleConsumer: class org.apache.jmeter.report.processor.StatisticsSummaryConsumer#stopProducing(): statisticsSummary produced 0 samples
2026-08-17 23:10:32,559 INFO o.a.j.r.p.AbstractSampleConsumer: class org.apache.jmeter.report.processor.Top5ErrorsBySamplerConsumer#stopProducing(): top5ErrorsBySampler produced 0 samples
2026-08-17 23:10:32,559 INFO o.a.j.r.p.AbstractSampleConsumer: class org.apache.jmeter.report.processor.ErrorsSummaryConsumer#stopProducing(): errorsSummary produced 0 samples
2026-08-17 23:10:32,559 INFO o.a.j.r.p.AbstractSampleConsumer: class org.apache.jmeter.report.processor.graph.impl.HitsPerSecondGraphConsumer#stopProducing(): hitsPerSecond produced 0 samples
2026-08-17 23:10:32,999 INFO o.a.j.r.p.AbstractSampleConsumer: class org.apache.jmeter.report.processor.graph.impl.LatencyVSRequestGraphConsumer#stopProducing(): latencyVsRequest produced 0 samples
2026-08-17 23:10:33,001 INFO o.a.j.r.p.AbstractSampleConsumer: class org.apache.jmeter.report.processor.graph.impl.SyntheticResponseTimeDistributionGraphConsumer#stopProducing(): syntheticResponseTimeDistribution produced 0 samples
2026-08-17 23:10:33,003 INFO o.a.j.r.p.AbstractSampleConsumer: class org.apache.jmeter.report.processor.graph.impl.BytesThroughputGraphConsumer#stopProducing(): bytesThroughputOverTime produced 0 samples
2026-08-17 23:10:33,003 INFO o.a.j.r.p.AbstractSampleConsumer: class org.apache.jmeter.report.processor.graph.impl.CodesPerSecondGraphConsumer#stopProducing(): codesPerSecond produced 0 samples
2026-08-17 23:10:33,331 INFO o.a.j.r.p.AbstractSampleConsumer: class org.apache.jmeter.report.processor.graph.impl.ResponseTimeVSRequestGraphConsumer#stopProducing(): responseTimeVsRequest produced 0 samples
2026-08-17 23:10:33,331 INFO o.a.j.r.p.AbstractSampleConsumer: class org.apache.jmeter.report.processor.FilterConsumer#stopProducing(): startIntervalControlerFilter produced 348089 samples
2026-08-17 23:10:33,339 INFO o.a.j.r.p.AbstractSampleConsumer: class org.apache.jmeter.report.processor.graph.impl.TotalTPSGraphConsumer#stopProducing(): totalTPS produced 0 samples
2026-08-17 23:10:33,339 INFO o.a.j.r.p.AbstractSampleConsumer: class org.apache.jmeter.report.processor.graph.impl.ActiveThreadsGraphConsumer#stopProducing(): activeThreadsOverTime produced 0 samples
2026-08-17 23:10:33,339 INFO o.a.j.r.p.AbstractSampleConsumer: class org.apache.jmeter.report.processor.graph.impl.TimeVSThreadGraphConsumer#stopProducing(): timeVsThreads produced 0 samples
2026-08-17 23:10:33,339 INFO o.a.j.r.p.AbstractSampleConsumer: class org.apache.jmeter.report.processor.graph.impl.ResponseTimeDistributionGraphConsumer#stopProducing(): responseTimeDistribution produced 0 samples
2026-08-17 23:10:33,339 INFO o.a.j.r.p.AbstractSampleConsumer: class org.apache.jmeter.report.processor.graph.impl.TransactionsPerSecondGraphConsumer#stopProducing(): transactionsPerSecond produced 0 samples
2026-08-17 23:10:33,339 INFO o.a.j.r.p.AbstractSampleConsumer: class org.apache.jmeter.report.processor.graph.impl.ResponseTimePercentilesGraphConsumer#stopProducing(): responseTimePercentiles produced 0 samples
2026-08-17 23:10:33,344 INFO o.a.j.r.p.AbstractSampleConsumer: class org.apache.jmeter.report.processor.graph.impl.ResponseTimePercentilesOverTimeGraphConsumer#stopProducing(): responseTimePercentilesOverTime produced 0 samples
2026-08-17 23:10:33,347 INFO o.a.j.r.p.AbstractSampleConsumer: class org.apache.jmeter.report.processor.graph.impl.ResponseTimeOverTimeGraphConsumer#stopProducing(): responseTimesOverTime produced 0 samples
2026-08-17 23:10:33,347 INFO o.a.j.r.p.AbstractSampleConsumer: class org.apache.jmeter.report.processor.graph.impl.ConnectTimeOverTimeGraphConsumer#stopProducing(): connectTimeOverTime produced 0 samples
2026-08-17 23:10:33,347 INFO o.a.j.r.p.AbstractSampleConsumer: class org.apache.jmeter.report.processor.graph.impl.LatencyOverTimeGraphConsumer#stopProducing(): latenciesOverTime produced 0 samples
2026-08-17 23:10:33,347 INFO o.a.j.r.p.AbstractSampleConsumer: class org.apache.jmeter.report.processor.FilterConsumer#stopProducing(): nameFilter produced 894990 samples
2026-08-17 23:10:33,347 INFO o.a.j.r.p.AbstractSampleConsumer: class org.apache.jmeter.report.processor.FilterConsumer#stopProducing(): dateRangeFilter produced 178998 samples
2026-08-17 23:10:33,347 INFO o.a.j.r.p.AbstractSampleConsumer: class org.apache.jmeter.report.processor.NormalizerSampleConsumer#stopProducing(): normalizer produced 59666 samples
2026-08-17 23:10:33,349 INFO o.a.j.r.p.CsvFileSampleSource: produce(): 59666 samples produced in 2s 411 ms on channel 0
2026-08-17 23:10:33,349 INFO o.a.j.r.d.ReportGenerator: Exporting data using exporter:'json' of className:'org.apache.jmeter.report.dashboard.JsonExporter'
2026-08-17 23:10:33,425 INFO o.a.j.r.d.JsonExporter: Found data for consumer statisticsSummary in context
2026-08-17 23:10:33,425 INFO o.a.j.r.d.JsonExporter: Creating statistics for overall
2026-08-17 23:10:33,425 INFO o.a.j.r.d.JsonExporter: Creating statistics for other transactions
2026-08-17 23:10:33,425 INFO o.a.j.r.d.JsonExporter: Checking output folder
2026-08-17 23:10:33,425 INFO o.a.j.r.d.JsonExporter: Writing statistics JSON to D:\Sem_9_25_26\Kiem_Thu_Phan_Mem\homework\software__testing\HW05\results\23127184_Soak_20260817_20260817-225434\report\statistics.json
2026-08-17 23:10:33,483 INFO o.a.j.r.d.ReportGenerator: Exporting data using exporter:'html' of className:'org.apache.jmeter.report.dashboard.HtmlTemplateExporter'
2026-08-17 23:10:33,483 INFO o.a.j.r.d.HtmlTemplateExporter: Will generate dashboard in folder: D:\Sem_9_25_26\Kiem_Thu_Phan_Mem\homework\software__testing\HW05\results\23127184_Soak_20260817_20260817-225434\report
2026-08-17 23:10:33,652 INFO o.a.j.r.d.HtmlTemplateExporter: Report will be generated in: D:\Sem_9_25_26\Kiem_Thu_Phan_Mem\homework\software__testing\HW05\results\23127184_Soak_20260817_20260817-225434\report, creating folder structure
2026-08-17 23:10:33,652 INFO o.a.j.r.d.TemplateVisitor: Copying folder from 'C:\Users\HP\scoop\apps\jmeter\current\bin\report-template' to 'D:\Sem_9_25_26\Kiem_Thu_Phan_Mem\homework\software__testing\HW05\results\23127184_Soak_20260817_20260817-225434\report', got message: D:\Sem_9_25_26\Kiem_Thu_Phan_Mem\homework\software__testing\HW05\results\23127184_Soak_20260817_20260817-225434\report, found non empty folder with following content [D:\Sem_9_25_26\Kiem_Thu_Phan_Mem\homework\software__testing\HW05\results\23127184_Soak_20260817_20260817-225434\report\statistics.json], will be ignored
2026-08-17 23:10:33,990 INFO o.a.j.JMeter: Dashboard generated
